Component: ARM Compiler 5.06 update 6 (build 750) Tool: armlink [4d35ed]

==============================================================================

Section Cross References

    main.o(.text) refers to code.o(.text) for Sem_thread
    main.o(.text) refers to pin.o(.text) for rt_pin_mode
    main.o(.text) refers to kservice.o(.text) for rt_kprintf
    main.o(.text) refers to thread.o(.text) for rt_thread_mdelay
    main.o(FSymTab) refers to main.o(.rodata.name) for __fsym___cmd_led_name
    main.o(FSymTab) refers to main.o(.text) for led
    code.o(.text) refers to kservice.o(.text) for rt_kprintf
    code.o(.text) refers to thread.o(.text) for rt_thread_mdelay
    code.o(.text) refers to timer.o(.text) for rt_timer_stop
    code.o(.text) refers to ipc.o(.text) for rt_sem_take
    code.o(.text) refers to code.o(.data) for tid1
    code.o(.text) refers to code.o(.bss) for thread2_stack
    code.o(FSymTab) refers to code.o(.rodata.name) for __fsym___cmd_My_thread_name
    code.o(FSymTab) refers to code.o(.text) for My_thread
    board.o(.text) refers to stm32f1xx_hal_cortex.o(.text) for HAL_NVIC_SetPriorityGrouping
    board.o(.text) refers to stm32f1xx_hal_rcc.o(.text) for HAL_RCC_OscConfig
    board.o(.text) refers to kservice.o(.text) for rt_assert_handler
    board.o(.text) refers to irq.o(.text) for rt_interrupt_enter
    board.o(.text) refers to stm32f1xx_hal.o(.text) for HAL_IncTick
    board.o(.text) refers to clock.o(.text) for rt_tick_increase
    board.o(.text) refers to mem.o(.text) for rt_system_heap_init
    board.o(.text) refers to components.o(.text) for rt_components_board_init
    board.o(.text) refers to board.o(.constdata) for __FUNCTION__
    board.o(.text) refers to board.o(.conststring) for .conststring
    drv_gpio.o(.text) refers to stm32f1xx_hal_gpio.o(.text) for HAL_GPIO_WritePin
    drv_gpio.o(.text) refers to context_rvds.o(.text) for rt_hw_interrupt_disable
    drv_gpio.o(.text) refers to stm32f1xx_hal_cortex.o(.text) for HAL_NVIC_SetPriority
    drv_gpio.o(.text) refers to drv_gpio.o(.constdata) for pins
    drv_gpio.o(.text) refers to drv_gpio.o(.data) for pin_irq_hdr_tab
    drv_gpio.o(.text) refers to pin.o(.text) for rt_device_pin_register
    drv_gpio.o(.text) refers to irq.o(.text) for rt_interrupt_enter
    drv_gpio.o(.constdata) refers to drv_gpio.o(.text) for GPIOE_CLK_ENABLE
    drv_gpio.o(.rti_fn.1) refers to drv_gpio.o(.text) for rt_hw_pin_init
    drv_usart.o(.text) refers to kservice.o(.text) for rt_assert_handler
    drv_usart.o(.text) refers to stm32f1xx_hal_uart.o(.text) for HAL_UART_Init
    drv_usart.o(.text) refers to serial.o(.text) for rt_hw_serial_isr
    drv_usart.o(.text) refers to irq.o(.text) for rt_interrupt_enter
    drv_usart.o(.text) refers to stm32f1xx_hal_gpio.o(.text) for HAL_GPIO_Init
    drv_usart.o(.text) refers to stm32f1xx_hal_cortex.o(.text) for HAL_NVIC_SetPriority
    drv_usart.o(.text) refers to drv_usart.o(.constdata) for __FUNCTION__
    drv_usart.o(.text) refers to drv_usart.o(.bss) for serial1
    drv_usart.o(.text) refers to drv_usart.o(.data) for uart1
    drv_usart.o(.constdata) refers to drv_usart.o(.text) for stm32_configure
    drv_usart.o(.rti_fn.1) refers to drv_usart.o(.text) for rt_hw_usart_init
    system_stm32f1xx.o(.text) refers to system_stm32f1xx.o(.data) for SystemCoreClock
    system_stm32f1xx.o(.text) refers to system_stm32f1xx.o(.constdata) for AHBPrescTable
    stm32f1xx_hal_gpio.o(.text) refers to drv_gpio.o(.text) for HAL_GPIO_EXTI_Callback
    stm32f1xx_hal_flash.o(.text) refers to stm32f1xx_hal.o(.text) for HAL_GetTick
    stm32f1xx_hal_flash.o(.text) refers to llushr.o(.text) for __aeabi_llsr
    stm32f1xx_hal_flash.o(.text) refers to stm32f1xx_hal_flash_ex.o(.text) for FLASH_PageErase
    stm32f1xx_hal_flash.o(.text) refers to stm32f1xx_hal_flash.o(.bss) for pFlash
    stm32f1xx_hal_flash.o(.text) refers to stm32f1xx_hal_cortex.o(.text) for HAL_NVIC_SystemReset
    stm32f1xx_hal_flash_ex.o(.text) refers to stm32f1xx_hal_flash.o(.text) for FLASH_WaitForLastOperation
    stm32f1xx_hal_flash_ex.o(.text) refers to stm32f1xx_hal_flash.o(.bss) for pFlash
    stm32f1xx_hal_dma.o(.text) refers to stm32f1xx_hal.o(.text) for HAL_GetTick
    stm32f1xx_hal_rcc.o(.text) refers to stm32f1xx_hal.o(.text) for HAL_GetTick
    stm32f1xx_hal_rcc.o(.text) refers to system_stm32f1xx.o(.data) for SystemCoreClock
    stm32f1xx_hal_rcc.o(.text) refers to stm32f1xx_hal_gpio.o(.text) for HAL_GPIO_Init
    stm32f1xx_hal_rcc.o(.text) refers to system_stm32f1xx.o(.constdata) for AHBPrescTable
    stm32f1xx_hal_rcc_ex.o(.text) refers to stm32f1xx_hal.o(.text) for HAL_GetTick
    stm32f1xx_hal_rcc_ex.o(.text) refers to stm32f1xx_hal_rcc.o(.text) for HAL_RCC_GetSysClockFreq
    stm32f1xx_hal_tim.o(.text) refers to stm32f1xx_hal_dma.o(.text) for HAL_DMA_Start_IT
    stm32f1xx_hal_tim.o(.text) refers to stm32f1xx_hal_tim_ex.o(.text) for HAL_TIMEx_BreakCallback
[...]
    __rt_final_cpp                           0x08000141   Thumb Code     0  entry10a.o(.ARM.Collect$$$$0000000D)
    __rt_final_exit                          0x08000141   Thumb Code     0  entry11a.o(.ARM.Collect$$$$0000000F)
    $Super$$main                             0x08000145   Thumb Code    10  main.o(.text)
    led                                      0x0800014f   Thumb Code    72  main.o(.text)
    My_thread                                0x080001f1   Thumb Code    84  code.o(.text)
    Time_thread                              0x0800028d   Thumb Code    84  code.o(.text)
    Timer_thread                             0x0800031d   Thumb Code    74  code.o(.text)
    Sem_thread                               0x08000415   Thumb Code   144  code.o(.text)
    HAL_MspInit                              0x08000739   Thumb Code   140  board.o(.text)
    SystemClock_Config                       0x080007c5   Thumb Code   130  board.o(.text)
    SysTick_Handler                          0x08000847   Thumb Code    20  board.o(.text)
    rt_hw_board_init                         0x0800085b   Thumb Code    30  board.o(.text)
    NMI_Handler                              0x080008c9   Thumb Code     2  stm32f1xx_it.o(.text)
    MemManage_Handler                        0x080008cb   Thumb Code     4  stm32f1xx_it.o(.text)
    BusFault_Handler                         0x080008cf   Thumb Code     4  stm32f1xx_it.o(.text)
    UsageFault_Handler                       0x080008d3   Thumb Code     4  stm32f1xx_it.o(.text)
    DebugMon_Handler                         0x080008d7   Thumb Code     2  stm32f1xx_it.o(.text)
    get_pin                                  0x080009b9   Thumb Code    26  drv_gpio.o(.text)
    stm32_pin_write                          0x080009d3   Thumb Code    40  drv_gpio.o(.text)
    stm32_pin_read                           0x080009fb   Thumb Code    42  drv_gpio.o(.text)
    stm32_pin_mode                           0x08000a25   Thumb Code   120  drv_gpio.o(.text)
    stm32_pin_attach_irq                     0x08000abb   Thumb Code   216  drv_gpio.o(.text)
    stm32_pin_dettach_irq                    0x08000b93   Thumb Code   134  drv_gpio.o(.text)
    stm32_pin_irq_enable                     0x08000c19   Thumb Code   288  drv_gpio.o(.text)
    rt_hw_pin_init                           0x08000d39   Thumb Code    18  drv_gpio.o(.text)
    HAL_GPIO_EXTI_Callback                   0x08000d4b   Thumb Code    54  drv_gpio.o(.text)
    EXTI0_IRQHandler                         0x08000d81   Thumb Code    18  drv_gpio.o(.text)
    EXTI1_IRQHandler                         0x08000d93   Thumb Code    18  drv_gpio.o(.text)
    EXTI2_IRQHandler                         0x08000da5   Thumb Code    18  drv_gpio.o(.text)
    EXTI3_IRQHandler                         0x08000db7   Thumb Code    18  drv_gpio.o(.text)
    EXTI4_IRQHandler                         0x08000dc9   Thumb Code    18  drv_gpio.o(.text)
    EXTI9_5_IRQHandler                       0x08000ddb   Thumb Code    46  drv_gpio.o(.text)
    EXTI15_10_IRQHandler                     0x08000e09   Thumb Code    60  drv_gpio.o(.text)
    USART1_IRQHandler                        0x0800100f   Thumb Code    18  drv_usart.o(.text)
    rt_hw_usart_init                         0x08001053   Thumb Code    58  drv_usart.o(.text)
    HAL_UART_MspInit                         0x0800108d   Thumb Code   366  drv_usart.o(.text)
    HAL_UART_MspDeInit                       0x080011fb   Thumb Code   280  drv_usart.o(.text)
    SystemInit                               0x08001321   Thumb Code    70  system_stm32f1xx.o(.text)
    SystemCoreClockUpdate                    0x08001367   Thumb Code   142  system_stm32f1xx.o(.text)
    HAL_GPIO_Init                            0x08001415   Thumb Code   790  stm32f1xx_hal_gpio.o(.text)
    HAL_GPIO_DeInit                          0x0800172b   Thumb Code   312  stm32f1xx_hal_gpio.o(.text)
    HAL_GPIO_ReadPin                         0x08001863   Thumb Code    16  stm32f1xx_hal_gpio.o(.text)
    HAL_GPIO_WritePin                        0x08001873   Thumb Code    12  stm32f1xx_hal_gpio.o(.text)
    HAL_GPIO_TogglePin                       0x0800187f   Thumb Code     8  stm32f1xx_hal_gpio.o(.text)
    HAL_GPIO_LockPin                         0x08001887   Thumb Code    46  stm32f1xx_hal_gpio.o(.text)
    HAL_GPIO_EXTI_IRQHandler                 0x080018b7   Thumb Code    28  stm32f1xx_hal_gpio.o(.text)
    HAL_DMA_Init                             0x080018fd   Thumb Code   140  stm32f1xx_hal_dma.o(.text)
    HAL_DMA_DeInit                           0x08001989   Thumb Code   124  stm32f1xx_hal_dma.o(.text)
    HAL_DMA_Start                            0x08001a31   Thumb Code   114  stm32f1xx_hal_dma.o(.text)
    HAL_DMA_Start_IT                         0x08001aa3   Thumb Code   156  stm32f1xx_hal_dma.o(.text)
    HAL_DMA_Abort                            0x08001b3f   Thumb Code    58  stm32f1xx_hal_dma.o(.text)
    HAL_DMA_Abort_IT                         0x08001b79   Thumb Code   422  stm32f1xx_hal_dma.o(.text)
    HAL_DMA_PollForTransfer                  0x08001d1f   Thumb Code  1614  stm32f1xx_hal_dma.o(.text)
    HAL_DMA_IRQHandler                       0x0800236d   Thumb Code   922  stm32f1xx_hal_dma.o(.text)
    HAL_DMA_RegisterCallback                 0x08002707   Thumb Code    90  stm32f1xx_hal_dma.o(.text)
    HAL_DMA_UnRegisterCallback               0x08002761   Thumb Code   106  stm32f1xx_hal_dma.o(.text)
    HAL_DMA_GetState                         0x080027cb   Thumb Code     8  stm32f1xx_hal_dma.o(.text)
    HAL_DMA_GetError                         0x080027d3   Thumb Code     6  stm32f1xx_hal_dma.o(.text)
    HAL_NVIC_SetPriorityGrouping             0x08002801   Thumb Code    36  stm32f1xx_hal_cortex.o(.text)
    HAL_NVIC_SetPriority                     0x08002825   Thumb Code   124  stm32f1xx_hal_cortex.o(.text)
    HAL_NVIC_EnableIRQ                       0x080028a1   Thumb Code    26  stm32f1xx_hal_cortex.o(.text)
    HAL_NVIC_DisableIRQ                      0x080028bb   Thumb Code    22  stm32f1xx_hal_cortex.o(.text)
    HAL_NVIC_SystemReset                     0x080028d1   Thumb Code    64  stm32f1xx_hal_cortex.o(.text)
    HAL_SYSTICK_Config                       0x08002911   Thumb Code    52  stm32f1xx_hal_cortex.o(.text)
    HAL_NVIC_GetPriorityGrouping             0x08002945   Thumb Code     8  stm32f1xx_hal_cortex.o(.text)
    HAL_NVIC_GetPriority                     0x0800294d   Thumb Code   138  stm32f1xx_hal_cortex.o(.text)
    HAL_NVIC_SetPendingIRQ                   0x080029d7   Thumb Code    24  stm32f1xx_hal_cortex.o(.text)
    HAL_NVIC_GetPendingIRQ                   0x080029ef   Thumb Code    38  stm32f1xx_hal_cortex.o(.text)
    HAL_NVIC_ClearPendingIRQ                 0x08002a15   Thumb Code    22  stm32f1xx_hal_cortex.o(.text)
    HAL_NVIC_GetActive                       0x08002a2b   Thumb Code    38  stm32f1xx_hal_cortex.o(.text)
    HAL_SYSTICK_CLKSourceConfig              0x08002a51   Thumb Code    40  stm32f1xx_hal_cortex.o(.text)
    HAL_SYSTICK_Callback                     0x08002a79   Thumb Code     2  stm32f1xx_hal_cortex.o(.text)
    HAL_SYSTICK_IRQHandler                   0x08002a7b   Thumb Code     8  stm32f1xx_hal_cortex.o(.text)
    HAL_RCC_DeInit                           0x08002aa5   Thumb Code    64  stm32f1xx_hal_rcc.o(.text)
    HAL_RCC_OscConfig                        0x08002b09   Thumb Code  1090  stm32f1xx_hal_rcc.o(.text)
    HAL_RCC_GetSysClockFreq                  0x08002f4b   Thumb Code   118  stm32f1xx_hal_rcc.o(.text)
    HAL_RCC_ClockConfig                      0x08002fc1   Thumb Code   402  stm32f1xx_hal_rcc.o(.text)
    HAL_RCC_MCOConfig                        0x08003153   Thumb Code    92  stm32f1xx_hal_rcc.o(.text)
    HAL_RCC_EnableCSS                        0x080031af   Thumb Code     8  stm32f1xx_hal_rcc.o(.text)
    HAL_RCC_DisableCSS                       0x080031b7   Thumb Code     8  stm32f1xx_hal_rcc.o(.text)
    HAL_RCC_GetHCLKFreq                      0x080031bf   Thumb Code     6  stm32f1xx_hal_rcc.o(.text)
    HAL_RCC_GetPCLK1Freq                     0x080031c5   Thumb Code    22  stm32f1xx_hal_rcc.o(.text)
    HAL_RCC_GetPCLK2Freq                     0x080031db   Thumb Code    22  stm32f1xx_hal_rcc.o(.text)
    HAL_RCC_GetOscConfig                     0x080031f1   Thumb Code   254  stm32f1xx_hal_rcc.o(.text)
    HAL_RCC_GetClockConfig                   0x080032ef   Thumb Code    58  stm32f1xx_hal_rcc.o(.text)
    HAL_RCC_CSSCallback                      0x08003329   Thumb Code     2  stm32f1xx_hal_rcc.o(.text)
    HAL_RCC_NMI_IRQHandler                   0x0800332b   Thumb Code    26  stm32f1xx_hal_rcc.o(.text)
    HAL_UART_Init                            0x08003511   Thumb Code   114  stm32f1xx_hal_uart.o(.text)
    HAL_HalfDuplex_Init                      0x08003583   Thumb Code   118  stm32f1xx_hal_uart.o(.text)
    HAL_LIN_Init                             0x080035f9   Thumb Code   134  stm32f1xx_hal_uart.o(.text)
    HAL_MultiProcessor_Init                  0x0800367f   Thumb Code   138  stm32f1xx_hal_uart.o(.text)
    HAL_UART_DeInit                          0x0800370b   Thumb Code    46  stm32f1xx_hal_uart.o(.text)
    HAL_UART_Transmit                        0x080037a9   Thumb Code   214  stm32f1xx_hal_uart.o(.text)
    HAL_UART_Receive                         0x0800387f   Thumb Code   222  stm32f1xx_hal_uart.o(.text)
    HAL_UART_Transmit_IT                     0x0800395d   Thumb Code    88  stm32f1xx_hal_uart.o(.text)
    HAL_UART_Receive_IT                      0x080039b5   Thumb Code   112  stm32f1xx_hal_uart.o(.text)
    HAL_UART_ErrorCallback                   0x08003a25   Thumb Code     2  stm32f1xx_hal_uart.o(.text)
    HAL_UART_TxHalfCpltCallback              0x08003aab   Thumb Code     2  stm32f1xx_hal_uart.o(.text)
    HAL_UART_TxCpltCallback                  0x08003abb   Thumb Code     2  stm32f1xx_hal_uart.o(.text)
    HAL_UART_Transmit_DMA                    0x08003af3   Thumb Code   142  stm32f1xx_hal_uart.o(.text)
    HAL_UART_RxHalfCpltCallback              0x08003b81   Thumb Code     2  stm32f1xx_hal_uart.o(.text)
    HAL_UART_RxCpltCallback                  0x08003b91   Thumb Code     2  stm32f1xx_hal_uart.o(.text)
    HAL_UART_Receive_DMA                     0x08003bd9   Thumb Code   182  stm32f1xx_hal_uart.o(.text)
    HAL_UART_DMAPause                        0x08003c8f   Thumb Code   124  stm32f1xx_hal_uart.o(.text)
    HAL_UART_DMAResume                       0x08003d0b   Thumb Code   126  stm32f1xx_hal_uart.o(.text)
    HAL_UART_DMAStop                         0x08003d89   Thumb Code   102  stm32f1xx_hal_uart.o(.text)
    HAL_UART_Abort                           0x08003def   Thumb Code   126  stm32f1xx_hal_uart.o(.text)
    HAL_UART_AbortTransmit                   0x08003e6d   Thumb Code    68  stm32f1xx_hal_uart.o(.text)
    HAL_UART_AbortReceive                    0x08003eb1   Thumb Code    80  stm32f1xx_hal_uart.o(.text)
    HAL_UART_AbortCpltCallback               0x08003f01   Thumb Code     2  stm32f1xx_hal_uart.o(.text)
    HAL_UART_Abort_IT                        0x08003f81   Thumb Code   208  stm32f1xx_hal_uart.o(.text)
    HAL_UART_AbortTransmitCpltCallback       0x08004051   Thumb Code     2  stm32f1xx_hal_uart.o(.text)
    HAL_UART_AbortTransmit_IT                0x0800406b   Thumb Code   102  stm32f1xx_hal_uart.o(.text)
    HAL_UART_AbortReceiveCpltCallback        0x080040d1   Thumb Code     2  stm32f1xx_hal_uart.o(.text)
    HAL_UART_AbortReceive_IT                 0x080040eb   Thumb Code   114  stm32f1xx_hal_uart.o(.text)
    HAL_UART_IRQHandler                      0x0800429f   Thumb Code   348  stm32f1xx_hal_uart.o(.text)
    HAL_LIN_SendBreak                        0x080043fb   Thumb Code    62  stm32f1xx_hal_uart.o(.text)
    HAL_MultiProcessor_EnterMuteMode         0x08004439   Thumb Code    62  stm32f1xx_hal_uart.o(.text)
    HAL_MultiProcessor_ExitMuteMode          0x08004477   Thumb Code    62  stm32f1xx_hal_uart.o(.text)
    HAL_HalfDuplex_EnableTransmitter         0x080044b5   Thumb Code    68  stm32f1xx_hal_uart.o(.text)
    HAL_HalfDuplex_EnableReceiver            0x080044f9   Thumb Code    68  stm32f1xx_hal_uart.o(.text)
    HAL_UART_GetState                        0x0800453d   Thumb Code    20  stm32f1xx_hal_uart.o(.text)
    HAL_UART_GetError                        0x08004551   Thumb Code     6  stm32f1xx_hal_uart.o(.text)
    HAL_InitTick                             0x0800455b   Thumb Code    36  stm32f1xx_hal.o(.text)
    HAL_Init                                 0x0800457f   Thumb Code    34  stm32f1xx_hal.o(.text)
    HAL_MspDeInit                            0x080045a1   Thumb Code     2  stm32f1xx_hal.o(.text)
    HAL_DeInit                               0x080045a3   Thumb Code    30  stm32f1xx_hal.o(.text)
    HAL_IncTick                              0x080045c1   Thumb Code    12  stm32f1xx_hal.o(.text)
    HAL_GetTick                              0x080045cd   Thumb Code     6  stm32f1xx_hal.o(.text)
    HAL_Delay                                0x080045d3   Thumb Code    30  stm32f1xx_hal.o(.text)
    HAL_SuspendTick                          0x080045f1   Thumb Code    18  stm32f1xx_hal.o(.text)
    HAL_ResumeTick                           0x08004603   Thumb Code    18  stm32f1xx_hal.o(.text)
    HAL_GetHalVersion                        0x08004615   Thumb Code     4  stm32f1xx_hal.o(.text)
    HAL_GetREVID                             0x08004619   Thumb Code     8  stm32f1xx_hal.o(.text)
    HAL_GetDEVID                             0x08004621   Thumb Code    10  stm32f1xx_hal.o(.text)
    HAL_DBGMCU_EnableDBGSleepMode            0x0800462b   Thumb Code    14  stm32f1xx_hal.o(.text)
    HAL_DBGMCU_DisableDBGSleepMode           0x08004639   Thumb Code    14  stm32f1xx_hal.o(.text)
    HAL_DBGMCU_EnableDBGStopMode             0x08004647   Thumb Code    14  stm32f1xx_hal.o(.text)
    HAL_DBGMCU_DisableDBGStopMode            0x08004655   Thumb Code    14  stm32f1xx_hal.o(.text)
    HAL_DBGMCU_EnableDBGStandbyMode          0x08004663   Thumb Code    14  stm32f1xx_hal.o(.text)
    HAL_DBGMCU_DisableDBGStandbyMode         0x08004671   Thumb Code    14  stm32f1xx_hal.o(.text)
    HAL_GetUID                               0x0800467f   Thumb Code    24  stm32f1xx_hal.o(.text)
    Reset_Handler                            0x080046b5   Thumb Code     8  startup_stm32f103xe.o(.text)
    SVC_Handler                              0x080046c7   Thumb Code     2  startup_stm32f103xe.o(.text)
    ADC1_2_IRQHandler                        0x080046cf   Thumb Code     0  startup_stm32f103xe.o(.text)
    ADC3_IRQHandler                          0x080046cf   Thumb Code     0  startup_stm32f103xe.o(.text)
    CAN1_RX1_IRQHandler                      0x080046cf   Thumb Code     0  startup_stm32f103xe.o(.text)
    CAN1_SCE_IRQHandler                      0x080046cf   Thumb Code     0  startup_stm32f103xe.o(.text)
    DMA1_Channel1_IRQHandler                 0x080046cf   Thumb Code     0  startup_stm32f103xe.o(.text)
    DMA1_Channel2_IRQHandler                 0x080046cf   Thumb Code     0  startup_stm32f103xe.o(.text)
    DMA1_Channel3_IRQHandler                 0x080046cf   Thumb Code     0  startup_stm32f103xe.o(.text)
    DMA1_Channel4_IRQHandler                 0x080046cf   Thumb Code     0  startup_stm32f103xe.o(.text)
    DMA1_Channel5_IRQHandler                 0x080046cf   Thumb Code     0  startup_stm32f103xe.o(.text)
    DMA1_Channel6_IRQHandler                 0x080046cf   Thumb Code     0  startup_stm32f103xe.o(.text)
    DMA1_Channel7_IRQHandler                 0x080046cf   Thumb Code     0  startup_stm32f103xe.o(.text)
    DMA2_Channel1_IRQHandler                 0x080046cf   Thumb Code     0  startup_stm32f103xe.o(.text)
    DMA2_Channel2_IRQHandler                 0x080046cf   Thumb Code     0  startup_stm32f103xe.o(.text)
    DMA2_Channel3_IRQHandler                 0x080046cf   Thumb Code     0  startup_stm32f103xe.o(.text)
    DMA2_Channel4_5_IRQHandler               0x080046cf   Thumb Code     0  startup_stm32f103xe.o(.text)
    FLASH_IRQHandler                         0x080046cf   Thumb Code     0  startup_stm32f103xe.o(.text)
    FSMC_IRQHandler                          0x080046cf   Thumb Code     0  startup_stm32f103xe.o(.text)
    I2C1_ER_IRQHandler                       0x080046cf   Thumb Code     0  startup_stm32f103xe.o(.text)
    I2C1_EV_IRQHandler                       0x080046cf   Thumb Code     0  startup_stm32f103xe.o(.text)
    I2C2_ER_IRQHandler                       0x080046cf   Thumb Code     0  startup_stm32f103xe.o(.text)
    I2C2_EV_IRQHandler                       0x080046cf   Thumb Code     0  startup_stm32f103xe.o(.text)
    PVD_IRQHandler                           0x080046cf   Thumb Code     0  startup_stm32f103xe.o(.text)
    RCC_IRQHandler                           0x080046cf   Thumb Code     0  startup_stm32f103xe.o(.text)
    RTC_Alarm_IRQHandler                     0x080046cf   Thumb Code     0  startup_stm32f103xe.o(.text)
    RTC_IRQHandler                           0x080046cf   Thumb Code     0  startup_stm32f103xe.o(.text)
    SDIO_IRQHandler                          0x080046cf   Thumb Code     0  startup_stm32f103xe.o(.text)
    SPI1_IRQHandler                          0x080046cf   Thumb Code     0  startup_stm32f103xe.o(.text)
    SPI2_IRQHandler                          0x080046cf   Thumb Code     0  startup_stm32f103xe.o(.text)
    SPI3_IRQHandler                          0x080046cf   Thumb Code     0  startup_stm32f103xe.o(.text)
    TAMPER_IRQHandler                        0x080046cf   Thumb Code     0  startup_stm32f103xe.o(.text)
    TIM1_BRK_IRQHandler                      0x080046cf   Thumb Code     0  startup_stm32f103xe.o(.text)
    TIM1_CC_IRQHandler                       0x080046cf   Thumb Code     0  startup_stm32f103xe.o(.text)
    TIM1_TRG_COM_IRQHandler                  0x080046cf   Thumb Code     0  startup_stm32f103xe.o(.text)
    TIM1_UP_IRQHandler                       0x080046cf   Thumb Code     0  startup_stm32f103xe.o(.text)
    TIM2_IRQHandler                          0x080046cf   Thumb Code     0  startup_stm32f103xe.o(.text)
    TIM3_IRQHandler                          0x080046cf   Thumb Code     0  startup_stm32f103xe.o(.text)
    TIM4_IRQHandler                          0x080046cf   Thumb Code     0  startup_stm32f103xe.o(.text)
    TIM5_IRQHandler                          0x080046cf   Thumb Code     0  startup_stm32f103xe.o(.text)
    TIM6_IRQHandler                          0x080046cf   Thumb Code     0  startup_stm32f103xe.o(.text)
    TIM7_IRQHandler                          0x080046cf   Thumb Code     0  startup_stm32f103xe.o(.text)
    TIM8_BRK_IRQHandler                      0x080046cf   Thumb Code     0  startup_stm32f103xe.o(.text)
    TIM8_CC_IRQHandler                       0x080046cf   Thumb Code     0  startup_stm32f103xe.o(.text)
    TIM8_TRG_COM_IRQHandler                  0x080046cf   Thumb Code     0  startup_stm32f103xe.o(.text)
    TIM8_UP_IRQHandler                       0x080046cf   Thumb Code     0  startup_stm32f103xe.o(.text)
    UART4_IRQHandler                         0x080046cf   Thumb Code     0  startup_stm32f103xe.o(.text)
    UART5_IRQHandler                         0x080046cf   Thumb Code     0  startup_stm32f103xe.o(.text)
    USART2_IRQHandler                        0x080046cf   Thumb Code     0  startup_stm32f103xe.o(.text)
    USART3_IRQHandler                        0x080046cf   Thumb Code     0  startup_stm32f103xe.o(.text)
    USBWakeUp_IRQHandler                     0x080046cf   Thumb Code     0  startup_stm32f103xe.o(.text)
    USB_HP_CAN1_TX_IRQHandler                0x080046cf   Thumb Code     0  startup_stm32f103xe.o(.text)
    USB_LP_CAN1_RX0_IRQHandler               0x080046cf   Thumb Code     0  startup_stm32f103xe.o(.text)
    WWDG_IRQHandler                          0x080046cf   Thumb Code     0  startup_stm32f103xe.o(.text)
    rt_system_tick_init                      0x080046d9   Thumb Code     2  clock.o(.text)
    rt_tick_get                              0x080046db   Thumb Code     6  clock.o(.text)
    rt_tick_set                              0x080046e1   Thumb Code    22  clock.o(.text)
    rt_tick_increase                         0x080046f7   Thumb Code    42  clock.o(.text)
    rt_tick_from_millisecond                 0x08004721   Thumb Code    30  clock.o(.text)
    rt_components_board_init                 0x08004755   Thumb Code    20  components.o(.text)
    rt_components_init                       0x08004769   Thumb Code    20  components.o(.text)
    main_thread_entry                        0x0800477d   Thumb Code    14  components.o(.text)
    rt_application_init                      0x0800478b   Thumb Code    48  components.o(.text)
    rtthread_startup                         0x080047bb   Thumb Code    46  components.o(.text)
    main                                     0x080047e9   Thumb Code    14  components.o(.text)
    rt_device_find                           0x08004821   Thumb Code    94  device.o(.text)
    rt_device_register                       0x0800487f   Thumb Code    52  device.o(.text)
    rt_device_unregister                     0x080048b3   Thumb Code    64  device.o(.text)
    rt_device_init_all                       0x080048f3   Thumb Code     4  device.o(.text)
    rt_device_create                         0x080048f7   Thumb Code    46  device.o(.text)
    rt_device_destroy                        0x08004925   Thumb Code    68  device.o(.text)
    rt_device_init                           0x08004969   Thumb Code    64  device.o(.text)
    rt_device_open                           0x080049a9   Thumb Code   174  device.o(.text)
    rt_device_close                          0x08004a57   Thumb Code    92  device.o(.text)
    rt_device_read                           0x08004ab3   Thumb Code    98  device.o(.text)
    rt_device_write                          0x08004b15   Thumb Code    98  device.o(.text)
    rt_device_control                        0x08004b77   Thumb Code    66  device.o(.text)
    rt_device_set_rx_indicate                0x08004bb9   Thumb Code    48  device.o(.text)
    rt_device_set_tx_complete                0x08004be9   Thumb Code   360  device.o(.text)
    rt_thread_idle_sethook                   0x08004d51   Thumb Code    58  idle.o(.text)
    rt_thread_idle_delhook                   0x08004d8b   Thumb Code    62  idle.o(.text)
    rt_thread_idle_excute                    0x08004dc9   Thumb Code   178  idle.o(.text)
    rt_thread_idle_init                      0x08004e9d   Thumb Code    38  idle.o(.text)
    rt_thread_idle_gethandler                0x08004ec3   Thumb Code     4  idle.o(.text)
    rt_sem_init                              0x08004fd1   Thumb Code    50  ipc.o(.text)
    rt_sem_detach                            0x08005003   Thumb Code    72  ipc.o(.text)
    rt_sem_create                            0x0800504b   Thumb Code    84  ipc.o(.text)
    rt_sem_delete                            0x0800509f   Thumb Code   120  ipc.o(.text)
    rt_sem_take                              0x08005117   Thumb Code   288  ipc.o(.text)
    rt_sem_trytake                           0x08005237   Thumb Code    14  ipc.o(.text)
    rt_sem_release                           0x08005245   Thumb Code   116  ipc.o(.text)
    rt_sem_control                           0x080052b9   Thumb Code    90  ipc.o(.text)
    rt_mutex_init                            0x08005313   Thumb Code    58  ipc.o(.text)
    rt_mutex_detach                          0x0800534d   Thumb Code    78  ipc.o(.text)
    rt_mutex_create                          0x0800539b   Thumb Code   454  ipc.o(.text)
    rt_mutex_delete                          0x08005561   Thumb Code   126  ipc.o(.text)
    rt_mutex_take                            0x080055df   Thumb Code   374  ipc.o(.text)
    rt_mutex_release                         0x08005755   Thumb Code   310  ipc.o(.text)
    rt_mutex_control                         0x0800588b   Thumb Code    52  ipc.o(.text)
    rt_event_init                            0x080058bf   Thumb Code    46  ipc.o(.text)
    rt_event_detach                          0x080058ed   Thumb Code    78  ipc.o(.text)
    rt_event_create                          0x0800593b   Thumb Code   276  ipc.o(.text)
    rt_event_delete                          0x08005a4f   Thumb Code   126  ipc.o(.text)
    rt_event_send                            0x08005acd   Thumb Code   234  ipc.o(.text)
    rt_event_recv                            0x08005bb7   Thumb Code   402  ipc.o(.text)
    rt_event_control                         0x08005d49   Thumb Code    92  ipc.o(.text)
    rt_mb_init                               0x08005da5   Thumb Code    76  ipc.o(.text)
    rt_mb_detach                             0x08005df1   Thumb Code   216  ipc.o(.text)
    rt_mb_create                             0x08005ec9   Thumb Code   128  ipc.o(.text)
    rt_mb_delete                             0x08005f49   Thumb Code   140  ipc.o(.text)
    rt_mb_send_wait                          0x08005fd5   Thumb Code   400  ipc.o(.text)
    rt_mb_send                               0x08006165   Thumb Code    18  ipc.o(.text)
    rt_mb_recv                               0x08006177   Thumb Code   576  ipc.o(.text)
    rt_mb_control                            0x080063b7   Thumb Code   104  ipc.o(.text)
    rt_mq_init                               0x0800641f   Thumb Code   118  ipc.o(.text)
    rt_mq_detach                             0x08006495   Thumb Code    78  ipc.o(.text)
    rt_mq_delete                             0x080064e3   Thumb Code   126  ipc.o(.text)
    rt_mq_create                             0x08006561   Thumb Code   170  ipc.o(.text)
    rt_mq_send                               0x0800660b   Thumb Code   222  ipc.o(.text)
    rt_mq_urgent                             0x080066e9   Thumb Code   426  ipc.o(.text)
    rt_mq_recv                               0x08006893   Thumb Code   458  ipc.o(.text)
    rt_mq_control                            0x08006a5d   Thumb Code   120  ipc.o(.text)
    rt_interrupt_enter_sethook               0x08006b2d   Thumb Code     6  irq.o(.text)
    rt_interrupt_leave_sethook               0x08006b33   Thumb Code     6  irq.o(.text)
    rt_interrupt_enter                       0x08006b39   Thumb Code    46  irq.o(.text)
    rt_interrupt_leave                       0x08006b67   Thumb Code    46  irq.o(.text)
    rt_interrupt_get_nest                    0x08006b95   Thumb Code     6  irq.o(.text)
    rt_get_errno                             0x08006ba9   Thumb Code    32  kservice.o(.text)
    rt_set_errno                             0x08006bc9   Thumb Code    36  kservice.o(.text)
    _rt_errno                                0x08006bed   Thumb Code    30  kservice.o(.text)
    rt_memset                                0x08006c0b   Thumb Code    72  kservice.o(.text)
    rt_memcpy                                0x08006c53   Thumb Code   124  kservice.o(.text)
    rt_memmove                               0x08006ccf   Thumb Code    66  kservice.o(.text)
    rt_memcmp                                0x08006d11   Thumb Code    38  kservice.o(.text)
    rt_strlen                                0x08006d37   Thumb Code    18  kservice.o(.text)
    rt_strstr                                0x08006d49   Thumb Code    58  kservice.o(.text)
    rt_strcasecmp                            0x08006d83   Thumb Code    48  kservice.o(.text)
    rt_strncpy                               0x08006db3   Thumb Code    52  kservice.o(.text)
    rt_strncmp                               0x08006de7   Thumb Code    40  kservice.o(.text)
    rt_strcmp                                0x08006e0f   Thumb Code    28  kservice.o(.text)
    rt_strnlen                               0x08006e2b   Thumb Code    24  kservice.o(.text)
    rt_strdup                                0x08006e43   Thumb Code    40  kservice.o(.text)
    strdup                                   0x08006e43   Thumb Code     0  kservice.o(.text)
    rt_hw_console_output                     0x08006e6b   Thumb Code     2  kservice.o(.text)
    rt_vsnprintf                             0x08007023   Thumb Code   800  kservice.o(.text)
    rt_kprintf                               0x08007343   Thumb Code    96  kservice.o(.text)
    rt_show_version                          0x080073a3   Thumb Code    38  kservice.o(.text)
    rt_snprintf                              0x080073c9   Thumb Code    38  kservice.o(.text)
    rt_vsprintf                              0x080073ef   Thumb Code    22  kservice.o(.text)
    rt_sprintf                               0x08007405   Thumb Code    34  kservice.o(.text)
    rt_console_get_device                    0x08007427   Thumb Code     6  kservice.o(.text)
    rt_console_set_device                    0x0800742d   Thumb Code    48  kservice.o(.text)
    rt_kputs                                 0x0800745d   Thumb Code    78  kservice.o(.text)
    rt_malloc_align                          0x080074ab   Thumb Code    66  kservice.o(.text)
    rt_free_align                            0x080074ed   Thumb Code    16  kservice.o(.text)
    __rt_ffs                                 0x080074fd   Thumb Code    70  kservice.o(.text)
    rt_assert_set_hook                       0x08007543   Thumb Code     6  kservice.o(.text)
    rt_assert_handler                        0x08007549   Thumb Code    56  kservice.o(.text)
    rt_malloc_sethook                        0x08007659   Thumb Code     6  mem.o(.text)
    rt_free_sethook                          0x0800765f   Thumb Code     6  mem.o(.text)
    rt_system_heap_init                      0x08007705   Thumb Code   204  mem.o(.text)
    rt_malloc                                0x080077d1   Thumb Code   522  mem.o(.text)
    rt_free                                  0x080079db   Thumb Code   688  mem.o(.text)
    rt_realloc                               0x08007c8b   Thumb Code   324  mem.o(.text)
    rt_calloc                                0x08007dcf   Thumb Code    84  mem.o(.text)
    rt_memory_info                           0x08007e23   Thumb Code    26  mem.o(.text)
    list_mem                                 0x08007e3d   Thumb Code    34  mem.o(.text)
    rt_mp_alloc_sethook                      0x08007f4d   Thumb Code     6  mempool.o(.text)
    rt_mp_free_sethook                       0x08007f53   Thumb Code     6  mempool.o(.text)
    rt_mp_init                               0x08007f59   Thumb Code   128  mempool.o(.text)
    rt_mp_detach                             0x08007fd9   Thumb Code   114  mempool.o(.text)
    rt_mp_create                             0x0800804b   Thumb Code   174  mempool.o(.text)
    rt_mp_delete                             0x080080f9   Thumb Code   172  mempool.o(.text)
    rt_mp_alloc                              0x080081a5   Thumb Code   278  mempool.o(.text)
    rt_mp_free                               0x080082bb   Thumb Code    98  mempool.o(.text)
    rt_object_attach_sethook                 0x0800845d   Thumb Code     6  object.o(.text)
    rt_object_detach_sethook                 0x08008463   Thumb Code     6  object.o(.text)
    rt_object_trytake_sethook                0x08008469   Thumb Code     6  object.o(.text)
    rt_object_take_sethook                   0x0800846f   Thumb Code     6  object.o(.text)
    rt_object_put_sethook                    0x08008475   Thumb Code     6  object.o(.text)
    rt_system_object_init                    0x0800847b   Thumb Code     2  object.o(.text)
    rt_object_get_information                0x0800847d   Thumb Code    36  object.o(.text)
    rt_object_init                           0x080084a1   Thumb Code    92  object.o(.text)
    rt_object_detach                         0x080084fd   Thumb Code    62  object.o(.text)
    rt_object_allocate                       0x0800853b   Thumb Code   158  object.o(.text)
    rt_object_delete                         0x080085d9   Thumb Code    88  object.o(.text)
    rt_object_is_systemobject                0x08008631   Thumb Code    34  object.o(.text)
    rt_object_get_type                       0x08008653   Thumb Code    26  object.o(.text)
    rt_object_find                           0x0800866d   Thumb Code   142  object.o(.text)
    rt_scheduler_sethook                     0x080087b5   Thumb Code     6  scheduler.o(.text)
    rt_system_scheduler_init                 0x08008815   Thumb Code    56  scheduler.o(.text)
    rt_system_scheduler_start                0x0800884d   Thumb Code    36  scheduler.o(.text)
    rt_schedule                              0x08008871   Thumb Code   160  scheduler.o(.text)
    rt_schedule_insert_thread                0x08008911   Thumb Code    90  scheduler.o(.text)
    rt_schedule_remove_thread                0x0800896b   Thumb Code    94  scheduler.o(.text)
    rt_enter_critical                        0x080089c9   Thumb Code    28  scheduler.o(.text)
    rt_exit_critical                         0x080089e5   Thumb Code    54  scheduler.o(.text)
    rt_critical_level                        0x08008a1b   Thumb Code     8  scheduler.o(.text)
    rt_thread_handle_sig                     0x08008abf   Thumb Code   156  signal.o(.text)
    rt_thread_alloc_sig                      0x08008c2d   Thumb Code    62  signal.o(.text)
    rt_signal_install                        0x08008c6b   Thumb Code    98  signal.o(.text)
    rt_signal_mask                           0x08008ccd   Thumb Code    34  signal.o(.text)
    rt_signal_unmask                         0x08008cef   Thumb Code    56  signal.o(.text)
    rt_signal_wait                           0x08008d27   Thumb Code   346  signal.o(.text)
    rt_thread_free_sig                       0x08008e81   Thumb Code    66  signal.o(.text)
    rt_thread_kill                           0x08008ec3   Thumb Code   236  signal.o(.text)
    rt_system_signal_init                    0x08008faf   Thumb Code    38  signal.o(.text)
    rt_timer_timeout_sethook                 0x0800908f   Thumb Code     6  timer.o(.text)
    rt_timer_init                            0x08009121   Thumb Code    58  timer.o(.text)
    rt_timer_detach                          0x0800915b   Thumb Code    82  timer.o(.text)
    rt_timer_create                          0x080091ad   Thumb Code    54  timer.o(.text)
    rt_timer_delete                          0x080091e3   Thumb Code    88  timer.o(.text)
    rt_timer_start                           0x0800923b   Thumb Code   314  timer.o(.text)
    rt_timer_stop                            0x08009375   Thumb Code   102  timer.o(.text)
    rt_timer_control                         0x080093db   Thumb Code    98  timer.o(.text)
    rt_timer_check                           0x0800943d   Thumb Code   416  timer.o(.text)
    rt_timer_next_timeout_tick               0x080095dd   Thumb Code    10  timer.o(.text)
    rt_system_timer_init                     0x080095e7   Thumb Code    24  timer.o(.text)
    rt_system_timer_thread_init              0x080095ff   Thumb Code     2  timer.o(.text)
    rt_thread_suspend_sethook                0x0800963d   Thumb Code     6  thread.o(.text)
    rt_thread_resume_sethook                 0x08009643   Thumb Code     6  thread.o(.text)
    rt_thread_inited_sethook                 0x08009649   Thumb Code     6  thread.o(.text)
    rt_thread_exit                           0x0800964f   Thumb Code    78  thread.o(.text)
    rt_thread_timeout                        0x0800969d   Thumb Code    90  thread.o(.text)
    rt_thread_init                           0x080097a3   Thumb Code    74  thread.o(.text)
    rt_thread_self                           0x080097ed   Thumb Code     6  thread.o(.text)
    rt_thread_resume                         0x080097f3   Thumb Code   120  thread.o(.text)
    rt_thread_startup                        0x0800986b   Thumb Code   108  thread.o(.text)
    rt_thread_detach                         0x080098d7   Thumb Code   126  thread.o(.text)
    rt_thread_create                         0x08009955   Thumb Code    80  thread.o(.text)
    rt_thread_delete                         0x080099a5   Thumb Code   114  thread.o(.text)
    rt_thread_yield                          0x08009a17   Thumb Code   454  thread.o(.text)
    rt_thread_suspend                        0x08009bdd   Thumb Code   130  thread.o(.text)
    rt_thread_sleep                          0x08009c5f   Thumb Code    98  thread.o(.text)
    rt_thread_delay                          0x08009cc1   Thumb Code    12  thread.o(.text)
    rt_thread_mdelay                         0x08009ccd   Thumb Code    20  thread.o(.text)
    rt_thread_control                        0x08009ce1   Thumb Code   154  thread.o(.text)
    rt_thread_find                           0x08009d7b   Thumb Code    96  thread.o(.text)
    rt_hw_stack_init                         0x08009e15   Thumb Code    70  cpuport.o(.text)
    rt_hw_exception_install                  0x08009e5b   Thumb Code     6  cpuport.o(.text)
    rt_hw_hard_fault_exception               0x0800a03f   Thumb Code   198  cpuport.o(.text)
    rt_hw_cpu_shutdown                       0x0800a105   Thumb Code    22  cpuport.o(.text)
    rt_hw_interrupt_disable                  0x0800a3e9   Thumb Code     8  context_rvds.o(.text)
    rt_hw_interrupt_enable                   0x0800a3f1   Thumb Code     6  context_rvds.o(.text)
    rt_hw_context_switch                     0x0800a3f7   Thumb Code    32  context_rvds.o(.text)
    rt_hw_context_switch_interrupt           0x0800a3f7   Thumb Code     0  context_rvds.o(.text)
    PendSV_Handler                           0x0800a417   Thumb Code    60  context_rvds.o(.text)
    rt_hw_context_switch_to                  0x0800a453   Thumb Code    58  context_rvds.o(.text)
    rt_hw_interrupt_thread_switch            0x0800a48d   Thumb Code     2  context_rvds.o(.text)
    HardFault_Handler                        0x0800a48f   Thumb Code    48  context_rvds.o(.text)
    rt_device_pin_register                   0x0800a589   Thumb Code    56  pin.o(.text)
    rt_pin_attach_irq                        0x0800a5c1   Thumb Code    60  pin.o(.text)
    rt_pin_dettach_irq                       0x0800a5fd   Thumb Code    46  pin.o(.text)
    rt_pin_irq_enable                        0x0800a62b   Thumb Code    50  pin.o(.text)
    rt_pin_mode                              0x0800a65d   Thumb Code    38  pin.o(.text)
    rt_pin_write                             0x0800a683   Thumb Code    38  pin.o(.text)
    rt_pin_read                              0x0800a6a9   Thumb Code    34  pin.o(.text)
    rt_hw_serial_register                    0x0800aa21   Thumb Code    80  serial.o(.text)
    rt_hw_serial_isr                         0x0800aa71   Thumb Code   316  serial.o(.text)
    finsh_get_prompt                         0x0800ac59   Thumb Code    38  shell.o(.text)
    finsh_set_device                         0x0800acdd   Thumb Code   156  shell.o(.text)
    finsh_get_device                         0x0800ad79   Thumb Code    28  shell.o(.text)
    finsh_set_echo                           0x0800ad95   Thumb Code    30  shell.o(.text)
    finsh_get_echo                           0x0800adb3   Thumb Code    32  shell.o(.text)
    finsh_thread_entry                       0x0800aef5   Thumb Code  1358  shell.o(.text)
    finsh_system_function_init               0x0800b443   Thumb Code    10  shell.o(.text)
    finsh_system_var_init                    0x0800b44d   Thumb Code    10  shell.o(.text)
    finsh_system_init                        0x0800b457   Thumb Code    96  shell.o(.text)
    hello                                    0x0800b529   Thumb Code    12  cmd.o(.text)
    version                                  0x0800b535   Thumb Code    10  cmd.o(.text)
    list_thread                              0x0800b647   Thumb Code    18  cmd.o(.text)
    list_sem                                 0x0800b70f   Thumb Code    18  cmd.o(.text)
    list_event                               0x0800b7a3   Thumb Code    18  cmd.o(.text)
    list_mutex                               0x0800b815   Thumb Code    18  cmd.o(.text)
    list_mailbox                             0x0800b8bd   Thumb Code    18  cmd.o(.text)
    list_msgqueue                            0x0800bc27   Thumb Code    18  cmd.o(.text)
    list_memheap                             0x0800bc8d   Thumb Code    18  cmd.o(.text)
    list_mempool                             0x0800bd29   Thumb Code    18  cmd.o(.text)
    list_timer                               0x0800bdaf   Thumb Code    18  cmd.o(.text)
    list_device                              0x0800be2f   Thumb Code    18  cmd.o(.text)
    list                                     0x0800be41   Thumb Code    54  cmd.o(.text)
    msh_is_used                              0x0800c111   Thumb Code     4  msh.o(.text)
    msh_help                                 0x0800c115   Thumb Code    66  msh.o(.text)
    msh_exec                                 0x0800c2f5   Thumb Code    82  msh.o(.text)
    msh_auto_complete                        0x0800c367   Thumb Code   138  msh.o(.text)
    cmd_ps                                   0x0800c479   Thumb Code    14  msh_cmd.o(.text)
    cmd_time                                 0x0800c487   Thumb Code     6  msh_cmd.o(.text)
    cmd_free                                 0x0800c48d   Thumb Code    14  msh_cmd.o(.text)
    thread1_entry                            0x0800c49d   Thumb Code    76  dynmem_sample.o(.text)
    dynmem_sample                            0x0800c4e9   Thumb Code    40  dynmem_sample.o(.text)
    event_sample                             0x0800c601   Thumb Code   104  event_sample.o(.text)
    idle_hook_sample                         0x0800c7ed   Thumb Code    52  idlehook_sample.o(.text)
    thread_entry                             0x0800c8a9   Thumb Code    52  interrupt_sample.o(.text)
    interrupt_sample                         0x0800c8dd   Thumb Code    74  interrupt_sample.o(.text)
    mailbox_sample                           0x0800c9d7   Thumb Code   112  mailbox_sample.o(.text)
    mempool_sample                           0x0800cb65   Thumb Code   122  memp_sample.o(.text)
    msgq_sample                              0x0800cd13   Thumb Code   118  msgq_sample.o(.text)
    mutex_sample                             0x0800cf43   Thumb Code   108  mutex_sample.o(.text)
    pri_inversion                            0x0800d13f   Thumb Code   156  priority_inversion.o(.text)
    producer_thread_entry                    0x0800d2b5   Thumb Code   120  producer_consumer.o(.text)
    consumer_thread_entry                    0x0800d32d   Thumb Code   156  producer_consumer.o(.text)
    producer_consumer                        0x0800d3c9   Thumb Code   162  producer_consumer.o(.text)
    scheduler_hook                           0x0800d5b7   Thumb Code    92  scheduler_hook.o(.text)
    semaphore_sample                         0x0800d6e3   Thumb Code   118  semaphore_sample.o(.text)
    thread1_signal_handler                   0x0800d861   Thumb Code    14  signal_sample.o(.text)
    signal_sample                            0x0800d89d   Thumb Code    64  signal_sample.o(.text)
    thread_sample                            0x0800d955   Thumb Code    84  thread_sample.o(.text)
    timer_sample                             0x0800da3f   Thumb Code    74  timer_sample.o(.text)
    timeslice_sample                         0x0800db35   Thumb Code    70  timeslice_sample.o(.text)
    __aeabi_memcpy                           0x0800dbbd   Thumb Code    36  memcpya.o(.text)
    __aeabi_memcpy4                          0x0800dbbd   Thumb Code     0  memcpya.o(.text)
    __aeabi_memcpy8                          0x0800dbbd   Thumb Code     0  memcpya.o(.text)
    __aeabi_memset                           0x0800dbe1   Thumb Code    14  memseta.o(.text)
    __aeabi_memset4                          0x0800dbe1   Thumb Code     0  memseta.o(.text)
    __aeabi_memset8                          0x0800dbe1   Thumb Code     0  memseta.o(.text)
    __aeabi_memclr                           0x0800dbef   Thumb Code     4  memseta.o(.text)
    __aeabi_memclr4                          0x0800dbef   Thumb Code     0  memseta.o(.text)
    __aeabi_memclr8                          0x0800dbef   Thumb Code     0  memseta.o(.text)
    _memset$wrapper                          0x0800dbf3   Thumb Code    18  memseta.o(.text)
    strcat                                   0x0800dc05   Thumb Code    24  strcat.o(.text)
    strlen                                   0x0800dc1d   Thumb Code    14  strlen.o(.text)
    memcmp                                   0x0800dc2b   Thumb Code    26  memcmp.o(.text)
    strcpy                                   0x0800dc45   Thumb Code    18  strcpy.o(.text)
    strncmp                                  0x0800dc57   Thumb Code    30  strncmp.o(.text)
    __scatterload                            0x0800dc75   Thumb Code    28  init.o(.text)
    __scatterload_rt2                        0x0800dc75   Thumb Code     0  init.o(.text)
    __decompress                             0x0800dc99   Thumb Code     0  __dczerorl2.o(.text)
    __decompress1                            0x0800dc99   Thumb Code    86  __dczerorl2.o(.text)
    __scatterload_copy                       0x0800dcef   Thumb Code    14  handlers.o(i.__scatterload_copy)
    __scatterload_null                       0x0800dcfd   Thumb Code     2  handlers.o(i.__scatterload_null)
    __scatterload_zeroinit                   0x0800dcff   Thumb Code    14  handlers.o(i.__scatterload_zeroinit)
    AHBPrescTable                            0x0800e6f7   Data          16  system_stm32f1xx.o(.constdata)
    APBPrescTable                            0x0800e707   Data           8  system_stm32f1xx.o(.constdata)
    __lowest_bit_bitmap                      0x0800e9f9   Data         256  kservice.o(.constdata)
    __fsym___cmd_led_name                    0x0800f3fd   Data          10  main.o(.rodata.name)
    __fsym___cmd_led_desc                    0x0800f407   Data          27  main.o(.rodata.name)
    __fsym___cmd_My_thread_name              0x0800f422   Data          16  code.o(.rodata.name)
    __fsym___cmd_My_thread_desc              0x0800f432   Data          14  code.o(.rodata.name)
    __fsym_list_mem_name                     0x0800f440   Data           9  mem.o(.rodata.name)
    __fsym_list_mem_desc                     0x0800f449   Data          30  mem.o(.rodata.name)
    __fsym_pinMode_name                      0x0800f467   Data           8  pin.o(.rodata.name)
    __fsym_pinMode_desc                      0x0800f46f   Data          22  pin.o(.rodata.name)
    __fsym_pinWrite_name                     0x0800f485   Data           9  pin.o(.rodata.name)
    __fsym_pinWrite_desc                     0x0800f48e   Data          28  pin.o(.rodata.name)
    __fsym_pinRead_name                      0x0800f4aa   Data           8  pin.o(.rodata.name)
    __fsym_pinRead_desc                      0x0800f4b2   Data          30  pin.o(.rodata.name)
    __fsym_hello_name                        0x0800f4d0   Data           6  cmd.o(.rodata.name)
    __fsym_hello_desc                        0x0800f4d6   Data          16  cmd.o(.rodata.name)
    __fsym_version_name                      0x0800f4e6   Data           8  cmd.o(.rodata.name)
    __fsym_version_desc                      0x0800f4ee   Data          35  cmd.o(.rodata.name)
    __fsym___cmd_version_name                0x0800f511   Data          14  cmd.o(.rodata.name)
    __fsym___cmd_version_desc                0x0800f51f   Data          35  cmd.o(.rodata.name)
    __fsym_list_thread_name                  0x0800f542   Data          12  cmd.o(.rodata.name)
    __fsym_list_thread_desc                  0x0800f54e   Data          12  cmd.o(.rodata.name)
    __fsym___cmd_list_thread_name            0x0800f55a   Data          18  cmd.o(.rodata.name)
    __fsym___cmd_list_thread_desc            0x0800f56c   Data          12  cmd.o(.rodata.name)
    __fsym_list_sem_name                     0x0800f578   Data           9  cmd.o(.rodata.name)
    __fsym_list_sem_desc                     0x0800f581   Data          25  cmd.o(.rodata.name)
    __fsym___cmd_list_sem_name               0x0800f59a   Data          15  cmd.o(.rodata.name)
    __fsym___cmd_list_sem_desc               0x0800f5a9   Data          25  cmd.o(.rodata.name)
    __fsym_list_event_name                   0x0800f5c2   Data          11  cmd.o(.rodata.name)
    __fsym_list_event_desc                   0x0800f5cd   Data          21  cmd.o(.rodata.name)
    __fsym___cmd_list_event_name             0x0800f5e2   Data          17  cmd.o(.rodata.name)
    __fsym___cmd_list_event_desc             0x0800f5f3   Data          21  cmd.o(.rodata.name)
    __fsym_list_mutex_name                   0x0800f608   Data          11  cmd.o(.rodata.name)
    __fsym_list_mutex_desc                   0x0800f613   Data          21  cmd.o(.rodata.name)
    __fsym___cmd_list_mutex_name             0x0800f628   Data          17  cmd.o(.rodata.name)
    __fsym___cmd_list_mutex_desc             0x0800f639   Data          21  cmd.o(.rodata.name)
    __fsym_list_mailbox_name                 0x0800f64e   Data          13  cmd.o(.rodata.name)
    __fsym_list_mailbox_desc                 0x0800f65b   Data          24  cmd.o(.rodata.name)
    __fsym___cmd_list_mailbox_name           0x0800f673   Data          19  cmd.o(.rodata.name)
    __fsym___cmd_list_mailbox_desc           0x0800f686   Data          24  cmd.o(.rodata.name)
    __fsym_list_msgqueue_name                0x0800f69e   Data          14  cmd.o(.rodata.name)
    __fsym_list_msgqueue_desc                0x0800f6ac   Data          29  cmd.o(.rodata.name)
    __fsym___cmd_list_msgqueue_name          0x0800f6c9   Data          20  cmd.o(.rodata.name)
    __fsym___cmd_list_msgqueue_desc          0x0800f6dd   Data          29  cmd.o(.rodata.name)
    __fsym_list_memheap_name                 0x0800f6fa   Data          13  cmd.o(.rodata.name)
    __fsym_list_memheap_desc                 0x0800f707   Data          27  cmd.o(.rodata.name)
    __fsym___cmd_list_memheap_name           0x0800f722   Data          19  cmd.o(.rodata.name)
    __fsym___cmd_list_memheap_desc           0x0800f735   Data          27  cmd.o(.rodata.name)
    __fsym_list_mempool_name                 0x0800f750   Data          13  cmd.o(.rodata.name)
    __fsym_list_mempool_desc                 0x0800f75d   Data          27  cmd.o(.rodata.name)
    __fsym___cmd_list_mempool_name           0x0800f778   Data          19  cmd.o(.rodata.name)
    __fsym___cmd_list_mempool_desc           0x0800f78b   Data          27  cmd.o(.rodata.name)
    __fsym_list_timer_name                   0x0800f7a6   Data          11  cmd.o(.rodata.name)
    __fsym_list_timer_desc                   0x0800f7b1   Data          21  cmd.o(.rodata.name)
    __fsym___cmd_list_timer_name             0x0800f7c6   Data          17  cmd.o(.rodata.name)
    __fsym___cmd_list_timer_desc             0x0800f7d7   Data          21  cmd.o(.rodata.name)
    __fsym_list_device_name                  0x0800f7ec   Data          12  cmd.o(.rodata.name)
    __fsym_list_device_desc                  0x0800f7f8   Data          22  cmd.o(.rodata.name)
    __fsym___cmd_list_device_name            0x0800f80e   Data          18  cmd.o(.rodata.name)
    __fsym___cmd_list_device_desc            0x0800f820   Data          22  cmd.o(.rodata.name)
    __fsym_list_name                         0x0800f836   Data           5  cmd.o(.rodata.name)
    __fsym_list_desc                         0x0800f83b   Data          26  cmd.o(.rodata.name)
    __fsym___cmd_help_name                   0x0800f855   Data          11  msh.o(.rodata.name)
    __fsym___cmd_help_desc                   0x0800f860   Data          22  msh.o(.rodata.name)
    __fsym___cmd_ps_name                     0x0800f876   Data           9  msh_cmd.o(.rodata.name)
    __fsym___cmd_ps_desc                     0x0800f87f   Data          28  msh_cmd.o(.rodata.name)
    __fsym___cmd_time_name                   0x0800f89b   Data          11  msh_cmd.o(.rodata.name)
    __fsym___cmd_time_desc                   0x0800f8a6   Data          27  msh_cmd.o(.rodata.name)
    __fsym___cmd_free_name                   0x0800f8c1   Data          11  msh_cmd.o(.rodata.name)
    __fsym___cmd_free_desc                   0x0800f8cc   Data          37  msh_cmd.o(.rodata.name)
    __fsym___cmd_dynmem_sample_name          0x0800f8f1   Data          20  dynmem_sample.o(.rodata.name)
    __fsym___cmd_dynmem_sample_desc          0x0800f905   Data          14  dynmem_sample.o(.rodata.name)
    __fsym___cmd_event_sample_name           0x0800f913   Data          19  event_sample.o(.rodata.name)
    __fsym___cmd_event_sample_desc           0x0800f926   Data          13  event_sample.o(.rodata.name)
    __fsym___cmd_idle_hook_sample_name       0x0800f933   Data          23  idlehook_sample.o(.rodata.name)
    __fsym___cmd_idle_hook_sample_desc       0x0800f94a   Data          17  idlehook_sample.o(.rodata.name)
    __fsym___cmd_interrupt_sample_name       0x0800f95b   Data          23  interrupt_sample.o(.rodata.name)
    __fsym___cmd_interrupt_sample_desc       0x0800f972   Data          17  interrupt_sample.o(.rodata.name)
    __fsym___cmd_mailbox_sample_name         0x0800f983   Data          21  mailbox_sample.o(.rodata.name)
    __fsym___cmd_mailbox_sample_desc         0x0800f998   Data          15  mailbox_sample.o(.rodata.name)
    __fsym___cmd_mempool_sample_name         0x0800f9a7   Data          21  memp_sample.o(.rodata.name)
    __fsym___cmd_mempool_sample_desc         0x0800f9bc   Data          15  memp_sample.o(.rodata.name)
    __fsym___cmd_msgq_sample_name            0x0800f9cb   Data          18  msgq_sample.o(.rodata.name)
    __fsym___cmd_msgq_sample_desc            0x0800f9dd   Data          12  msgq_sample.o(.rodata.name)
    __fsym___cmd_mutex_sample_name           0x0800f9e9   Data          19  mutex_sample.o(.rodata.name)
    __fsym___cmd_mutex_sample_desc           0x0800f9fc   Data          13  mutex_sample.o(.rodata.name)
    __fsym___cmd_pri_inversion_name          0x0800fa09   Data          20  priority_inversion.o(.rodata.name)
    __fsym___cmd_pri_inversion_desc          0x0800fa1d   Data          21  priority_inversion.o(.rodata.name)
    __fsym___cmd_producer_consumer_name      0x0800fa32   Data          24  producer_consumer.o(.rodata.name)
    __fsym___cmd_producer_consumer_desc      0x0800fa4a   Data          25  producer_consumer.o(.rodata.name)
    __fsym___cmd_scheduler_hook_name         0x0800fa63   Data          21  scheduler_hook.o(.rodata.name)
    __fsym___cmd_scheduler_hook_desc         0x0800fa78   Data          22  scheduler_hook.o(.rodata.name)
    __fsym___cmd_semaphore_sample_name       0x0800fa8e   Data          23  semaphore_sample.o(.rodata.name)
    __fsym___cmd_semaphore_sample_desc       0x0800faa5   Data          17  semaphore_sample.o(.rodata.name)
    __fsym___cmd_signal_sample_name          0x0800fab6   Data          20  signal_sample.o(.rodata.name)
    __fsym___cmd_signal_sample_desc          0x0800faca   Data          14  signal_sample.o(.rodata.name)
    __fsym___cmd_thread_sample_name          0x0800fad8   Data          20  thread_sample.o(.rodata.name)
    __fsym___cmd_thread_sample_desc          0x0800faec   Data          14  thread_sample.o(.rodata.name)
    __fsym___cmd_timer_sample_name           0x0800fafa   Data          19  timer_sample.o(.rodata.name)
    __fsym___cmd_timer_sample_desc           0x0800fb0d   Data          13  timer_sample.o(.rodata.name)
    __fsym___cmd_timeslice_sample_name       0x0800fb1a   Data          23  timeslice_sample.o(.rodata.name)
    __fsym___cmd_timeslice_sample_desc       0x0800fb31   Data          17  timeslice_sample.o(.rodata.name)
    __rt_init_rti_start                      0x0800fb44   Data           4  components.o(.rti_fn.0)
    __rt_init_rti_board_start                0x0800fb48   Data           4  components.o(.rti_fn.0.end)
    __rt_init_rt_hw_pin_init                 0x0800fb4c   Data           4  drv_gpio.o(.rti_fn.1)
    __rt_init_rt_hw_usart_init               0x0800fb50   Data           4  drv_usart.o(.rti_fn.1)
    __rt_init_rti_board_end                  0x0800fb54   Data           4  components.o(.rti_fn.1.end)
    __rt_init_finsh_system_init              0x0800fb58   Data           4  shell.o(.rti_fn.6)
    __rt_init_rti_end                        0x0800fb5c   Data           4  components.o(.rti_fn.6.end)
    FSymTab$$Base                            0x0800fb60   Number         0  main.o(FSymTab)
    __fsym___cmd_led                         0x0800fb60   Data          12  main.o(FSymTab)
    __fsym___cmd_My_thread                   0x0800fb6c   Data          12  code.o(FSymTab)
    __fsym_list_mem                          0x0800fb78   Data          12  mem.o(FSymTab)
    __fsym_pinMode                           0x0800fb84   Data          12  pin.o(FSymTab)
    __fsym_pinWrite                          0x0800fb90   Data          12  pin.o(FSymTab)
    __fsym_pinRead                           0x0800fb9c   Data          12  pin.o(FSymTab)
    __fsym_hello                             0x0800fba8   Data          12  cmd.o(FSymTab)
    __fsym_version                           0x0800fbb4   Data          12  cmd.o(FSymTab)
    __fsym___cmd_version                     0x0800fbc0   Data          12  cmd.o(FSymTab)
    __fsym_list_thread                       0x0800fbcc   Data          12  cmd.o(FSymTab)
    __fsym___cmd_list_thread                 0x0800fbd8   Data          12  cmd.o(FSymTab)
    __fsym_list_sem                          0x0800fbe4   Data          12  cmd.o(FSymTab)
    __fsym___cmd_list_sem                    0x0800fbf0   Data          12  cmd.o(FSymTab)
    __fsym_list_event                        0x0800fbfc   Data          12  cmd.o(FSymTab)
    __fsym___cmd_list_event                  0x0800fc08   Data          12  cmd.o(FSymTab)
    __fsym_list_mutex                        0x0800fc14   Data          12  cmd.o(FSymTab)
    __fsym___cmd_list_mutex                  0x0800fc20   Data          12  cmd.o(FSymTab)
    __fsym_list_mailbox                      0x0800fc2c   Data          12  cmd.o(FSymTab)
    __fsym___cmd_list_mailbox                0x0800fc38   Data          12  cmd.o(FSymTab)
    __fsym_list_msgqueue                     0x0800fc44   Data          12  cmd.o(FSymTab)
    __fsym___cmd_list_msgqueue               0x0800fc50   Data          12  cmd.o(FSymTab)
    __fsym_list_memheap                      0x0800fc5c   Data          12  cmd.o(FSymTab)
    __fsym___cmd_list_memheap                0x0800fc68   Data          12  cmd.o(FSymTab)
    __fsym_list_mempool                      0x0800fc74   Data          12  cmd.o(FSymTab)
    __fsym___cmd_list_mempool                0x0800fc80   Data          12  cmd.o(FSymTab)
    __fsym_list_timer                        0x0800fc8c   Data          12  cmd.o(FSymTab)
    __fsym___cmd_list_timer                  0x0800fc98   Data          12  cmd.o(FSymTab)
    __fsym_list_device                       0x0800fca4   Data          12  cmd.o(FSymTab)
    __fsym___cmd_list_device                 0x0800fcb0   Data          12  cmd.o(FSymTab)
    __fsym_list                              0x0800fcbc   Data          12  cmd.o(FSymTab)
    __fsym___cmd_help                        0x0800fcc8   Data          12  msh.o(FSymTab)
    __fsym___cmd_ps                          0x0800fcd4   Data          12  msh_cmd.o(FSymTab)
    __fsym___cmd_time                        0x0800fce0   Data          12  msh_cmd.o(FSymTab)
    __fsym___cmd_free                        0x0800fcec   Data          12  msh_cmd.o(FSymTab)
    __fsym___cmd_dynmem_sample               0x0800fcf8   Data          12  dynmem_sample.o(FSymTab)
    __fsym___cmd_event_sample                0x0800fd04   Data          12  event_sample.o(FSymTab)
    __fsym___cmd_idle_hook_sample            0x0800fd10   Data          12  idlehook_sample.o(FSymTab)
    __fsym___cmd_interrupt_sample            0x0800fd1c   Data          12  interrupt_sample.o(FSymTab)
    __fsym___cmd_mailbox_sample              0x0800fd28   Data          12  mailbox_sample.o(FSymTab)
    __fsym___cmd_mempool_sample              0x0800fd34   Data          12  memp_sample.o(FSymTab)
    __fsym___cmd_msgq_sample                 0x0800fd40   Data          12  msgq_sample.o(FSymTab)
    __fsym___cmd_mutex_sample                0x0800fd4c   Data          12  mutex_sample.o(FSymTab)
    __fsym___cmd_pri_inversion               0x0800fd58   Data          12  priority_inversion.o(FSymTab)
    __fsym___cmd_producer_consumer           0x0800fd64   Data          12  producer_consumer.o(FSymTab)
    __fsym___cmd_scheduler_hook              0x0800fd70   Data          12  scheduler_hook.o(FSymTab)
    __fsym___cmd_semaphore_sample            0x0800fd7c   Data          12  semaphore_sample.o(FSymTab)
    __fsym___cmd_signal_sample               0x0800fd88   Data          12  signal_sample.o(FSymTab)
    __fsym___cmd_thread_sample               0x0800fd94   Data          12  thread_sample.o(FSymTab)
    __fsym___cmd_timer_sample                0x0800fda0   Data          12  timer_sample.o(FSymTab)
    __fsym___cmd_timeslice_sample            0x0800fdac   Data          12  timeslice_sample.o(FSymTab)
    FSymTab$$Limit                           0x0800fdb8   Number         0  timeslice_sample.o(FSymTab)
    Region$$Table$$Base                      0x0800fdb8   Number         0  anon$$obj.o(Region$$Table)
    Region$$Table$$Limit                     0x0800fdd8   Number         0  anon$$obj.o(Region$$Table)
    pin_irq_hdr_tab                          0x2000001c   Data         192  drv_gpio.o(.data)
    uart1                                    0x200000dc   Data          68  drv_usart.o(.data)
    SystemCoreClock                          0x20000120   Data           4  system_stm32f1xx.o(.data)
    uwTick                                   0x20000124   Data           4  stm32f1xx_hal.o(.data)
    rt_interrupt_nest                        0x20000134   Data           1  irq.o(.data)
    rt_assert_hook                           0x20000140   Data           4  kservice.o(.data)
    rt_object_trytake_hook                   0x20000214   Data           4  object.o(.data)
    rt_object_take_hook                      0x20000218   Data           4  object.o(.data)
    rt_object_put_hook                       0x2000021c   Data           4  object.o(.data)
    rt_current_thread                        0x20000224   Data           4  scheduler.o(.data)
    rt_current_priority                      0x20000228   Data           1  scheduler.o(.data)
    rt_thread_ready_priority_group           0x2000022c   Data           4  scheduler.o(.data)
    rt_thread_defunct                        0x20000230   Data           8  scheduler.o(.data)
    rt_interrupt_from_thread                 0x2000025c   Data           4  cpuport.o(.data)
    rt_interrupt_to_thread                   0x20000260   Data           4  cpuport.o(.data)
    rt_thread_switch_interrupt_flag          0x20000264   Data           4  cpuport.o(.data)
    shell                                    0x2000026c   Data           4  shell.o(.data)
    _syscall_table_begin                     0x20000270   Data           4  symbol.o(.data)
    _syscall_table_end                       0x20000274   Data           4  symbol.o(.data)
    _sysvar_table_begin                      0x20000278   Data           4  symbol.o(.data)
    _sysvar_table_end                        0x2000027c   Data           4  symbol.o(.data)
    count                                    0x200002e4   Data           8  scheduler_hook.o(.data)
    sem_1                                    0x200007ac   Data          32  code.o(.bss)
    sem_2                                    0x200007cc   Data          32  code.o(.bss)
    sem_3                                    0x200007ec   Data          32  code.o(.bss)
    serial1                                  0x2000080c   Data          84  drv_usart.o(.bss)
    rt_thread_priority_table                 0x20000aa4   Data         256  scheduler.o(.bss)
    array                                    0x20004b10   Data          20  producer_consumer.o(.bss)
    sem_lock                                 0x20004b24   Data          32  producer_consumer.o(.bss)
    sem_empty                                0x20004b44   Data          32  producer_consumer.o(.bss)
    sem_full                                 0x20004b64   Data          32  producer_consumer.o(.bss)
    Image$$RW_IRAM1$$ZI$$Limit               0x20005d40   Number         0  anon$$obj.o ABSOLUTE
    __initial_sp                             0x20005d40   Data           0  startup_stm32f103xe.o(STACK)



==============================================================================

Memory Map of the image

  Image Entry point : 0x08000131

  Load Region LR_IROM1 (Base: 0x08000000, Size: 0x000100f0, Max: 0x000c0000, ABSOLUTE, COMPRESSED[0x0000fe6c])

    Execution Region ER_IROM1 (Exec base: 0x08000000, Load base: 0x08000000, Size: 0x0000fdd8, Max: 0x000c0000, ABSOLUTE)

    Exec Addr    Load Addr    Size         Type   Attr      Idx    E Section Name        Object

    0x08000000   0x08000000   0x00000130   Data   RO         1269    RESET               startup_stm32f103xe.o
    0x08000130   0x08000130   0x00000000   Code   RO         1993  * .ARM.Collect$$$$00000000  mc_w.l(entry.o)
    0x08000130   0x08000130   0x00000004   Code   RO         2014    .ARM.Collect$$$$00000001  mc_w.l(entry2.o)
    0x08000134   0x08000134   0x00000004   Code   RO         2017    .ARM.Collect$$$$00000004  mc_w.l(entry5.o)
    0x08000138   0x08000138   0x00000000   Code   RO         2019    .ARM.Collect$$$$00000008  mc_w.l(entry7b.o)
    0x08000138   0x08000138   0x00000000   Code   RO         2021    .ARM.Collect$$$$0000000A  mc_w.l(entry8b.o)
    0x08000138   0x08000138   0x00000008   Code   RO         2022    .ARM.Collect$$$$0000000B  mc_w.l(entry9a.o)
    0x08000140   0x08000140   0x00000000   Code   RO         2024    .ARM.Collect$$$$0000000D  mc_w.l(entry10a.o)
    0x08000140   0x08000140   0x00000000   Code   RO         2026    .ARM.Collect$$$$0000000F  mc_w.l(entry11a.o)
    0x08000140   0x08000140   0x00000004   Code   RO         2015    .ARM.Collect$$$$00002712  mc_w.l(entry2.o)
    0x08000144   0x08000144   0x00000078   Code   RO            1    .text               main.o
    0x080001bc   0x080001bc   0x0000057c   Code   RO          108    .text               code.o
    0x08000738   0x08000738   0x00000190   Code   RO          129    .text               board.o
    0x080008c8   0x080008c8   0x00000010   Code   RO          241    .text               stm32f1xx_it.o
    0x080008d8   0x080008d8   0x0000057c   Code   RO          268    .text               drv_gpio.o
    0x08000e54   0x08000e54   0x000004cc   Code   RO          297    .text               drv_usart.o
    0x08001320   0x08001320   0x000000f4   Code   RO          334    .text               system_stm32f1xx.o
    0x08001414   0x08001414   0x000004e8   Code   RO          401    .text               stm32f1xx_hal_gpio.o
    0x080018fc   0x080018fc   0x00000ee4   Code   RO          501    .text               stm32f1xx_hal_dma.o
    0x080027e0   0x080027e0   0x000002c4   Code   RO          525    .text               stm32f1xx_hal_cortex.o
    0x08002aa4   0x08002aa4   0x000008a8   Code   RO          649    .text               stm32f1xx_hal_rcc.o
    0x0800334c   0x0800334c   0x0000120a   Code   RO          835    .text               stm32f1xx_hal_uart.o
    0x08004556   0x08004556   0x00000002   PAD
    0x08004558   0x08004558   0x0000015c   Code   RO          901    .text               stm32f1xx_hal.o
    0x080046b4   0x080046b4   0x00000024   Code   RO         1270    .text               startup_stm32f103xe.o
    0x080046d8   0x080046d8   0x0000006c   Code   RO         1274    .text               clock.o
    0x08004744   0x08004744   0x000000dc   Code   RO         1288    .text               components.o
    0x08004820   0x08004820   0x00000530   Code   RO         1307    .text               device.o
    0x08004d50   0x08004d50   0x000001d4   Code   RO         1320    .text               idle.o
    0x08004f24   0x08004f24   0x00001c08   Code   RO         1339    .text               ipc.o
    0x08006b2c   0x08006b2c   0x0000007c   Code   RO         1357    .text               irq.o
    0x08006ba8   0x08006ba8   0x00000ab0   Code   RO         1372    .text               kservice.o
    0x08007658   0x08007658   0x000008f4   Code   RO         1392    .text               mem.o
    0x08007f4c   0x08007f4c   0x000004f0   Code   RO         1438    .text               mempool.o
    0x0800843c   0x0800843c   0x00000378   Code   RO         1456    .text               object.o
    0x080087b4   0x080087b4   0x00000308   Code   RO         1475    .text               scheduler.o
    0x08008abc   0x08008abc   0x000005c4   Code   RO         1496    .text               signal.o
    0x08009080   0x08009080   0x0000059c   Code   RO         1526    .text               timer.o
    0x0800961c   0x0800961c   0x000007f8   Code   RO         1545    .text               thread.o
    0x08009e14   0x08009e14   0x000005d4   Code   RO         1565    .text               cpuport.o
    0x0800a3e8   0x0800a3e8   0x000000f0   Code   RO         1581    .text               context_rvds.o
    0x0800a4d8   0x0800a4d8   0x00000250   Code   RO         1585    .text               pin.o
    0x0800a728   0x0800a728   0x00000530   Code   RO         1603    .text               serial.o
    0x0800ac58   0x0800ac58   0x000008bc   Code   RO         1616    .text               shell.o
    0x0800b514   0x0800b514   0x00000bfc   Code   RO         1657    .text               cmd.o
    0x0800c110   0x0800c110   0x00000368   Code   RO         1678    .text               msh.o
    0x0800c478   0x0800c478   0x00000022   Code   RO         1695    .text               msh_cmd.o
    0x0800c49a   0x0800c49a   0x00000002   PAD
    0x0800c49c   0x0800c49c   0x000000d0   Code   RO         1717    .text               dynmem_sample.o
    0x0800c56c   0x0800c56c   0x00000204   Code   RO         1733    .text               event_sample.o
    0x0800c770   0x0800c770   0x00000138   Code   RO         1750    .text               idlehook_sample.o
    0x0800c8a8   0x0800c8a8   0x000000b8   Code   RO         1767    .text               interrupt_sample.o
    0x0800c960   0x0800c960   0x00000194   Code   RO         1784    .text               mailbox_sample.o
    0x0800caf4   0x0800caf4   0x00000160   Code   RO         1802    .text               memp_sample.o
    0x0800cc54   0x0800cc54   0x0000025c   Code   RO         1820    .text               msgq_sample.o
    0x0800ceb0   0x0800ceb0   0x000001b0   Code   RO         1837    .text               mutex_sample.o
    0x0800d060   0x0800d060   0x00000254   Code   RO         1855    .text               priority_inversion.o
    0x0800d2b4   0x0800d2b4   0x000002d8   Code   RO         1872    .text               producer_consumer.o
    0x0800d58c   0x0800d58c   0x000000d8   Code   RO         1890    .text               scheduler_hook.o
    0x0800d664   0x0800d664   0x000001fc   Code   RO         1907    .text               semaphore_sample.o
    0x0800d860   0x0800d860   0x000000bc   Code   RO         1925    .text               signal_sample.o
    0x0800d91c   0x0800d91c   0x000000e8   Code   RO         1942    .text               thread_sample.o
    0x0800da04   0x0800da04   0x00000104   Code   RO         1960    .text               timer_sample.o
    0x0800db08   0x0800db08   0x000000b4   Code   RO         1977    .text               timeslice_sample.o
    0x0800dbbc   0x0800dbbc   0x00000024   Code   RO         1998    .text               mc_w.l(memcpya.o)
    0x0800dbe0   0x0800dbe0   0x00000024   Code   RO         2000    .text               mc_w.l(memseta.o)
    0x0800dc04   0x0800dc04   0x00000018   Code   RO         2002    .text               mc_w.l(strcat.o)
    0x0800dc1c   0x0800dc1c   0x0000000e   Code   RO         2004    .text               mc_w.l(strlen.o)
    0x0800dc2a   0x0800dc2a   0x0000001a   Code   RO         2006    .text               mc_w.l(memcmp.o)
    0x0800dc44   0x0800dc44   0x00000012   Code   RO         2008    .text               mc_w.l(strcpy.o)
    0x0800dc56   0x0800dc56   0x0000001e   Code   RO         2010    .text               mc_w.l(strncmp.o)
    0x0800dc74   0x0800dc74   0x00000024   Code   RO         2028    .text               mc_w.l(init.o)
    0x0800dc98   0x0800dc98   0x00000056   Code   RO         2038    .text               mc_w.l(__dczerorl2.o)
    0x0800dcee   0x0800dcee   0x0000000e   Code   RO         2032    i.__scatterload_copy  mc_w.l(handlers.o)
    0x0800dcfc   0x0800dcfc   0x00000002   Code   RO         2033    i.__scatterload_null  mc_w.l(handlers.o)
    0x0800dcfe   0x0800dcfe   0x0000000e   Code   RO         2034    i.__scatterload_zeroinit  mc_w.l(handlers.o)
    0x0800dd0c   0x0800dd0c   0x00000013   Data   RO          130    .constdata          board.o
    0x0800dd1f   0x0800dd1f   0x00000001   PAD
    0x0800dd20   0x0800dd20   0x00000968   Data   RO          269    .constdata          drv_gpio.o
    0x0800e688   0x0800e688   0x0000006f   Data   RO          299    .constdata          drv_usart.o
    0x0800e6f7   0x0800e6f7   0x00000018   Data   RO          335    .constdata          system_stm32f1xx.o
    0x0800e70f   0x0800e70f   0x00000014   Data   RO         1289    .constdata          components.o
    0x0800e723   0x0800e723   0x000000c9   Data   RO         1308    .constdata          device.o
    0x0800e7ec   0x0800e7ec   0x00000016   Data   RO         1322    .constdata          idle.o
    0x0800e802   0x0800e802   0x000001f7   Data   RO         1340    .constdata          ipc.o
    0x0800e9f9   0x0800e9f9   0x00000122   Data   RO         1374    .constdata          kservice.o
    0x0800eb1b   0x0800eb1b   0x00000046   Data   RO         1394    .constdata          mem.o
    0x0800eb61   0x0800eb61   0x0000003e   Data   RO         1439    .constdata          mempool.o
    0x0800eb9f   0x0800eb9f   0x00000080   Data   RO         1457    .constdata          object.o
    0x0800ec1f   0x0800ec1f   0x0000004e   Data   RO         1477    .constdata          scheduler.o
    0x0800ec6d   0x0800ec6d   0x00000048   Data   RO         1497    .constdata          signal.o
    0x0800ecb5   0x0800ecb5   0x0000005c   Data   RO         1527    .constdata          timer.o
    0x0800ed11   0x0800ed11   0x000000b9   Data   RO         1546    .constdata          thread.o
    0x0800edca   0x0800edca   0x00000013   Data   RO         1566    .constdata          cpuport.o
    0x0800eddd   0x0800eddd   0x0000007e   Data   RO         1587    .constdata          pin.o
    0x0800ee5b   0x0800ee5b   0x000000b5   Data   RO         1604    .constdata          serial.o
    0x0800ef10   0x0800ef10   0x0000005b   Data   RO         1618    .constdata          shell.o
    0x0800ef6b   0x0800ef6b   0x00000001   PAD
    0x0800ef6c   0x0800ef6c   0x00000050   Data   RO         1658    .constdata          cmd.o
    0x0800efbc   0x0800efbc   0x0000000e   Data   RO         1679    .constdata          msh.o
    0x0800efca   0x0800efca   0x00000002   PAD
    0x0800efcc   0x0800efcc   0x00000043   Data   RO          131    .conststring        board.o
    0x0800f00f   0x0800f00f   0x00000001   PAD
    0x0800f010   0x0800f010   0x0000015a   Data   RO         1341    .conststring        ipc.o
    0x0800f16a   0x0800f16a   0x00000002   PAD
    0x0800f16c   0x0800f16c   0x000000ed   Data   RO         1395    .conststring        mem.o
    0x0800f259   0x0800f259   0x00000003   PAD
    0x0800f25c   0x0800f25c   0x00000042   Data   RO         1547    .conststring        thread.o
    0x0800f29e   0x0800f29e   0x00000002   PAD
    0x0800f2a0   0x0800f2a0   0x0000015d   Data   RO         1659    .conststring        cmd.o
    0x0800f3fd   0x0800f3fd   0x00000025   Data   RO            2    .rodata.name        main.o
    0x0800f422   0x0800f422   0x0000001e   Data   RO          111    .rodata.name        code.o
    0x0800f440   0x0800f440   0x00000027   Data   RO         1397    .rodata.name        mem.o
    0x0800f467   0x0800f467   0x00000069   Data   RO         1588    .rodata.name        pin.o
    0x0800f4d0   0x0800f4d0   0x00000385   Data   RO         1660    .rodata.name        cmd.o
    0x0800f855   0x0800f855   0x00000021   Data   RO         1680    .rodata.name        msh.o
    0x0800f876   0x0800f876   0x0000007b   Data   RO         1696    .rodata.name        msh_cmd.o
    0x0800f8f1   0x0800f8f1   0x00000022   Data   RO         1718    .rodata.name        dynmem_sample.o
    0x0800f913   0x0800f913   0x00000020   Data   RO         1735    .rodata.name        event_sample.o
    0x0800f933   0x0800f933   0x00000028   Data   RO         1752    .rodata.name        idlehook_sample.o
    0x0800f95b   0x0800f95b   0x00000028   Data   RO         1769    .rodata.name        interrupt_sample.o
    0x0800f983   0x0800f983   0x00000024   Data   RO         1787    .rodata.name        mailbox_sample.o
    0x0800f9a7   0x0800f9a7   0x00000024   Data   RO         1805    .rodata.name        memp_sample.o
    0x0800f9cb   0x0800f9cb   0x0000001e   Data   RO         1822    .rodata.name        msgq_sample.o
    0x0800f9e9   0x0800f9e9   0x00000020   Data   RO         1840    .rodata.name        mutex_sample.o
    0x0800fa09   0x0800fa09   0x00000029   Data   RO         1857    .rodata.name        priority_inversion.o
    0x0800fa32   0x0800fa32   0x00000031   Data   RO         1875    .rodata.name        producer_consumer.o
    0x0800fa63   0x0800fa63   0x0000002b   Data   RO         1892    .rodata.name        scheduler_hook.o
    0x0800fa8e   0x0800fa8e   0x00000028   Data   RO         1910    .rodata.name        semaphore_sample.o
    0x0800fab6   0x0800fab6   0x00000022   Data   RO         1927    .rodata.name        signal_sample.o
    0x0800fad8   0x0800fad8   0x00000022   Data   RO         1945    .rodata.name        thread_sample.o
    0x0800fafa   0x0800fafa   0x00000020   Data   RO         1962    .rodata.name        timer_sample.o
    0x0800fb1a   0x0800fb1a   0x00000028   Data   RO         1978    .rodata.name        timeslice_sample.o
    0x0800fb42   0x0800fb42   0x00000002   PAD
    0x0800fb44   0x0800fb44   0x00000004   Data   RO         1290    .rti_fn.0           components.o
    0x0800fb48   0x0800fb48   0x00000004   Data   RO         1291    .rti_fn.0.end       components.o
    0x0800fb4c   0x0800fb4c   0x00000004   Data   RO          271    .rti_fn.1           drv_gpio.o
    0x0800fb50   0x0800fb50   0x00000004   Data   RO          301    .rti_fn.1           drv_usart.o
    0x0800fb54   0x0800fb54   0x00000004   Data   RO         1292    .rti_fn.1.end       components.o
    0x0800fb58   0x0800fb58   0x00000004   Data   RO         1620    .rti_fn.6           shell.o
    0x0800fb5c   0x0800fb5c   0x00000004   Data   RO         1293    .rti_fn.6.end       components.o
    0x0800fb60   0x0800fb60   0x0000000c   Data   RO            3    FSymTab             main.o
    0x0800fb6c   0x0800fb6c   0x0000000c   Data   RO          112    FSymTab             code.o
    0x0800fb78   0x0800fb78   0x0000000c   Data   RO         1398    FSymTab             mem.o
    0x0800fb84   0x0800fb84   0x00000024   Data   RO         1589    FSymTab             pin.o
    0x0800fba8   0x0800fba8   0x00000120   Data   RO         1661    FSymTab             cmd.o
    0x0800fcc8   0x0800fcc8   0x0000000c   Data   RO         1681    FSymTab             msh.o
    0x0800fcd4   0x0800fcd4   0x00000024   Data   RO         1697    FSymTab             msh_cmd.o
    0x0800fcf8   0x0800fcf8   0x0000000c   Data   RO         1719    FSymTab             dynmem_sample.o
    0x0800fd04   0x0800fd04   0x0000000c   Data   RO         1736    FSymTab             event_sample.o
    0x0800fd10   0x0800fd10   0x0000000c   Data   RO         1753    FSymTab             idlehook_sample.o
    0x0800fd1c   0x0800fd1c   0x0000000c   Data   RO         1770    FSymTab             interrupt_sample.o
    0x0800fd28   0x0800fd28   0x0000000c   Data   RO         1788    FSymTab             mailbox_sample.o
    0x0800fd34   0x0800fd34   0x0000000c   Data   RO         1806    FSymTab             memp_sample.o
    0x0800fd40   0x0800fd40   0x0000000c   Data   RO         1823    FSymTab             msgq_sample.o
    0x0800fd4c   0x0800fd4c   0x0000000c   Data   RO         1841    FSymTab             mutex_sample.o
    0x0800fd58   0x0800fd58   0x0000000c   Data   RO         1858    FSymTab             priority_inversion.o
    0x0800fd64   0x0800fd64   0x0000000c   Data   RO         1876    FSymTab             producer_consumer.o
    0x0800fd70   0x0800fd70   0x0000000c   Data   RO         1893    FSymTab             scheduler_hook.o
    0x0800fd7c   0x0800fd7c   0x0000000c   Data   RO         1911    FSymTab             semaphore_sample.o
    0x0800fd88   0x0800fd88   0x0000000c   Data   RO         1928    FSymTab             signal_sample.o
    0x0800fd94   0x0800fd94   0x0000000c   Data   RO         1946    FSymTab             thread_sample.o
    0x0800fda0   0x0800fda0   0x0000000c   Data   RO         1963    FSymTab             timer_sample.o
    0x0800fdac   0x0800fdac   0x0000000c   Data   RO         1979    FSymTab             timeslice_sample.o
    0x0800fdb8   0x0800fdb8   0x00000020   Data   RO         2030    Region$$Table       anon$$obj.o


    Execution Region RW_IRAM1 (Exec base: 0x20000000, Load base: 0x0800fdd8, Size: 0x00005d40, Max: 0x00018000, ABSOLUTE, COMPRESSED[0x00000094])

    Exec Addr    Load Addr    Size         Type   Attr      Idx    E Section Name        Object

    0x20000000   COMPRESSED   0x0000001c   Data   RW          110    .data               code.o
    0x2000001c   COMPRESSED   0x000000c0   Data   RW          270    .data               drv_gpio.o
    0x200000dc   COMPRESSED   0x00000044   Data   RW          300    .data               drv_usart.o
    0x20000120   COMPRESSED   0x00000004   Data   RW          336    .data               system_stm32f1xx.o
    0x20000124   COMPRESSED   0x00000004   Data   RW          902    .data               stm32f1xx_hal.o
    0x20000128   COMPRESSED   0x00000004   Data   RW         1275    .data               clock.o
    0x2000012c   COMPRESSED   0x00000009   Data   RW         1358    .data               irq.o
    0x20000135   COMPRESSED   0x00000003   PAD
    0x20000138   COMPRESSED   0x0000000c   Data   RW         1375    .data               kservice.o
    0x20000144   COMPRESSED   0x00000020   Data   RW         1396    .data               mem.o
    0x20000164   COMPRESSED   0x00000008   Data   RW         1440    .data               mempool.o
    0x2000016c   COMPRESSED   0x000000b4   Data   RW         1458    .data               object.o
    0x20000220   COMPRESSED   0x0000001c   Data   RW         1478    .data               scheduler.o
    0x2000023c   COMPRESSED   0x00000004   Data   RW         1498    .data               signal.o
    0x20000240   COMPRESSED   0x00000010   Data   RW         1528    .data               timer.o
    0x20000250   COMPRESSED   0x0000000c   Data   RW         1548    .data               thread.o
    0x2000025c   COMPRESSED   0x00000010   Data   RW         1567    .data               cpuport.o
    0x2000026c   COMPRESSED   0x00000004   Data   RW         1619    .data               shell.o
    0x20000270   COMPRESSED   0x00000010   Data   RW         1641    .data               symbol.o
    0x20000280   COMPRESSED   0x00000008   Data   RW         1751    .data               idlehook_sample.o
    0x20000288   COMPRESSED   0x00000004   Data   RW         1768    .data               interrupt_sample.o
    0x2000028c   COMPRESSED   0x00000027   Data   RW         1786    .data               mailbox_sample.o
    0x200002b3   COMPRESSED   0x00000001   PAD
    0x200002b4   COMPRESSED   0x00000008   Data   RW         1804    .data               memp_sample.o
    0x200002bc   COMPRESSED   0x00000006   Data   RW         1839    .data               mutex_sample.o
    0x200002c2   COMPRESSED   0x00000002   PAD
    0x200002c4   COMPRESSED   0x00000010   Data   RW         1856    .data               priority_inversion.o
    0x200002d4   COMPRESSED   0x00000010   Data   RW         1874    .data               producer_consumer.o
    0x200002e4   COMPRESSED   0x00000010   Data   RW         1891    .data               scheduler_hook.o
    0x200002f4   COMPRESSED   0x0000000d   Data   RW         1909    .data               semaphore_sample.o
    0x20000301   COMPRESSED   0x00000003   PAD
    0x20000304   COMPRESSED   0x00000004   Data   RW         1926    .data               signal_sample.o
    0x20000308   COMPRESSED   0x00000004   Data   RW         1944    .data               thread_sample.o
    0x2000030c   COMPRESSED   0x0000000c   Data   RW         1961    .data               timer_sample.o
    0x20000318        -       0x000004f4   Zero   RW          109    .bss                code.o
    0x2000080c        -       0x00000054   Zero   RW          298    .bss                drv_usart.o
    0x20000860        -       0x000001a4   Zero   RW         1321    .bss                idle.o
    0x20000a04        -       0x00000080   Zero   RW         1373    .bss                kservice.o
    0x20000a84        -       0x00000020   Zero   RW         1393    .bss                mem.o
    0x20000aa4        -       0x00000100   Zero   RW         1476    .bss                scheduler.o
    0x20000ba4        -       0x00000044   Zero   RW         1586    .bss                pin.o
    0x20000be8        -       0x00000081   Zero   RW         1617    .bss                shell.o
    0x20000c69   COMPRESSED   0x00000003   PAD
    0x20000c6c        -       0x00000948   Zero   RW         1734    .bss                event_sample.o
    0x200015b4        -       0x000009d8   Zero   RW         1785    .bss                mailbox_sample.o
    0x20001f8c        -       0x00001100   Zero   RW         1803    .bss                memp_sample.o
    0x2000308c        -       0x0000115c   Zero   RW         1821    .bss                msgq_sample.o
    0x200041e8        -       0x00000928   Zero   RW         1838    .bss                mutex_sample.o
    0x20004b10        -       0x00000074   Zero   RW         1873    .bss                producer_consumer.o
    0x20004b84        -       0x00000928   Zero   RW         1908    .bss                semaphore_sample.o
    0x200054ac        -       0x00000494   Zero   RW         1943    .bss                thread_sample.o
    0x20005940        -       0x00000400   Zero   RW         1267    STACK               startup_stm32f103xe.o


==============================================================================

Image component sizes


      Code (inc. data)   RO Data    RW Data    ZI Data      Debug   Object Name

       400         80         86          0          0     445770   board.o
       108          6          0          4          0       1448   clock.o
      3068       1334       1618          0          0      14987   cmd.o
      1404        660         42         28       1268       3823   code.o
       220         42         36          0          0       2662   components.o
       240         26          0          0          0        776   context_rvds.o
      1492        718         19         16          0       3947   cpuport.o
      1328        312        201          0          0       5682   device.o
      1404         44       2412        192          0       7558   drv_gpio.o
      1228        178        115         68         84      26471   drv_usart.o
       208         92         46          0          0       1695   dynmem_sample.o
       516        264         44          0       2376       2065   event_sample.o
       468         78         22          0        420       5408   idle.o
       312        136         52          8          0       1865   idlehook_sample.o
       184         58         52          4          0       1754   interrupt_sample.o
      7176       1040        849          0          0      22303   ipc.o
       124         14          0          9          0       1896   irq.o
      2736        228        290         12        128      12280   kservice.o
       404        174         48         39       2520       2217   mailbox_sample.o
       120         38         49          0          0      24452   main.o
      2292        644        358         32         32       5495   mem.o
       352        118         48          8       4352       1997   memp_sample.o
      1264        264         62          8          0       7050   mempool.o
       604        296         42          0       4444       2153   msgq_sample.o
       872        136         59          0          0       4316   msh.o
        34          0        159          0          0       2299   msh_cmd.o
       432        178         44          6       2344       1997   mutex_sample.o
       888        186        128        180          0       8267   object.o
       592         94        267          0         68       5095   pin.o
       596        218         53         16          0       2217   priority_inversion.o
       728        290         61         16        116       2323   producer_consumer.o
       776        148         78         28        256       6585   scheduler.o
       216         82         55         16          0       1907   scheduler_hook.o
       508        264         52         13       2344       2113   semaphore_sample.o
      1328        148        181          0          0       5921   serial.o
      2236        222         95          4        129       5953   shell.o
      1476        172         72          4          0       8296   signal.o
       188         64         46          4          0       1828   signal_sample.o
        36          8        304          0       1024        892   startup_stm32f103xe.o
       348         30          0          4          0       4135   stm32f1xx_hal.o
       708         22          0          0          0      27382   stm32f1xx_hal_cortex.o
      3812         40          0          0          0       6677   stm32f1xx_hal_dma.o
      1256         42          0          0          0       3947   stm32f1xx_hal_gpio.o
      2216         94          0          0          0       5319   stm32f1xx_hal_rcc.o
      4618         46          0          0          0      15920   stm32f1xx_hal_uart.o
        16          0          0          0          0        841   stm32f1xx_it.o
         0          0          0         16          0       5185   symbol.o
       244         32         24          4          0       1757   system_stm32f1xx.o
      2040        416        251         12          0      10598   thread.o
       232         92         46          4       1172       1873   thread_sample.o
      1436        268         92         16          0       8707   timer.o
       260        128         44         12          0       1733   timer_sample.o
       180         66         52          0          0       1717   timeslice_sample.o

    ----------------------------------------------------------------------
     55928      10330       8700        792      23080     761554   Object Totals
         0          0         32          0          0          0   (incl. Generated)
         4          0         14          9          3          0   (incl. Padding)

    ----------------------------------------------------------------------

      Code (inc. data)   RO Data    RW Data    ZI Data      Debug   Library Member Name

        86          0          0          0          0          0   __dczerorl2.o
         0          0          0          0          0          0   entry.o
         0          0          0          0          0          0   entry10a.o
         0          0          0          0          0          0   entry11a.o
         8          4          0          0          0          0   entry2.o
         4          0          0          0          0          0   entry5.o
         0          0          0          0          0          0   entry7b.o
         0          0          0          0          0          0   entry8b.o
         8          4          0          0          0          0   entry9a.o
        30          0          0          0          0          0   handlers.o
        36          8          0          0          0         68   init.o
        26          0          0          0          0         80   memcmp.o
        36          0          0          0          0         68   memcpya.o
        36          0          0          0          0        108   memseta.o
        24          0          0          0          0         68   strcat.o
        18          0          0          0          0         68   strcpy.o
        14          0          0          0          0         68   strlen.o
        30          0          0          0          0         80   strncmp.o

    ----------------------------------------------------------------------
       356         16          0          0          0        608   Library Totals
         0          0          0          0          0          0   (incl. Padding)

    ----------------------------------------------------------------------

      Code (inc. data)   RO Data    RW Data    ZI Data      Debug   Library Name

       356         16          0          0          0        608   mc_w.l

    ----------------------------------------------------------------------
       356         16          0          0          0        608   Library Totals

    ----------------------------------------------------------------------

==============================================================================


      Code (inc. data)   RO Data    RW Data    ZI Data      Debug   

     56284      10346       8700        792      23080     757766   Grand Totals
     56284      10346       8700        148      23080     757766   ELF Image Totals (compressed)
     56284      10346       8700        148          0          0   ROM Totals

==============================================================================

    Total RO  Size (Code + RO Data)                64984 (  63.46kB)
    Total RW  Size (RW Data + ZI Data)             23872 (  23.31kB)
    Total ROM Size (Code + RO Data + RW Data)      65132 (  63.61kB)

==============================================================================

