<html>
<body>
<pre>
<h1>µVision Build Log</h1>
<h2>Tool Versions:</h2>
IDE-Version: ¦ÌVision V5.28.0.0
Copyright (C) 2019 ARM Ltd and ARM Germany GmbH. All rights reserved.
License Information: G ty, HITWH, LIC=7YKYW-Q8IRH-AW72F-67EUJ-T45UV-ITS1Z
 
Tool Versions:
Toolchain:       MDK-ARM Professional  Version: 5.28.0.0
Toolchain Path:  C:\Keil_v5\ARM\ARMCC\Bin
C Compiler:      Armcc.exe V5.06 update 6 (build 750)
Assembler:       Armasm.exe V5.06 update 6 (build 750)
Linker/Locator:  ArmLink.exe V5.06 update 6 (build 750)
Library Manager: ArmAr.exe V5.06 update 6 (build 750)
Hex Converter:   FromElf.exe V5.06 update 6 (build 750)
CPU DLL:         SARMCM3.DLL V5.28.0.0
Dialog DLL:      DARMSTM.DLL V1.68.0.0
Target DLL:      UL2CM3.DLL V1.162.16.0
Dialog DLL:      TARMSTM.DLL V1.66.0.0
 
<h2>Project:</h2>
C:\Users\Admin\Documents\stm\rtthread_simulator_v0.1.0\project.uvprojx
Project File Date:  04/20/2022

<h2>Output:</h2>
*** Using Compiler 'V5.06 update 6 (build 750)', folder: 'C:\Keil_v5\ARM\ARMCC\Bin'
Build target 'rtthread-stm32'
compiling main.c...
applications\main.c(32): warning:  #223-D: function "My_thread" declared implicitly
  	My_thread();
applications\main.c: 1 warning, 0 errors
compiling code.c...
compiling drv_usart.c...
compiling stm32f1xx_hal_gpio_ex.c...
compiling stm32f1xx_hal_gpio.c...
compiling stm32f1xx_hal_adc.c...
compiling stm32f1xx_it.c...
compiling stm32f1xx_hal_adc_ex.c...
compiling drv_gpio.c...
compiling board.c...
compiling system_stm32f1xx.c...
compiling stm32f1xx_hal_flash.c...
compiling stm32f1xx_hal_flash_ex.c...
compiling stm32f1xx_hal_dma.c...
compiling stm32f1xx_hal_cortex.c...
compiling stm32f1xx_hal_crc.c...
compiling stm32f1xx_hal_irda.c...
compiling stm32f1xx_hal_i2c.c...
compiling stm32f1xx_hal_iwdg.c...
compiling stm32f1xx_hal_pwr.c...
compiling stm32f1xx_hal_rcc_ex.c...
compiling stm32f1xx_hal_rtc.c...
compiling stm32f1xx_hal_rcc.c...
compiling stm32f1xx_hal_rtc_ex.c...
compiling stm32f1xx_ll_adc.c...
compiling stm32f1xx_ll_crc.c...
compiling stm32f1xx_ll_dac.c...
compiling stm32f1xx_hal_smartcard.c...
compiling stm32f1xx_hal_spi_ex.c...
compiling stm32f1xx_hal_spi.c...
compiling stm32f1xx_ll_dma.c...
compiling stm32f1xx_ll_exti.c...
compiling stm32f1xx_ll_gpio.c...
compiling stm32f1xx_ll_i2c.c...
compiling stm32f1xx_ll_pwr.c...
compiling stm32f1xx_hal.c...
compiling stm32f1xx_hal_tim_ex.c...
compiling stm32f1xx_hal_wwdg.c...
compiling stm32f1xx_ll_rcc.c...
compiling stm32f1xx_hal_uart.c...
compiling stm32f1xx_hal_tim.c...
compiling stm32f1xx_hal_usart.c...
compiling stm32f1xx_ll_rtc.c...
compiling stm32f1xx_ll_spi.c...
compiling stm32f1xx_ll_tim.c...
compiling stm32f1xx_ll_usart.c...
compiling stm32f1xx_ll_fsmc.c...
compiling stm32f1xx_hal_can.c...
compiling stm32f1xx_ll_sdmmc.c...
compiling stm32f1xx_ll_usb.c...
compiling stm32f1xx_hal_i2s.c...
compiling stm32f1xx_hal_dac.c...
compiling stm32f1xx_hal_dac_ex.c...
compiling stm32f1xx_ll_utils.c...
compiling stm32f1xx_hal_nand.c...
compiling stm32f1xx_hal_pccard.c...
compiling stm32f1xx_hal_mmc.c...
compiling stm32f1xx_hal_sd.c...
assembling startup_stm32f103xe.s...
compiling components.c...
compiling clock.c...
compiling device.c...
compiling idle.c...
compiling irq.c...
compiling memheap.c...
compiling mem.c...
compiling kservice.c...
compiling ipc.c...
compiling stm32f1xx_hal_nor.c...
compiling mempool.c...
compiling object.c...
compiling scheduler.c...
compiling signal.c...
compiling stm32f1xx_hal_sram.c...
compiling stm32f1xx_hal_pcd.c...
compiling stm32f1xx_hal_pcd_ex.c...
compiling timer.c...
assembling context_rvds.S...
compiling cpuport.c...
compiling thread.c...
compiling pin.c...
compiling symbol.c...
compiling serial.c...
compiling shell.c...
compiling cmd.c...
compiling msh.c...
compiling msh_file.c...
compiling msh_cmd.c...
compiling dynmem_sample.c...
compiling event_sample.c...
compiling mailbox_sample.c...
compiling idlehook_sample.c...
compiling memp_sample.c...
compiling interrupt_sample.c...
compiling msgq_sample.c...
compiling mutex_sample.c...
compiling priority_inversion.c...
compiling scheduler_hook.c...
compiling producer_consumer.c...
compiling semaphore_sample.c...
compiling signal_sample.c...
compiling timer_sample.c...
compiling timeslice_sample.c...
compiling thread_sample.c...
linking...
Program Size: Code=55148 RO-data=8700 RW-data=768 ZI-data=22984  
After Build - User command #1: fromelf --bin .\build\rtthread-stm32.axf --output rtthread.bin
".\build\rtthread-stm32.axf" - 0 Error(s), 1 Warning(s).

<h2>Software Packages used:</h2>

Package Vendor: Keil
                http://www.keil.com/pack/Keil.STM32F1xx_DFP.2.1.0.pack
                Keil.STM32F1xx_DFP.2.1.0
                STMicroelectronics STM32F1 Series Device Support, Drivers and Examples

<h2>Collection of Component include folders:</h2>
  .\RTE\_rtthread-stm32
  C:\Users\Admin\AppData\Local\Arm\Packs\Keil\STM32F1xx_DFP\2.1.0\Device\Include

<h2>Collection of Component Files used:</h2>
Build Time Elapsed:  00:00:11
</pre>
</body>
</html>
