Component: ARM Compiler 5.06 update 6 (build 750) Tool: armlink [4d35ed]

==============================================================================

Section Cross References

    main.o(.text) refers to code.o(.text) for My_thread
    main.o(.text) refers to pin.o(.text) for rt_pin_mode
    main.o(.text) refers to kservice.o(.text) for rt_kprintf
    main.o(.text) refers to thread.o(.text) for rt_thread_mdelay
    main.o(FSymTab) refers to main.o(.rodata.name) for __fsym___cmd_led_name
    main.o(FSymTab) refers to main.o(.text) for led
    code.o(.text) refers to kservice.o(.text) for rt_kprintf
    code.o(.text) refers to thread.o(.text) for rt_thread_mdelay
    code.o(.text) refers to code.o(.data) for tid1
    code.o(.text) refers to code.o(.bss) for thread2_stack
    code.o(FSymTab) refers to code.o(.rodata.name) for __fsym___cmd_My_thread_name
    code.o(FSymTab) refers to code.o(.text) for My_thread
    board.o(.text) refers to stm32f1xx_hal_cortex.o(.text) for HAL_NVIC_SetPriorityGrouping
    board.o(.text) refers to stm32f1xx_hal_rcc.o(.text) for HAL_RCC_OscConfig
    board.o(.text) refers to kservice.o(.text) for rt_assert_handler
    board.o(.text) refers to irq.o(.text) for rt_interrupt_enter
    board.o(.text) refers to stm32f1xx_hal.o(.text) for HAL_IncTick
    board.o(.text) refers to clock.o(.text) for rt_tick_increase
    board.o(.text) refers to mem.o(.text) for rt_system_heap_init
    board.o(.text) refers to components.o(.text) for rt_components_board_init
    board.o(.text) refers to board.o(.constdata) for __FUNCTION__
    board.o(.text) refers to board.o(.conststring) for .conststring
    drv_gpio.o(.text) refers to stm32f1xx_hal_gpio.o(.text) for HAL_GPIO_WritePin
    drv_gpio.o(.text) refers to context_rvds.o(.text) for rt_hw_interrupt_disable
    drv_gpio.o(.text) refers to stm32f1xx_hal_cortex.o(.text) for HAL_NVIC_SetPriority
    drv_gpio.o(.text) refers to drv_gpio.o(.constdata) for pins
    drv_gpio.o(.text) refers to drv_gpio.o(.data) for pin_irq_hdr_tab
    drv_gpio.o(.text) refers to pin.o(.text) for rt_device_pin_register
    drv_gpio.o(.text) refers to irq.o(.text) for rt_interrupt_enter
    drv_gpio.o(.constdata) refers to drv_gpio.o(.text) for GPIOE_CLK_ENABLE
    drv_gpio.o(.rti_fn.1) refers to drv_gpio.o(.text) for rt_hw_pin_init
    drv_usart.o(.text) refers to kservice.o(.text) for rt_assert_handler
    drv_usart.o(.text) refers to stm32f1xx_hal_uart.o(.text) for HAL_UART_Init
    drv_usart.o(.text) refers to serial.o(.text) for rt_hw_serial_isr
    drv_usart.o(.text) refers to irq.o(.text) for rt_interrupt_enter
    drv_usart.o(.text) refers to stm32f1xx_hal_gpio.o(.text) for HAL_GPIO_Init
    drv_usart.o(.text) refers to stm32f1xx_hal_cortex.o(.text) for HAL_NVIC_SetPriority
    drv_usart.o(.text) refers to drv_usart.o(.constdata) for __FUNCTION__
    drv_usart.o(.text) refers to drv_usart.o(.bss) for serial1
    drv_usart.o(.text) refers to drv_usart.o(.data) for uart1
    drv_usart.o(.constdata) refers to drv_usart.o(.text) for stm32_configure
    drv_usart.o(.rti_fn.1) refers to drv_usart.o(.text) for rt_hw_usart_init
    system_stm32f1xx.o(.text) refers to system_stm32f1xx.o(.data) for SystemCoreClock
    system_stm32f1xx.o(.text) refers to system_stm32f1xx.o(.constdata) for AHBPrescTable
    stm32f1xx_hal_gpio.o(.text) refers to drv_gpio.o(.text) for HAL_GPIO_EXTI_Callback
    stm32f1xx_hal_flash.o(.text) refers to stm32f1xx_hal.o(.text) for HAL_GetTick
    stm32f1xx_hal_flash.o(.text) refers to llushr.o(.text) for __aeabi_llsr
    stm32f1xx_hal_flash.o(.text) refers to stm32f1xx_hal_flash_ex.o(.text) for FLASH_PageErase
    stm32f1xx_hal_flash.o(.text) refers to stm32f1xx_hal_flash.o(.bss) for pFlash
    stm32f1xx_hal_flash.o(.text) refers to stm32f1xx_hal_cortex.o(.text) for HAL_NVIC_SystemReset
    stm32f1xx_hal_flash_ex.o(.text) refers to stm32f1xx_hal_flash.o(.text) for FLASH_WaitForLastOperation
    stm32f1xx_hal_flash_ex.o(.text) refers to stm32f1xx_hal_flash.o(.bss) for pFlash
    stm32f1xx_hal_dma.o(.text) refers to stm32f1xx_hal.o(.text) for HAL_GetTick
    stm32f1xx_hal_rcc.o(.text) refers to stm32f1xx_hal.o(.text) for HAL_GetTick
    stm32f1xx_hal_rcc.o(.text) refers to system_stm32f1xx.o(.data) for SystemCoreClock
    stm32f1xx_hal_rcc.o(.text) refers to stm32f1xx_hal_gpio.o(.text) for HAL_GPIO_Init
    stm32f1xx_hal_rcc.o(.text) refers to system_stm32f1xx.o(.constdata) for AHBPrescTable
    stm32f1xx_hal_rcc_ex.o(.text) refers to stm32f1xx_hal.o(.text) for HAL_GetTick
    stm32f1xx_hal_rcc_ex.o(.text) refers to stm32f1xx_hal_rcc.o(.text) for HAL_RCC_GetSysClockFreq
    stm32f1xx_hal_tim.o(.text) refers to stm32f1xx_hal_dma.o(.text) for HAL_DMA_Start_IT
    stm32f1xx_hal_tim.o(.text) refers to stm32f1xx_hal_tim_ex.o(.text) for HAL_TIMEx_BreakCallback
    stm32f1xx_hal_tim_ex.o(.text) refers to stm32f1xx_hal_tim.o(.text) for TIM_Base_SetConfig
    stm32f1xx_hal_tim_ex.o(.text) refers to stm32f1xx_hal_dma.o(.text) for HAL_DMA_Start_IT
[...]
    _main_scatterload                        0x08000135   Thumb Code     0  entry5.o(.ARM.Collect$$$$00000004)
    __main_after_scatterload                 0x08000139   Thumb Code     0  entry5.o(.ARM.Collect$$$$00000004)
    _main_clock                              0x08000139   Thumb Code     0  entry7b.o(.ARM.Collect$$$$00000008)
    _main_cpp_init                           0x08000139   Thumb Code     0  entry8b.o(.ARM.Collect$$$$0000000A)
    _main_init                               0x08000139   Thumb Code     0  entry9a.o(.ARM.Collect$$$$0000000B)
    __rt_final_cpp                           0x08000141   Thumb Code     0  entry10a.o(.ARM.Collect$$$$0000000D)
    __rt_final_exit                          0x08000141   Thumb Code     0  entry11a.o(.ARM.Collect$$$$0000000F)
    $Super$$main                             0x08000145   Thumb Code    10  main.o(.text)
    led                                      0x0800014f   Thumb Code    72  main.o(.text)
    My_thread                                0x080001f3   Thumb Code    84  code.o(.text)
    HAL_MspInit                              0x080002cd   Thumb Code   140  board.o(.text)
    SystemClock_Config                       0x08000359   Thumb Code   130  board.o(.text)
    SysTick_Handler                          0x080003db   Thumb Code    20  board.o(.text)
    rt_hw_board_init                         0x080003ef   Thumb Code    30  board.o(.text)
    NMI_Handler                              0x0800045d   Thumb Code     2  stm32f1xx_it.o(.text)
    MemManage_Handler                        0x0800045f   Thumb Code     4  stm32f1xx_it.o(.text)
    BusFault_Handler                         0x08000463   Thumb Code     4  stm32f1xx_it.o(.text)
    UsageFault_Handler                       0x08000467   Thumb Code     4  stm32f1xx_it.o(.text)
    DebugMon_Handler                         0x0800046b   Thumb Code     2  stm32f1xx_it.o(.text)
    get_pin                                  0x0800054d   Thumb Code    26  drv_gpio.o(.text)
    stm32_pin_write                          0x08000567   Thumb Code    40  drv_gpio.o(.text)
    stm32_pin_read                           0x0800058f   Thumb Code    42  drv_gpio.o(.text)
    stm32_pin_mode                           0x080005b9   Thumb Code   120  drv_gpio.o(.text)
    stm32_pin_attach_irq                     0x0800064f   Thumb Code   216  drv_gpio.o(.text)
    stm32_pin_dettach_irq                    0x08000727   Thumb Code   134  drv_gpio.o(.text)
    stm32_pin_irq_enable                     0x080007ad   Thumb Code   288  drv_gpio.o(.text)
    rt_hw_pin_init                           0x080008cd   Thumb Code    18  drv_gpio.o(.text)
    HAL_GPIO_EXTI_Callback                   0x080008df   Thumb Code    54  drv_gpio.o(.text)
    EXTI0_IRQHandler                         0x08000915   Thumb Code    18  drv_gpio.o(.text)
    EXTI1_IRQHandler                         0x08000927   Thumb Code    18  drv_gpio.o(.text)
    EXTI2_IRQHandler                         0x08000939   Thumb Code    18  drv_gpio.o(.text)
    EXTI3_IRQHandler                         0x0800094b   Thumb Code    18  drv_gpio.o(.text)
    EXTI4_IRQHandler                         0x0800095d   Thumb Code    18  drv_gpio.o(.text)
    EXTI9_5_IRQHandler                       0x0800096f   Thumb Code    46  drv_gpio.o(.text)
    EXTI15_10_IRQHandler                     0x0800099d   Thumb Code    60  drv_gpio.o(.text)
    USART1_IRQHandler                        0x08000ba3   Thumb Code    18  drv_usart.o(.text)
    rt_hw_usart_init                         0x08000be7   Thumb Code    58  drv_usart.o(.text)
    HAL_UART_MspInit                         0x08000c21   Thumb Code   366  drv_usart.o(.text)
    HAL_UART_MspDeInit                       0x08000d8f   Thumb Code   280  drv_usart.o(.text)
    SystemInit                               0x08000eb5   Thumb Code    70  system_stm32f1xx.o(.text)
    SystemCoreClockUpdate                    0x08000efb   Thumb Code   142  system_stm32f1xx.o(.text)
    HAL_GPIO_Init                            0x08000fa9   Thumb Code   790  stm32f1xx_hal_gpio.o(.text)
    HAL_GPIO_DeInit                          0x080012bf   Thumb Code   312  stm32f1xx_hal_gpio.o(.text)
    HAL_GPIO_ReadPin                         0x080013f7   Thumb Code    16  stm32f1xx_hal_gpio.o(.text)
    HAL_GPIO_WritePin                        0x08001407   Thumb Code    12  stm32f1xx_hal_gpio.o(.text)
    HAL_GPIO_TogglePin                       0x08001413   Thumb Code     8  stm32f1xx_hal_gpio.o(.text)
    HAL_GPIO_LockPin                         0x0800141b   Thumb Code    46  stm32f1xx_hal_gpio.o(.text)
    HAL_GPIO_EXTI_IRQHandler                 0x0800144b   Thumb Code    28  stm32f1xx_hal_gpio.o(.text)
    HAL_DMA_Init                             0x08001491   Thumb Code   140  stm32f1xx_hal_dma.o(.text)
    HAL_DMA_DeInit                           0x0800151d   Thumb Code   124  stm32f1xx_hal_dma.o(.text)
    HAL_DMA_Start                            0x080015c5   Thumb Code   114  stm32f1xx_hal_dma.o(.text)
    HAL_DMA_Start_IT                         0x08001637   Thumb Code   156  stm32f1xx_hal_dma.o(.text)
    HAL_DMA_Abort                            0x080016d3   Thumb Code    58  stm32f1xx_hal_dma.o(.text)
    HAL_DMA_Abort_IT                         0x0800170d   Thumb Code   422  stm32f1xx_hal_dma.o(.text)
    HAL_DMA_PollForTransfer                  0x080018b3   Thumb Code  1614  stm32f1xx_hal_dma.o(.text)
    HAL_DMA_IRQHandler                       0x08001f01   Thumb Code   922  stm32f1xx_hal_dma.o(.text)
    HAL_DMA_RegisterCallback                 0x0800229b   Thumb Code    90  stm32f1xx_hal_dma.o(.text)
    HAL_DMA_UnRegisterCallback               0x080022f5   Thumb Code   106  stm32f1xx_hal_dma.o(.text)
    HAL_DMA_GetState                         0x0800235f   Thumb Code     8  stm32f1xx_hal_dma.o(.text)
    HAL_DMA_GetError                         0x08002367   Thumb Code     6  stm32f1xx_hal_dma.o(.text)
    HAL_NVIC_SetPriorityGrouping             0x08002395   Thumb Code    36  stm32f1xx_hal_cortex.o(.text)
    HAL_NVIC_SetPriority                     0x080023b9   Thumb Code   124  stm32f1xx_hal_cortex.o(.text)
    HAL_NVIC_EnableIRQ                       0x08002435   Thumb Code    26  stm32f1xx_hal_cortex.o(.text)
    HAL_NVIC_DisableIRQ                      0x0800244f   Thumb Code    22  stm32f1xx_hal_cortex.o(.text)
    HAL_NVIC_SystemReset                     0x08002465   Thumb Code    64  stm32f1xx_hal_cortex.o(.text)
    HAL_SYSTICK_Config                       0x080024a5   Thumb Code    52  stm32f1xx_hal_cortex.o(.text)
    HAL_NVIC_GetPriorityGrouping             0x080024d9   Thumb Code     8  stm32f1xx_hal_cortex.o(.text)
    HAL_NVIC_GetPriority                     0x080024e1   Thumb Code   138  stm32f1xx_hal_cortex.o(.text)
    HAL_NVIC_SetPendingIRQ                   0x0800256b   Thumb Code    24  stm32f1xx_hal_cortex.o(.text)
    HAL_NVIC_GetPendingIRQ                   0x08002583   Thumb Code    38  stm32f1xx_hal_cortex.o(.text)
    HAL_NVIC_ClearPendingIRQ                 0x080025a9   Thumb Code    22  stm32f1xx_hal_cortex.o(.text)
    HAL_NVIC_GetActive                       0x080025bf   Thumb Code    38  stm32f1xx_hal_cortex.o(.text)
    HAL_SYSTICK_CLKSourceConfig              0x080025e5   Thumb Code    40  stm32f1xx_hal_cortex.o(.text)
    HAL_SYSTICK_Callback                     0x0800260d   Thumb Code     2  stm32f1xx_hal_cortex.o(.text)
    HAL_SYSTICK_IRQHandler                   0x0800260f   Thumb Code     8  stm32f1xx_hal_cortex.o(.text)
    HAL_RCC_DeInit                           0x08002639   Thumb Code    64  stm32f1xx_hal_rcc.o(.text)
    HAL_RCC_OscConfig                        0x0800269d   Thumb Code  1090  stm32f1xx_hal_rcc.o(.text)
    HAL_RCC_GetSysClockFreq                  0x08002adf   Thumb Code   118  stm32f1xx_hal_rcc.o(.text)
    HAL_RCC_ClockConfig                      0x08002b55   Thumb Code   402  stm32f1xx_hal_rcc.o(.text)
    HAL_RCC_MCOConfig                        0x08002ce7   Thumb Code    92  stm32f1xx_hal_rcc.o(.text)
    HAL_RCC_EnableCSS                        0x08002d43   Thumb Code     8  stm32f1xx_hal_rcc.o(.text)
    HAL_RCC_DisableCSS                       0x08002d4b   Thumb Code     8  stm32f1xx_hal_rcc.o(.text)
    HAL_RCC_GetHCLKFreq                      0x08002d53   Thumb Code     6  stm32f1xx_hal_rcc.o(.text)
    HAL_RCC_GetPCLK1Freq                     0x08002d59   Thumb Code    22  stm32f1xx_hal_rcc.o(.text)
    HAL_RCC_GetPCLK2Freq                     0x08002d6f   Thumb Code    22  stm32f1xx_hal_rcc.o(.text)
    HAL_RCC_GetOscConfig                     0x08002d85   Thumb Code   254  stm32f1xx_hal_rcc.o(.text)
    HAL_RCC_GetClockConfig                   0x08002e83   Thumb Code    58  stm32f1xx_hal_rcc.o(.text)
    HAL_RCC_CSSCallback                      0x08002ebd   Thumb Code     2  stm32f1xx_hal_rcc.o(.text)
    HAL_RCC_NMI_IRQHandler                   0x08002ebf   Thumb Code    26  stm32f1xx_hal_rcc.o(.text)
    HAL_UART_Init                            0x080030a5   Thumb Code   114  stm32f1xx_hal_uart.o(.text)
    HAL_HalfDuplex_Init                      0x08003117   Thumb Code   118  stm32f1xx_hal_uart.o(.text)
    HAL_LIN_Init                             0x0800318d   Thumb Code   134  stm32f1xx_hal_uart.o(.text)
    HAL_MultiProcessor_Init                  0x08003213   Thumb Code   138  stm32f1xx_hal_uart.o(.text)
    HAL_UART_DeInit                          0x0800329f   Thumb Code    46  stm32f1xx_hal_uart.o(.text)
    HAL_UART_Transmit                        0x0800333d   Thumb Code   214  stm32f1xx_hal_uart.o(.text)
    HAL_UART_Receive                         0x08003413   Thumb Code   222  stm32f1xx_hal_uart.o(.text)
    HAL_UART_Transmit_IT                     0x080034f1   Thumb Code    88  stm32f1xx_hal_uart.o(.text)
    HAL_UART_Receive_IT                      0x08003549   Thumb Code   112  stm32f1xx_hal_uart.o(.text)
    HAL_UART_ErrorCallback                   0x080035b9   Thumb Code     2  stm32f1xx_hal_uart.o(.text)
    HAL_UART_TxHalfCpltCallback              0x0800363f   Thumb Code     2  stm32f1xx_hal_uart.o(.text)
    HAL_UART_TxCpltCallback                  0x0800364f   Thumb Code     2  stm32f1xx_hal_uart.o(.text)
    HAL_UART_Transmit_DMA                    0x08003687   Thumb Code   142  stm32f1xx_hal_uart.o(.text)
    HAL_UART_RxHalfCpltCallback              0x08003715   Thumb Code     2  stm32f1xx_hal_uart.o(.text)
    HAL_UART_RxCpltCallback                  0x08003725   Thumb Code     2  stm32f1xx_hal_uart.o(.text)
    HAL_UART_Receive_DMA                     0x0800376d   Thumb Code   182  stm32f1xx_hal_uart.o(.text)
    HAL_UART_DMAPause                        0x08003823   Thumb Code   124  stm32f1xx_hal_uart.o(.text)
    HAL_UART_DMAResume                       0x0800389f   Thumb Code   126  stm32f1xx_hal_uart.o(.text)
    HAL_UART_DMAStop                         0x0800391d   Thumb Code   102  stm32f1xx_hal_uart.o(.text)
    HAL_UART_Abort                           0x08003983   Thumb Code   126  stm32f1xx_hal_uart.o(.text)
    HAL_UART_AbortTransmit                   0x08003a01   Thumb Code    68  stm32f1xx_hal_uart.o(.text)
    HAL_UART_AbortReceive                    0x08003a45   Thumb Code    80  stm32f1xx_hal_uart.o(.text)
    HAL_UART_AbortCpltCallback               0x08003a95   Thumb Code     2  stm32f1xx_hal_uart.o(.text)
    HAL_UART_Abort_IT                        0x08003b15   Thumb Code   208  stm32f1xx_hal_uart.o(.text)
    HAL_UART_AbortTransmitCpltCallback       0x08003be5   Thumb Code     2  stm32f1xx_hal_uart.o(.text)
    HAL_UART_AbortTransmit_IT                0x08003bff   Thumb Code   102  stm32f1xx_hal_uart.o(.text)
    HAL_UART_AbortReceiveCpltCallback        0x08003c65   Thumb Code     2  stm32f1xx_hal_uart.o(.text)
    HAL_UART_AbortReceive_IT                 0x08003c7f   Thumb Code   114  stm32f1xx_hal_uart.o(.text)
    HAL_UART_IRQHandler                      0x08003e33   Thumb Code   348  stm32f1xx_hal_uart.o(.text)
    HAL_LIN_SendBreak                        0x08003f8f   Thumb Code    62  stm32f1xx_hal_uart.o(.text)
    HAL_MultiProcessor_EnterMuteMode         0x08003fcd   Thumb Code    62  stm32f1xx_hal_uart.o(.text)
    HAL_MultiProcessor_ExitMuteMode          0x0800400b   Thumb Code    62  stm32f1xx_hal_uart.o(.text)
    HAL_HalfDuplex_EnableTransmitter         0x08004049   Thumb Code    68  stm32f1xx_hal_uart.o(.text)
    HAL_HalfDuplex_EnableReceiver            0x0800408d   Thumb Code    68  stm32f1xx_hal_uart.o(.text)
    HAL_UART_GetState                        0x080040d1   Thumb Code    20  stm32f1xx_hal_uart.o(.text)
    HAL_UART_GetError                        0x080040e5   Thumb Code     6  stm32f1xx_hal_uart.o(.text)
    HAL_InitTick                             0x080040ef   Thumb Code    36  stm32f1xx_hal.o(.text)
    HAL_Init                                 0x08004113   Thumb Code    34  stm32f1xx_hal.o(.text)
    HAL_MspDeInit                            0x08004135   Thumb Code     2  stm32f1xx_hal.o(.text)
    HAL_DeInit                               0x08004137   Thumb Code    30  stm32f1xx_hal.o(.text)
    HAL_IncTick                              0x08004155   Thumb Code    12  stm32f1xx_hal.o(.text)
    HAL_GetTick                              0x08004161   Thumb Code     6  stm32f1xx_hal.o(.text)
    HAL_Delay                                0x08004167   Thumb Code    30  stm32f1xx_hal.o(.text)
    HAL_SuspendTick                          0x08004185   Thumb Code    18  stm32f1xx_hal.o(.text)
    HAL_ResumeTick                           0x08004197   Thumb Code    18  stm32f1xx_hal.o(.text)
    HAL_GetHalVersion                        0x080041a9   Thumb Code     4  stm32f1xx_hal.o(.text)
    HAL_GetREVID                             0x080041ad   Thumb Code     8  stm32f1xx_hal.o(.text)
    HAL_GetDEVID                             0x080041b5   Thumb Code    10  stm32f1xx_hal.o(.text)
    HAL_DBGMCU_EnableDBGSleepMode            0x080041bf   Thumb Code    14  stm32f1xx_hal.o(.text)
    HAL_DBGMCU_DisableDBGSleepMode           0x080041cd   Thumb Code    14  stm32f1xx_hal.o(.text)
    HAL_DBGMCU_EnableDBGStopMode             0x080041db   Thumb Code    14  stm32f1xx_hal.o(.text)
    HAL_DBGMCU_DisableDBGStopMode            0x080041e9   Thumb Code    14  stm32f1xx_hal.o(.text)
    HAL_DBGMCU_EnableDBGStandbyMode          0x080041f7   Thumb Code    14  stm32f1xx_hal.o(.text)
    HAL_DBGMCU_DisableDBGStandbyMode         0x08004205   Thumb Code    14  stm32f1xx_hal.o(.text)
    HAL_GetUID                               0x08004213   Thumb Code    24  stm32f1xx_hal.o(.text)
    Reset_Handler                            0x08004249   Thumb Code     8  startup_stm32f103xe.o(.text)
    SVC_Handler                              0x0800425b   Thumb Code     2  startup_stm32f103xe.o(.text)
    ADC1_2_IRQHandler                        0x08004263   Thumb Code     0  startup_stm32f103xe.o(.text)
    ADC3_IRQHandler                          0x08004263   Thumb Code     0  startup_stm32f103xe.o(.text)
    CAN1_RX1_IRQHandler                      0x08004263   Thumb Code     0  startup_stm32f103xe.o(.text)
    CAN1_SCE_IRQHandler                      0x08004263   Thumb Code     0  startup_stm32f103xe.o(.text)
    DMA1_Channel1_IRQHandler                 0x08004263   Thumb Code     0  startup_stm32f103xe.o(.text)
    DMA1_Channel2_IRQHandler                 0x08004263   Thumb Code     0  startup_stm32f103xe.o(.text)
    DMA1_Channel3_IRQHandler                 0x08004263   Thumb Code     0  startup_stm32f103xe.o(.text)
    DMA1_Channel4_IRQHandler                 0x08004263   Thumb Code     0  startup_stm32f103xe.o(.text)
    DMA1_Channel5_IRQHandler                 0x08004263   Thumb Code     0  startup_stm32f103xe.o(.text)
    DMA1_Channel6_IRQHandler                 0x08004263   Thumb Code     0  startup_stm32f103xe.o(.text)
    DMA1_Channel7_IRQHandler                 0x08004263   Thumb Code     0  startup_stm32f103xe.o(.text)
    DMA2_Channel1_IRQHandler                 0x08004263   Thumb Code     0  startup_stm32f103xe.o(.text)
    DMA2_Channel2_IRQHandler                 0x08004263   Thumb Code     0  startup_stm32f103xe.o(.text)
    DMA2_Channel3_IRQHandler                 0x08004263   Thumb Code     0  startup_stm32f103xe.o(.text)
    DMA2_Channel4_5_IRQHandler               0x08004263   Thumb Code     0  startup_stm32f103xe.o(.text)
    FLASH_IRQHandler                         0x08004263   Thumb Code     0  startup_stm32f103xe.o(.text)
    FSMC_IRQHandler                          0x08004263   Thumb Code     0  startup_stm32f103xe.o(.text)
    I2C1_ER_IRQHandler                       0x08004263   Thumb Code     0  startup_stm32f103xe.o(.text)
    I2C1_EV_IRQHandler                       0x08004263   Thumb Code     0  startup_stm32f103xe.o(.text)
    I2C2_ER_IRQHandler                       0x08004263   Thumb Code     0  startup_stm32f103xe.o(.text)
    I2C2_EV_IRQHandler                       0x08004263   Thumb Code     0  startup_stm32f103xe.o(.text)
    PVD_IRQHandler                           0x08004263   Thumb Code     0  startup_stm32f103xe.o(.text)
    RCC_IRQHandler                           0x08004263   Thumb Code     0  startup_stm32f103xe.o(.text)
    RTC_Alarm_IRQHandler                     0x08004263   Thumb Code     0  startup_stm32f103xe.o(.text)
    RTC_IRQHandler                           0x08004263   Thumb Code     0  startup_stm32f103xe.o(.text)
    SDIO_IRQHandler                          0x08004263   Thumb Code     0  startup_stm32f103xe.o(.text)
    SPI1_IRQHandler                          0x08004263   Thumb Code     0  startup_stm32f103xe.o(.text)
    SPI2_IRQHandler                          0x08004263   Thumb Code     0  startup_stm32f103xe.o(.text)
    SPI3_IRQHandler                          0x08004263   Thumb Code     0  startup_stm32f103xe.o(.text)
    TAMPER_IRQHandler                        0x08004263   Thumb Code     0  startup_stm32f103xe.o(.text)
    TIM1_BRK_IRQHandler                      0x08004263   Thumb Code     0  startup_stm32f103xe.o(.text)
    TIM1_CC_IRQHandler                       0x08004263   Thumb Code     0  startup_stm32f103xe.o(.text)
    TIM1_TRG_COM_IRQHandler                  0x08004263   Thumb Code     0  startup_stm32f103xe.o(.text)
    TIM1_UP_IRQHandler                       0x08004263   Thumb Code     0  startup_stm32f103xe.o(.text)
    TIM2_IRQHandler                          0x08004263   Thumb Code     0  startup_stm32f103xe.o(.text)
    TIM3_IRQHandler                          0x08004263   Thumb Code     0  startup_stm32f103xe.o(.text)
    TIM4_IRQHandler                          0x08004263   Thumb Code     0  startup_stm32f103xe.o(.text)
    TIM5_IRQHandler                          0x08004263   Thumb Code     0  startup_stm32f103xe.o(.text)
    TIM6_IRQHandler                          0x08004263   Thumb Code     0  startup_stm32f103xe.o(.text)
    TIM7_IRQHandler                          0x08004263   Thumb Code     0  startup_stm32f103xe.o(.text)
    TIM8_BRK_IRQHandler                      0x08004263   Thumb Code     0  startup_stm32f103xe.o(.text)
    TIM8_CC_IRQHandler                       0x08004263   Thumb Code     0  startup_stm32f103xe.o(.text)
    TIM8_TRG_COM_IRQHandler                  0x08004263   Thumb Code     0  startup_stm32f103xe.o(.text)
    TIM8_UP_IRQHandler                       0x08004263   Thumb Code     0  startup_stm32f103xe.o(.text)
    UART4_IRQHandler                         0x08004263   Thumb Code     0  startup_stm32f103xe.o(.text)
    UART5_IRQHandler                         0x08004263   Thumb Code     0  startup_stm32f103xe.o(.text)
    USART2_IRQHandler                        0x08004263   Thumb Code     0  startup_stm32f103xe.o(.text)
    USART3_IRQHandler                        0x08004263   Thumb Code     0  startup_stm32f103xe.o(.text)
    USBWakeUp_IRQHandler                     0x08004263   Thumb Code     0  startup_stm32f103xe.o(.text)
    USB_HP_CAN1_TX_IRQHandler                0x08004263   Thumb Code     0  startup_stm32f103xe.o(.text)
    USB_LP_CAN1_RX0_IRQHandler               0x08004263   Thumb Code     0  startup_stm32f103xe.o(.text)
    WWDG_IRQHandler                          0x08004263   Thumb Code     0  startup_stm32f103xe.o(.text)
    rt_system_tick_init                      0x0800426d   Thumb Code     2  clock.o(.text)
    rt_tick_get                              0x0800426f   Thumb Code     6  clock.o(.text)
    rt_tick_set                              0x08004275   Thumb Code    22  clock.o(.text)
    rt_tick_increase                         0x0800428b   Thumb Code    42  clock.o(.text)
    rt_tick_from_millisecond                 0x080042b5   Thumb Code    30  clock.o(.text)
    rt_components_board_init                 0x080042e9   Thumb Code    20  components.o(.text)
    rt_components_init                       0x080042fd   Thumb Code    20  components.o(.text)
    main_thread_entry                        0x08004311   Thumb Code    14  components.o(.text)
    rt_application_init                      0x0800431f   Thumb Code    48  components.o(.text)
    rtthread_startup                         0x0800434f   Thumb Code    46  components.o(.text)
    main                                     0x0800437d   Thumb Code    14  components.o(.text)
    rt_device_find                           0x080043b5   Thumb Code    94  device.o(.text)
    rt_device_register                       0x08004413   Thumb Code    52  device.o(.text)
    rt_device_unregister                     0x08004447   Thumb Code    64  device.o(.text)
    rt_device_init_all                       0x08004487   Thumb Code     4  device.o(.text)
    rt_device_create                         0x0800448b   Thumb Code    46  device.o(.text)
    rt_device_destroy                        0x080044b9   Thumb Code    68  device.o(.text)
    rt_device_init                           0x080044fd   Thumb Code    64  device.o(.text)
    rt_device_open                           0x0800453d   Thumb Code   174  device.o(.text)
    rt_device_close                          0x080045eb   Thumb Code    92  device.o(.text)
    rt_device_read                           0x08004647   Thumb Code    98  device.o(.text)
    rt_device_write                          0x080046a9   Thumb Code    98  device.o(.text)
    rt_device_control                        0x0800470b   Thumb Code    66  device.o(.text)
    rt_device_set_rx_indicate                0x0800474d   Thumb Code    48  device.o(.text)
    rt_device_set_tx_complete                0x0800477d   Thumb Code   360  device.o(.text)
    rt_thread_idle_sethook                   0x080048e5   Thumb Code    58  idle.o(.text)
    rt_thread_idle_delhook                   0x0800491f   Thumb Code    62  idle.o(.text)
    rt_thread_idle_excute                    0x0800495d   Thumb Code   178  idle.o(.text)
    rt_thread_idle_init                      0x08004a31   Thumb Code    38  idle.o(.text)
    rt_thread_idle_gethandler                0x08004a57   Thumb Code     4  idle.o(.text)
    rt_sem_init                              0x08004b65   Thumb Code    50  ipc.o(.text)
    rt_sem_detach                            0x08004b97   Thumb Code    72  ipc.o(.text)
    rt_sem_create                            0x08004bdf   Thumb Code    84  ipc.o(.text)
    rt_sem_delete                            0x08004c33   Thumb Code   120  ipc.o(.text)
    rt_sem_take                              0x08004cab   Thumb Code   288  ipc.o(.text)
    rt_sem_trytake                           0x08004dcb   Thumb Code    14  ipc.o(.text)
    rt_sem_release                           0x08004dd9   Thumb Code   116  ipc.o(.text)
    rt_sem_control                           0x08004e4d   Thumb Code    90  ipc.o(.text)
    rt_mutex_init                            0x08004ea7   Thumb Code    58  ipc.o(.text)
    rt_mutex_detach                          0x08004ee1   Thumb Code    78  ipc.o(.text)
    rt_mutex_create                          0x08004f2f   Thumb Code   454  ipc.o(.text)
    rt_mutex_delete                          0x080050f5   Thumb Code   126  ipc.o(.text)
    rt_mutex_take                            0x08005173   Thumb Code   374  ipc.o(.text)
    rt_mutex_release                         0x080052e9   Thumb Code   310  ipc.o(.text)
    rt_mutex_control                         0x0800541f   Thumb Code    52  ipc.o(.text)
    rt_event_init                            0x08005453   Thumb Code    46  ipc.o(.text)
    rt_event_detach                          0x08005481   Thumb Code    78  ipc.o(.text)
    rt_event_create                          0x080054cf   Thumb Code   276  ipc.o(.text)
    rt_event_delete                          0x080055e3   Thumb Code   126  ipc.o(.text)
    rt_event_send                            0x08005661   Thumb Code   234  ipc.o(.text)
    rt_event_recv                            0x0800574b   Thumb Code   402  ipc.o(.text)
    rt_event_control                         0x080058dd   Thumb Code    92  ipc.o(.text)
    rt_mb_init                               0x08005939   Thumb Code    76  ipc.o(.text)
    rt_mb_detach                             0x08005985   Thumb Code   216  ipc.o(.text)
    rt_mb_create                             0x08005a5d   Thumb Code   128  ipc.o(.text)
    rt_mb_delete                             0x08005add   Thumb Code   140  ipc.o(.text)
    rt_mb_send_wait                          0x08005b69   Thumb Code   400  ipc.o(.text)
    rt_mb_send                               0x08005cf9   Thumb Code    18  ipc.o(.text)
    rt_mb_recv                               0x08005d0b   Thumb Code   576  ipc.o(.text)
    rt_mb_control                            0x08005f4b   Thumb Code   104  ipc.o(.text)
    rt_mq_init                               0x08005fb3   Thumb Code   118  ipc.o(.text)
    rt_mq_detach                             0x08006029   Thumb Code    78  ipc.o(.text)
    rt_mq_delete                             0x08006077   Thumb Code   126  ipc.o(.text)
    rt_mq_create                             0x080060f5   Thumb Code   170  ipc.o(.text)
    rt_mq_send                               0x0800619f   Thumb Code   222  ipc.o(.text)
    rt_mq_urgent                             0x0800627d   Thumb Code   426  ipc.o(.text)
    rt_mq_recv                               0x08006427   Thumb Code   458  ipc.o(.text)
    rt_mq_control                            0x080065f1   Thumb Code   120  ipc.o(.text)
    rt_interrupt_enter_sethook               0x080066c1   Thumb Code     6  irq.o(.text)
    rt_interrupt_leave_sethook               0x080066c7   Thumb Code     6  irq.o(.text)
    rt_interrupt_enter                       0x080066cd   Thumb Code    46  irq.o(.text)
    rt_interrupt_leave                       0x080066fb   Thumb Code    46  irq.o(.text)
    rt_interrupt_get_nest                    0x08006729   Thumb Code     6  irq.o(.text)
    rt_get_errno                             0x0800673d   Thumb Code    32  kservice.o(.text)
    rt_set_errno                             0x0800675d   Thumb Code    36  kservice.o(.text)
    _rt_errno                                0x08006781   Thumb Code    30  kservice.o(.text)
    rt_memset                                0x0800679f   Thumb Code    72  kservice.o(.text)
    rt_memcpy                                0x080067e7   Thumb Code   124  kservice.o(.text)
    rt_memmove                               0x08006863   Thumb Code    66  kservice.o(.text)
    rt_memcmp                                0x080068a5   Thumb Code    38  kservice.o(.text)
    rt_strlen                                0x080068cb   Thumb Code    18  kservice.o(.text)
    rt_strstr                                0x080068dd   Thumb Code    58  kservice.o(.text)
    rt_strcasecmp                            0x08006917   Thumb Code    48  kservice.o(.text)
    rt_strncpy                               0x08006947   Thumb Code    52  kservice.o(.text)
    rt_strncmp                               0x0800697b   Thumb Code    40  kservice.o(.text)
    rt_strcmp                                0x080069a3   Thumb Code    28  kservice.o(.text)
    rt_strnlen                               0x080069bf   Thumb Code    24  kservice.o(.text)
    rt_strdup                                0x080069d7   Thumb Code    40  kservice.o(.text)
    strdup                                   0x080069d7   Thumb Code     0  kservice.o(.text)
    rt_hw_console_output                     0x080069ff   Thumb Code     2  kservice.o(.text)
    rt_vsnprintf                             0x08006bb7   Thumb Code   800  kservice.o(.text)
    rt_kprintf                               0x08006ed7   Thumb Code    96  kservice.o(.text)
    rt_show_version                          0x08006f37   Thumb Code    38  kservice.o(.text)
    rt_snprintf                              0x08006f5d   Thumb Code    38  kservice.o(.text)
    rt_vsprintf                              0x08006f83   Thumb Code    22  kservice.o(.text)
    rt_sprintf                               0x08006f99   Thumb Code    34  kservice.o(.text)
    rt_console_get_device                    0x08006fbb   Thumb Code     6  kservice.o(.text)
    rt_console_set_device                    0x08006fc1   Thumb Code    48  kservice.o(.text)
    rt_kputs                                 0x08006ff1   Thumb Code    78  kservice.o(.text)
    rt_malloc_align                          0x0800703f   Thumb Code    66  kservice.o(.text)
    rt_free_align                            0x08007081   Thumb Code    16  kservice.o(.text)
    __rt_ffs                                 0x08007091   Thumb Code    70  kservice.o(.text)
    rt_assert_set_hook                       0x080070d7   Thumb Code     6  kservice.o(.text)
    rt_assert_handler                        0x080070dd   Thumb Code    56  kservice.o(.text)
    rt_malloc_sethook                        0x080071ed   Thumb Code     6  mem.o(.text)
    rt_free_sethook                          0x080071f3   Thumb Code     6  mem.o(.text)
    rt_system_heap_init                      0x08007299   Thumb Code   204  mem.o(.text)
    rt_malloc                                0x08007365   Thumb Code   522  mem.o(.text)
    rt_free                                  0x0800756f   Thumb Code   688  mem.o(.text)
    rt_realloc                               0x0800781f   Thumb Code   324  mem.o(.text)
    rt_calloc                                0x08007963   Thumb Code    84  mem.o(.text)
    rt_memory_info                           0x080079b7   Thumb Code    26  mem.o(.text)
    list_mem                                 0x080079d1   Thumb Code    34  mem.o(.text)
    rt_mp_alloc_sethook                      0x08007ae1   Thumb Code     6  mempool.o(.text)
    rt_mp_free_sethook                       0x08007ae7   Thumb Code     6  mempool.o(.text)
    rt_mp_init                               0x08007aed   Thumb Code   128  mempool.o(.text)
    rt_mp_detach                             0x08007b6d   Thumb Code   114  mempool.o(.text)
    rt_mp_create                             0x08007bdf   Thumb Code   174  mempool.o(.text)
    rt_mp_delete                             0x08007c8d   Thumb Code   172  mempool.o(.text)
    rt_mp_alloc                              0x08007d39   Thumb Code   278  mempool.o(.text)
    rt_mp_free                               0x08007e4f   Thumb Code    98  mempool.o(.text)
    rt_object_attach_sethook                 0x08007ff1   Thumb Code     6  object.o(.text)
    rt_object_detach_sethook                 0x08007ff7   Thumb Code     6  object.o(.text)
    rt_object_trytake_sethook                0x08007ffd   Thumb Code     6  object.o(.text)
    rt_object_take_sethook                   0x08008003   Thumb Code     6  object.o(.text)
    rt_object_put_sethook                    0x08008009   Thumb Code     6  object.o(.text)
    rt_system_object_init                    0x0800800f   Thumb Code     2  object.o(.text)
    rt_object_get_information                0x08008011   Thumb Code    36  object.o(.text)
    rt_object_init                           0x08008035   Thumb Code    92  object.o(.text)
    rt_object_detach                         0x08008091   Thumb Code    62  object.o(.text)
    rt_object_allocate                       0x080080cf   Thumb Code   158  object.o(.text)
    rt_object_delete                         0x0800816d   Thumb Code    88  object.o(.text)
    rt_object_is_systemobject                0x080081c5   Thumb Code    34  object.o(.text)
    rt_object_get_type                       0x080081e7   Thumb Code    26  object.o(.text)
    rt_object_find                           0x08008201   Thumb Code   142  object.o(.text)
    rt_scheduler_sethook                     0x08008349   Thumb Code     6  scheduler.o(.text)
    rt_system_scheduler_init                 0x080083a9   Thumb Code    56  scheduler.o(.text)
    rt_system_scheduler_start                0x080083e1   Thumb Code    36  scheduler.o(.text)
    rt_schedule                              0x08008405   Thumb Code   160  scheduler.o(.text)
    rt_schedule_insert_thread                0x080084a5   Thumb Code    90  scheduler.o(.text)
    rt_schedule_remove_thread                0x080084ff   Thumb Code    94  scheduler.o(.text)
    rt_enter_critical                        0x0800855d   Thumb Code    28  scheduler.o(.text)
    rt_exit_critical                         0x08008579   Thumb Code    54  scheduler.o(.text)
    rt_critical_level                        0x080085af   Thumb Code     8  scheduler.o(.text)
    rt_thread_handle_sig                     0x08008653   Thumb Code   156  signal.o(.text)
    rt_thread_alloc_sig                      0x080087c1   Thumb Code    62  signal.o(.text)
    rt_signal_install                        0x080087ff   Thumb Code    98  signal.o(.text)
    rt_signal_mask                           0x08008861   Thumb Code    34  signal.o(.text)
    rt_signal_unmask                         0x08008883   Thumb Code    56  signal.o(.text)
    rt_signal_wait                           0x080088bb   Thumb Code   346  signal.o(.text)
    rt_thread_free_sig                       0x08008a15   Thumb Code    66  signal.o(.text)
    rt_thread_kill                           0x08008a57   Thumb Code   236  signal.o(.text)
    rt_system_signal_init                    0x08008b43   Thumb Code    38  signal.o(.text)
    rt_timer_timeout_sethook                 0x08008c23   Thumb Code     6  timer.o(.text)
    rt_timer_init                            0x08008cb5   Thumb Code    58  timer.o(.text)
    rt_timer_detach                          0x08008cef   Thumb Code    82  timer.o(.text)
    rt_timer_create                          0x08008d41   Thumb Code    54  timer.o(.text)
    rt_timer_delete                          0x08008d77   Thumb Code    88  timer.o(.text)
    rt_timer_start                           0x08008dcf   Thumb Code   314  timer.o(.text)
    rt_timer_stop                            0x08008f09   Thumb Code   102  timer.o(.text)
    rt_timer_control                         0x08008f6f   Thumb Code    98  timer.o(.text)
    rt_timer_check                           0x08008fd1   Thumb Code   416  timer.o(.text)
    rt_timer_next_timeout_tick               0x08009171   Thumb Code    10  timer.o(.text)
    rt_system_timer_init                     0x0800917b   Thumb Code    24  timer.o(.text)
    rt_system_timer_thread_init              0x08009193   Thumb Code     2  timer.o(.text)
    rt_thread_suspend_sethook                0x080091d1   Thumb Code     6  thread.o(.text)
    rt_thread_resume_sethook                 0x080091d7   Thumb Code     6  thread.o(.text)
    rt_thread_inited_sethook                 0x080091dd   Thumb Code     6  thread.o(.text)
    rt_thread_exit                           0x080091e3   Thumb Code    78  thread.o(.text)
    rt_thread_timeout                        0x08009231   Thumb Code    90  thread.o(.text)
    rt_thread_init                           0x08009337   Thumb Code    74  thread.o(.text)
    rt_thread_self                           0x08009381   Thumb Code     6  thread.o(.text)
    rt_thread_resume                         0x08009387   Thumb Code   120  thread.o(.text)
    rt_thread_startup                        0x080093ff   Thumb Code   108  thread.o(.text)
    rt_thread_detach                         0x0800946b   Thumb Code   126  thread.o(.text)
    rt_thread_create                         0x080094e9   Thumb Code    80  thread.o(.text)
    rt_thread_delete                         0x08009539   Thumb Code   114  thread.o(.text)
    rt_thread_yield                          0x080095ab   Thumb Code   454  thread.o(.text)
    rt_thread_suspend                        0x08009771   Thumb Code   130  thread.o(.text)
    rt_thread_sleep                          0x080097f3   Thumb Code    98  thread.o(.text)
    rt_thread_delay                          0x08009855   Thumb Code    12  thread.o(.text)
    rt_thread_mdelay                         0x08009861   Thumb Code    20  thread.o(.text)
    rt_thread_control                        0x08009875   Thumb Code   154  thread.o(.text)
    rt_thread_find                           0x0800990f   Thumb Code    96  thread.o(.text)
    rt_hw_stack_init                         0x080099a9   Thumb Code    70  cpuport.o(.text)
    rt_hw_exception_install                  0x080099ef   Thumb Code     6  cpuport.o(.text)
    rt_hw_hard_fault_exception               0x08009bd3   Thumb Code   198  cpuport.o(.text)
    rt_hw_cpu_shutdown                       0x08009c99   Thumb Code    22  cpuport.o(.text)
    rt_hw_interrupt_disable                  0x08009f7d   Thumb Code     8  context_rvds.o(.text)
    rt_hw_interrupt_enable                   0x08009f85   Thumb Code     6  context_rvds.o(.text)
    rt_hw_context_switch                     0x08009f8b   Thumb Code    32  context_rvds.o(.text)
    rt_hw_context_switch_interrupt           0x08009f8b   Thumb Code     0  context_rvds.o(.text)
    PendSV_Handler                           0x08009fab   Thumb Code    60  context_rvds.o(.text)
    rt_hw_context_switch_to                  0x08009fe7   Thumb Code    58  context_rvds.o(.text)
    rt_hw_interrupt_thread_switch            0x0800a021   Thumb Code     2  context_rvds.o(.text)
    HardFault_Handler                        0x0800a023   Thumb Code    48  context_rvds.o(.text)
    rt_device_pin_register                   0x0800a11d   Thumb Code    56  pin.o(.text)
    rt_pin_attach_irq                        0x0800a155   Thumb Code    60  pin.o(.text)
    rt_pin_dettach_irq                       0x0800a191   Thumb Code    46  pin.o(.text)
    rt_pin_irq_enable                        0x0800a1bf   Thumb Code    50  pin.o(.text)
    rt_pin_mode                              0x0800a1f1   Thumb Code    38  pin.o(.text)
    rt_pin_write                             0x0800a217   Thumb Code    38  pin.o(.text)
    rt_pin_read                              0x0800a23d   Thumb Code    34  pin.o(.text)
    rt_hw_serial_register                    0x0800a5b5   Thumb Code    80  serial.o(.text)
    rt_hw_serial_isr                         0x0800a605   Thumb Code   316  serial.o(.text)
    finsh_get_prompt                         0x0800a7ed   Thumb Code    38  shell.o(.text)
    finsh_set_device                         0x0800a871   Thumb Code   156  shell.o(.text)
    finsh_get_device                         0x0800a90d   Thumb Code    28  shell.o(.text)
    finsh_set_echo                           0x0800a929   Thumb Code    30  shell.o(.text)
    finsh_get_echo                           0x0800a947   Thumb Code    32  shell.o(.text)
    finsh_thread_entry                       0x0800aa89   Thumb Code  1358  shell.o(.text)
    finsh_system_function_init               0x0800afd7   Thumb Code    10  shell.o(.text)
    finsh_system_var_init                    0x0800afe1   Thumb Code    10  shell.o(.text)
    finsh_system_init                        0x0800afeb   Thumb Code    96  shell.o(.text)
    hello                                    0x0800b0bd   Thumb Code    12  cmd.o(.text)
    version                                  0x0800b0c9   Thumb Code    10  cmd.o(.text)
    list_thread                              0x0800b1db   Thumb Code    18  cmd.o(.text)
    list_sem                                 0x0800b2a3   Thumb Code    18  cmd.o(.text)
    list_event                               0x0800b337   Thumb Code    18  cmd.o(.text)
    list_mutex                               0x0800b3a9   Thumb Code    18  cmd.o(.text)
    list_mailbox                             0x0800b451   Thumb Code    18  cmd.o(.text)
    list_msgqueue                            0x0800b7bb   Thumb Code    18  cmd.o(.text)
    list_memheap                             0x0800b821   Thumb Code    18  cmd.o(.text)
    list_mempool                             0x0800b8bd   Thumb Code    18  cmd.o(.text)
    list_timer                               0x0800b943   Thumb Code    18  cmd.o(.text)
    list_device                              0x0800b9c3   Thumb Code    18  cmd.o(.text)
    list                                     0x0800b9d5   Thumb Code    54  cmd.o(.text)
    msh_is_used                              0x0800bca5   Thumb Code     4  msh.o(.text)
    msh_help                                 0x0800bca9   Thumb Code    66  msh.o(.text)
    msh_exec                                 0x0800be89   Thumb Code    82  msh.o(.text)
    msh_auto_complete                        0x0800befb   Thumb Code   138  msh.o(.text)
    cmd_ps                                   0x0800c00d   Thumb Code    14  msh_cmd.o(.text)
    cmd_time                                 0x0800c01b   Thumb Code     6  msh_cmd.o(.text)
    cmd_free                                 0x0800c021   Thumb Code    14  msh_cmd.o(.text)
    thread1_entry                            0x0800c031   Thumb Code    76  dynmem_sample.o(.text)
    dynmem_sample                            0x0800c07d   Thumb Code    40  dynmem_sample.o(.text)
    event_sample                             0x0800c195   Thumb Code   104  event_sample.o(.text)
    idle_hook_sample                         0x0800c381   Thumb Code    52  idlehook_sample.o(.text)
    thread_entry                             0x0800c43d   Thumb Code    52  interrupt_sample.o(.text)
    interrupt_sample                         0x0800c471   Thumb Code    74  interrupt_sample.o(.text)
    mailbox_sample                           0x0800c56b   Thumb Code   112  mailbox_sample.o(.text)
    mempool_sample                           0x0800c6f9   Thumb Code   122  memp_sample.o(.text)
    msgq_sample                              0x0800c8a7   Thumb Code   118  msgq_sample.o(.text)
    mutex_sample                             0x0800cad7   Thumb Code   108  mutex_sample.o(.text)
    pri_inversion                            0x0800ccd3   Thumb Code   156  priority_inversion.o(.text)
    producer_thread_entry                    0x0800ce49   Thumb Code   120  producer_consumer.o(.text)
    consumer_thread_entry                    0x0800cec1   Thumb Code   156  producer_consumer.o(.text)
    producer_consumer                        0x0800cf5d   Thumb Code   162  producer_consumer.o(.text)
    scheduler_hook                           0x0800d14b   Thumb Code    92  scheduler_hook.o(.text)
    semaphore_sample                         0x0800d277   Thumb Code   118  semaphore_sample.o(.text)
    thread1_signal_handler                   0x0800d3f5   Thumb Code    14  signal_sample.o(.text)
    signal_sample                            0x0800d431   Thumb Code    64  signal_sample.o(.text)
    thread_sample                            0x0800d4e9   Thumb Code    84  thread_sample.o(.text)
    timer_sample                             0x0800d5d3   Thumb Code    74  timer_sample.o(.text)
    timeslice_sample                         0x0800d6c9   Thumb Code    70  timeslice_sample.o(.text)
    __aeabi_memcpy                           0x0800d751   Thumb Code    36  memcpya.o(.text)
    __aeabi_memcpy4                          0x0800d751   Thumb Code     0  memcpya.o(.text)
    __aeabi_memcpy8                          0x0800d751   Thumb Code     0  memcpya.o(.text)
    __aeabi_memset                           0x0800d775   Thumb Code    14  memseta.o(.text)
    __aeabi_memset4                          0x0800d775   Thumb Code     0  memseta.o(.text)
    __aeabi_memset8                          0x0800d775   Thumb Code     0  memseta.o(.text)
    __aeabi_memclr                           0x0800d783   Thumb Code     4  memseta.o(.text)
    __aeabi_memclr4                          0x0800d783   Thumb Code     0  memseta.o(.text)
    __aeabi_memclr8                          0x0800d783   Thumb Code     0  memseta.o(.text)
    _memset$wrapper                          0x0800d787   Thumb Code    18  memseta.o(.text)
    strcat                                   0x0800d799   Thumb Code    24  strcat.o(.text)
    strlen                                   0x0800d7b1   Thumb Code    14  strlen.o(.text)
    memcmp                                   0x0800d7bf   Thumb Code    26  memcmp.o(.text)
    strcpy                                   0x0800d7d9   Thumb Code    18  strcpy.o(.text)
    strncmp                                  0x0800d7eb   Thumb Code    30  strncmp.o(.text)
    __scatterload                            0x0800d809   Thumb Code    28  init.o(.text)
    __scatterload_rt2                        0x0800d809   Thumb Code     0  init.o(.text)
    __decompress                             0x0800d82d   Thumb Code     0  __dczerorl2.o(.text)
    __decompress1                            0x0800d82d   Thumb Code    86  __dczerorl2.o(.text)
    __scatterload_copy                       0x0800d883   Thumb Code    14  handlers.o(i.__scatterload_copy)
    __scatterload_null                       0x0800d891   Thumb Code     2  handlers.o(i.__scatterload_null)
    __scatterload_zeroinit                   0x0800d893   Thumb Code    14  handlers.o(i.__scatterload_zeroinit)
    AHBPrescTable                            0x0800e28b   Data          16  system_stm32f1xx.o(.constdata)
    APBPrescTable                            0x0800e29b   Data           8  system_stm32f1xx.o(.constdata)
    __lowest_bit_bitmap                      0x0800e58d   Data         256  kservice.o(.constdata)
    __fsym___cmd_led_name                    0x0800ef91   Data          10  main.o(.rodata.name)
    __fsym___cmd_led_desc                    0x0800ef9b   Data          27  main.o(.rodata.name)
    __fsym___cmd_My_thread_name              0x0800efb6   Data          16  code.o(.rodata.name)
    __fsym___cmd_My_thread_desc              0x0800efc6   Data          14  code.o(.rodata.name)
    __fsym_list_mem_name                     0x0800efd4   Data           9  mem.o(.rodata.name)
    __fsym_list_mem_desc                     0x0800efdd   Data          30  mem.o(.rodata.name)
    __fsym_pinMode_name                      0x0800effb   Data           8  pin.o(.rodata.name)
    __fsym_pinMode_desc                      0x0800f003   Data          22  pin.o(.rodata.name)
    __fsym_pinWrite_name                     0x0800f019   Data           9  pin.o(.rodata.name)
    __fsym_pinWrite_desc                     0x0800f022   Data          28  pin.o(.rodata.name)
    __fsym_pinRead_name                      0x0800f03e   Data           8  pin.o(.rodata.name)
    __fsym_pinRead_desc                      0x0800f046   Data          30  pin.o(.rodata.name)
    __fsym_hello_name                        0x0800f064   Data           6  cmd.o(.rodata.name)
    __fsym_hello_desc                        0x0800f06a   Data          16  cmd.o(.rodata.name)
    __fsym_version_name                      0x0800f07a   Data           8  cmd.o(.rodata.name)
    __fsym_version_desc                      0x0800f082   Data          35  cmd.o(.rodata.name)
    __fsym___cmd_version_name                0x0800f0a5   Data          14  cmd.o(.rodata.name)
    __fsym___cmd_version_desc                0x0800f0b3   Data          35  cmd.o(.rodata.name)
    __fsym_list_thread_name                  0x0800f0d6   Data          12  cmd.o(.rodata.name)
    __fsym_list_thread_desc                  0x0800f0e2   Data          12  cmd.o(.rodata.name)
    __fsym___cmd_list_thread_name            0x0800f0ee   Data          18  cmd.o(.rodata.name)
    __fsym___cmd_list_thread_desc            0x0800f100   Data          12  cmd.o(.rodata.name)
    __fsym_list_sem_name                     0x0800f10c   Data           9  cmd.o(.rodata.name)
    __fsym_list_sem_desc                     0x0800f115   Data          25  cmd.o(.rodata.name)
    __fsym___cmd_list_sem_name               0x0800f12e   Data          15  cmd.o(.rodata.name)
    __fsym___cmd_list_sem_desc               0x0800f13d   Data          25  cmd.o(.rodata.name)
    __fsym_list_event_name                   0x0800f156   Data          11  cmd.o(.rodata.name)
    __fsym_list_event_desc                   0x0800f161   Data          21  cmd.o(.rodata.name)
    __fsym___cmd_list_event_name             0x0800f176   Data          17  cmd.o(.rodata.name)
    __fsym___cmd_list_event_desc             0x0800f187   Data          21  cmd.o(.rodata.name)
    __fsym_list_mutex_name                   0x0800f19c   Data          11  cmd.o(.rodata.name)
    __fsym_list_mutex_desc                   0x0800f1a7   Data          21  cmd.o(.rodata.name)
    __fsym___cmd_list_mutex_name             0x0800f1bc   Data          17  cmd.o(.rodata.name)
    __fsym___cmd_list_mutex_desc             0x0800f1cd   Data          21  cmd.o(.rodata.name)
    __fsym_list_mailbox_name                 0x0800f1e2   Data          13  cmd.o(.rodata.name)
    __fsym_list_mailbox_desc                 0x0800f1ef   Data          24  cmd.o(.rodata.name)
    __fsym___cmd_list_mailbox_name           0x0800f207   Data          19  cmd.o(.rodata.name)
    __fsym___cmd_list_mailbox_desc           0x0800f21a   Data          24  cmd.o(.rodata.name)
    __fsym_list_msgqueue_name                0x0800f232   Data          14  cmd.o(.rodata.name)
    __fsym_list_msgqueue_desc                0x0800f240   Data          29  cmd.o(.rodata.name)
    __fsym___cmd_list_msgqueue_name          0x0800f25d   Data          20  cmd.o(.rodata.name)
    __fsym___cmd_list_msgqueue_desc          0x0800f271   Data          29  cmd.o(.rodata.name)
    __fsym_list_memheap_name                 0x0800f28e   Data          13  cmd.o(.rodata.name)
    __fsym_list_memheap_desc                 0x0800f29b   Data          27  cmd.o(.rodata.name)
    __fsym___cmd_list_memheap_name           0x0800f2b6   Data          19  cmd.o(.rodata.name)
    __fsym___cmd_list_memheap_desc           0x0800f2c9   Data          27  cmd.o(.rodata.name)
    __fsym_list_mempool_name                 0x0800f2e4   Data          13  cmd.o(.rodata.name)
    __fsym_list_mempool_desc                 0x0800f2f1   Data          27  cmd.o(.rodata.name)
    __fsym___cmd_list_mempool_name           0x0800f30c   Data          19  cmd.o(.rodata.name)
    __fsym___cmd_list_mempool_desc           0x0800f31f   Data          27  cmd.o(.rodata.name)
    __fsym_list_timer_name                   0x0800f33a   Data          11  cmd.o(.rodata.name)
    __fsym_list_timer_desc                   0x0800f345   Data          21  cmd.o(.rodata.name)
    __fsym___cmd_list_timer_name             0x0800f35a   Data          17  cmd.o(.rodata.name)
    __fsym___cmd_list_timer_desc             0x0800f36b   Data          21  cmd.o(.rodata.name)
    __fsym_list_device_name                  0x0800f380   Data          12  cmd.o(.rodata.name)
    __fsym_list_device_desc                  0x0800f38c   Data          22  cmd.o(.rodata.name)
    __fsym___cmd_list_device_name            0x0800f3a2   Data          18  cmd.o(.rodata.name)
    __fsym___cmd_list_device_desc            0x0800f3b4   Data          22  cmd.o(.rodata.name)
    __fsym_list_name                         0x0800f3ca   Data           5  cmd.o(.rodata.name)
    __fsym_list_desc                         0x0800f3cf   Data          26  cmd.o(.rodata.name)
    __fsym___cmd_help_name                   0x0800f3e9   Data          11  msh.o(.rodata.name)
    __fsym___cmd_help_desc                   0x0800f3f4   Data          22  msh.o(.rodata.name)
    __fsym___cmd_ps_name                     0x0800f40a   Data           9  msh_cmd.o(.rodata.name)
    __fsym___cmd_ps_desc                     0x0800f413   Data          28  msh_cmd.o(.rodata.name)
    __fsym___cmd_time_name                   0x0800f42f   Data          11  msh_cmd.o(.rodata.name)
    __fsym___cmd_time_desc                   0x0800f43a   Data          27  msh_cmd.o(.rodata.name)
    __fsym___cmd_free_name                   0x0800f455   Data          11  msh_cmd.o(.rodata.name)
    __fsym___cmd_free_desc                   0x0800f460   Data          37  msh_cmd.o(.rodata.name)
    __fsym___cmd_dynmem_sample_name          0x0800f485   Data          20  dynmem_sample.o(.rodata.name)
    __fsym___cmd_dynmem_sample_desc          0x0800f499   Data          14  dynmem_sample.o(.rodata.name)
    __fsym___cmd_event_sample_name           0x0800f4a7   Data          19  event_sample.o(.rodata.name)
    __fsym___cmd_event_sample_desc           0x0800f4ba   Data          13  event_sample.o(.rodata.name)
    __fsym___cmd_idle_hook_sample_name       0x0800f4c7   Data          23  idlehook_sample.o(.rodata.name)
    __fsym___cmd_idle_hook_sample_desc       0x0800f4de   Data          17  idlehook_sample.o(.rodata.name)
    __fsym___cmd_interrupt_sample_name       0x0800f4ef   Data          23  interrupt_sample.o(.rodata.name)
    __fsym___cmd_interrupt_sample_desc       0x0800f506   Data          17  interrupt_sample.o(.rodata.name)
    __fsym___cmd_mailbox_sample_name         0x0800f517   Data          21  mailbox_sample.o(.rodata.name)
    __fsym___cmd_mailbox_sample_desc         0x0800f52c   Data          15  mailbox_sample.o(.rodata.name)
    __fsym___cmd_mempool_sample_name         0x0800f53b   Data          21  memp_sample.o(.rodata.name)
    __fsym___cmd_mempool_sample_desc         0x0800f550   Data          15  memp_sample.o(.rodata.name)
    __fsym___cmd_msgq_sample_name            0x0800f55f   Data          18  msgq_sample.o(.rodata.name)
    __fsym___cmd_msgq_sample_desc            0x0800f571   Data          12  msgq_sample.o(.rodata.name)
    __fsym___cmd_mutex_sample_name           0x0800f57d   Data          19  mutex_sample.o(.rodata.name)
    __fsym___cmd_mutex_sample_desc           0x0800f590   Data          13  mutex_sample.o(.rodata.name)
    __fsym___cmd_pri_inversion_name          0x0800f59d   Data          20  priority_inversion.o(.rodata.name)
    __fsym___cmd_pri_inversion_desc          0x0800f5b1   Data          21  priority_inversion.o(.rodata.name)
    __fsym___cmd_producer_consumer_name      0x0800f5c6   Data          24  producer_consumer.o(.rodata.name)
    __fsym___cmd_producer_consumer_desc      0x0800f5de   Data          25  producer_consumer.o(.rodata.name)
    __fsym___cmd_scheduler_hook_name         0x0800f5f7   Data          21  scheduler_hook.o(.rodata.name)
    __fsym___cmd_scheduler_hook_desc         0x0800f60c   Data          22  scheduler_hook.o(.rodata.name)
    __fsym___cmd_semaphore_sample_name       0x0800f622   Data          23  semaphore_sample.o(.rodata.name)
    __fsym___cmd_semaphore_sample_desc       0x0800f639   Data          17  semaphore_sample.o(.rodata.name)
    __fsym___cmd_signal_sample_name          0x0800f64a   Data          20  signal_sample.o(.rodata.name)
    __fsym___cmd_signal_sample_desc          0x0800f65e   Data          14  signal_sample.o(.rodata.name)
    __fsym___cmd_thread_sample_name          0x0800f66c   Data          20  thread_sample.o(.rodata.name)
    __fsym___cmd_thread_sample_desc          0x0800f680   Data          14  thread_sample.o(.rodata.name)
    __fsym___cmd_timer_sample_name           0x0800f68e   Data          19  timer_sample.o(.rodata.name)
    __fsym___cmd_timer_sample_desc           0x0800f6a1   Data          13  timer_sample.o(.rodata.name)
    __fsym___cmd_timeslice_sample_name       0x0800f6ae   Data          23  timeslice_sample.o(.rodata.name)
    __fsym___cmd_timeslice_sample_desc       0x0800f6c5   Data          17  timeslice_sample.o(.rodata.name)
    __rt_init_rti_start                      0x0800f6d8   Data           4  components.o(.rti_fn.0)
    __rt_init_rti_board_start                0x0800f6dc   Data           4  components.o(.rti_fn.0.end)
    __rt_init_rt_hw_pin_init                 0x0800f6e0   Data           4  drv_gpio.o(.rti_fn.1)
    __rt_init_rt_hw_usart_init               0x0800f6e4   Data           4  drv_usart.o(.rti_fn.1)
    __rt_init_rti_board_end                  0x0800f6e8   Data           4  components.o(.rti_fn.1.end)
    __rt_init_finsh_system_init              0x0800f6ec   Data           4  shell.o(.rti_fn.6)
    __rt_init_rti_end                        0x0800f6f0   Data           4  components.o(.rti_fn.6.end)
    FSymTab$$Base                            0x0800f6f4   Number         0  main.o(FSymTab)
    __fsym___cmd_led                         0x0800f6f4   Data          12  main.o(FSymTab)
    __fsym___cmd_My_thread                   0x0800f700   Data          12  code.o(FSymTab)
    __fsym_list_mem                          0x0800f70c   Data          12  mem.o(FSymTab)
    __fsym_pinMode                           0x0800f718   Data          12  pin.o(FSymTab)
    __fsym_pinWrite                          0x0800f724   Data          12  pin.o(FSymTab)
    __fsym_pinRead                           0x0800f730   Data          12  pin.o(FSymTab)
    __fsym_hello                             0x0800f73c   Data          12  cmd.o(FSymTab)
    __fsym_version                           0x0800f748   Data          12  cmd.o(FSymTab)
    __fsym___cmd_version                     0x0800f754   Data          12  cmd.o(FSymTab)
    __fsym_list_thread                       0x0800f760   Data          12  cmd.o(FSymTab)
    __fsym___cmd_list_thread                 0x0800f76c   Data          12  cmd.o(FSymTab)
    __fsym_list_sem                          0x0800f778   Data          12  cmd.o(FSymTab)
    __fsym___cmd_list_sem                    0x0800f784   Data          12  cmd.o(FSymTab)
    __fsym_list_event                        0x0800f790   Data          12  cmd.o(FSymTab)
    __fsym___cmd_list_event                  0x0800f79c   Data          12  cmd.o(FSymTab)
    __fsym_list_mutex                        0x0800f7a8   Data          12  cmd.o(FSymTab)
    __fsym___cmd_list_mutex                  0x0800f7b4   Data          12  cmd.o(FSymTab)
    __fsym_list_mailbox                      0x0800f7c0   Data          12  cmd.o(FSymTab)
    __fsym___cmd_list_mailbox                0x0800f7cc   Data          12  cmd.o(FSymTab)
    __fsym_list_msgqueue                     0x0800f7d8   Data          12  cmd.o(FSymTab)
    __fsym___cmd_list_msgqueue               0x0800f7e4   Data          12  cmd.o(FSymTab)
    __fsym_list_memheap                      0x0800f7f0   Data          12  cmd.o(FSymTab)
    __fsym___cmd_list_memheap                0x0800f7fc   Data          12  cmd.o(FSymTab)
    __fsym_list_mempool                      0x0800f808   Data          12  cmd.o(FSymTab)
    __fsym___cmd_list_mempool                0x0800f814   Data          12  cmd.o(FSymTab)
    __fsym_list_timer                        0x0800f820   Data          12  cmd.o(FSymTab)
    __fsym___cmd_list_timer                  0x0800f82c   Data          12  cmd.o(FSymTab)
    __fsym_list_device                       0x0800f838   Data          12  cmd.o(FSymTab)
    __fsym___cmd_list_device                 0x0800f844   Data          12  cmd.o(FSymTab)
    __fsym_list                              0x0800f850   Data          12  cmd.o(FSymTab)
    __fsym___cmd_help                        0x0800f85c   Data          12  msh.o(FSymTab)
    __fsym___cmd_ps                          0x0800f868   Data          12  msh_cmd.o(FSymTab)
    __fsym___cmd_time                        0x0800f874   Data          12  msh_cmd.o(FSymTab)
    __fsym___cmd_free                        0x0800f880   Data          12  msh_cmd.o(FSymTab)
    __fsym___cmd_dynmem_sample               0x0800f88c   Data          12  dynmem_sample.o(FSymTab)
    __fsym___cmd_event_sample                0x0800f898   Data          12  event_sample.o(FSymTab)
    __fsym___cmd_idle_hook_sample            0x0800f8a4   Data          12  idlehook_sample.o(FSymTab)
    __fsym___cmd_interrupt_sample            0x0800f8b0   Data          12  interrupt_sample.o(FSymTab)
    __fsym___cmd_mailbox_sample              0x0800f8bc   Data          12  mailbox_sample.o(FSymTab)
    __fsym___cmd_mempool_sample              0x0800f8c8   Data          12  memp_sample.o(FSymTab)
    __fsym___cmd_msgq_sample                 0x0800f8d4   Data          12  msgq_sample.o(FSymTab)
    __fsym___cmd_mutex_sample                0x0800f8e0   Data          12  mutex_sample.o(FSymTab)
    __fsym___cmd_pri_inversion               0x0800f8ec   Data          12  priority_inversion.o(FSymTab)
    __fsym___cmd_producer_consumer           0x0800f8f8   Data          12  producer_consumer.o(FSymTab)
    __fsym___cmd_scheduler_hook              0x0800f904   Data          12  scheduler_hook.o(FSymTab)
    __fsym___cmd_semaphore_sample            0x0800f910   Data          12  semaphore_sample.o(FSymTab)
    __fsym___cmd_signal_sample               0x0800f91c   Data          12  signal_sample.o(FSymTab)
    __fsym___cmd_thread_sample               0x0800f928   Data          12  thread_sample.o(FSymTab)
    __fsym___cmd_timer_sample                0x0800f934   Data          12  timer_sample.o(FSymTab)
    __fsym___cmd_timeslice_sample            0x0800f940   Data          12  timeslice_sample.o(FSymTab)
    FSymTab$$Limit                           0x0800f94c   Number         0  timeslice_sample.o(FSymTab)
    Region$$Table$$Base                      0x0800f94c   Number         0  anon$$obj.o(Region$$Table)
    Region$$Table$$Limit                     0x0800f96c   Number         0  anon$$obj.o(Region$$Table)
    pin_irq_hdr_tab                          0x20000004   Data         192  drv_gpio.o(.data)
    uart1                                    0x200000c4   Data          68  drv_usart.o(.data)
    SystemCoreClock                          0x20000108   Data           4  system_stm32f1xx.o(.data)
    uwTick                                   0x2000010c   Data           4  stm32f1xx_hal.o(.data)
    rt_interrupt_nest                        0x2000011c   Data           1  irq.o(.data)
    rt_assert_hook                           0x20000128   Data           4  kservice.o(.data)
    rt_object_trytake_hook                   0x200001fc   Data           4  object.o(.data)
    rt_object_take_hook                      0x20000200   Data           4  object.o(.data)
    rt_object_put_hook                       0x20000204   Data           4  object.o(.data)
    rt_current_thread                        0x2000020c   Data           4  scheduler.o(.data)
    rt_current_priority                      0x20000210   Data           1  scheduler.o(.data)
    rt_thread_ready_priority_group           0x20000214   Data           4  scheduler.o(.data)
    rt_thread_defunct                        0x20000218   Data           8  scheduler.o(.data)
    rt_interrupt_from_thread                 0x20000244   Data           4  cpuport.o(.data)
    rt_interrupt_to_thread                   0x20000248   Data           4  cpuport.o(.data)
    rt_thread_switch_interrupt_flag          0x2000024c   Data           4  cpuport.o(.data)
    shell                                    0x20000254   Data           4  shell.o(.data)
    _syscall_table_begin                     0x20000258   Data           4  symbol.o(.data)
    _syscall_table_end                       0x2000025c   Data           4  symbol.o(.data)
    _sysvar_table_begin                      0x20000260   Data           4  symbol.o(.data)
    _sysvar_table_end                        0x20000264   Data           4  symbol.o(.data)
    count                                    0x200002cc   Data           8  scheduler_hook.o(.data)
    serial1                                  0x20000794   Data          84  drv_usart.o(.bss)
    rt_thread_priority_table                 0x20000a2c   Data         256  scheduler.o(.bss)
    array                                    0x20004a98   Data          20  producer_consumer.o(.bss)
    sem_lock                                 0x20004aac   Data          32  producer_consumer.o(.bss)
    sem_empty                                0x20004acc   Data          32  producer_consumer.o(.bss)
    sem_full                                 0x20004aec   Data          32  producer_consumer.o(.bss)
    Image$$RW_IRAM1$$ZI$$Limit               0x20005cc8   Number         0  anon$$obj.o ABSOLUTE
    __initial_sp                             0x20005cc8   Data           0  startup_stm32f103xe.o(STACK)



==============================================================================

Memory Map of the image

  Image Entry point : 0x08000131

  Load Region LR_IROM1 (Base: 0x08000000, Size: 0x0000fc6c, Max: 0x000c0000, ABSOLUTE, COMPRESSED[0x0000fa00])

    Execution Region ER_IROM1 (Exec base: 0x08000000, Load base: 0x08000000, Size: 0x0000f96c, Max: 0x000c0000, ABSOLUTE)

    Exec Addr    Load Addr    Size         Type   Attr      Idx    E Section Name        Object

    0x08000000   0x08000000   0x00000130   Data   RO         1346    RESET               startup_stm32f103xe.o
    0x08000130   0x08000130   0x00000000   Code   RO         2070  * .ARM.Collect$$$$00000000  mc_w.l(entry.o)
    0x08000130   0x08000130   0x00000004   Code   RO         2091    .ARM.Collect$$$$00000001  mc_w.l(entry2.o)
    0x08000134   0x08000134   0x00000004   Code   RO         2094    .ARM.Collect$$$$00000004  mc_w.l(entry5.o)
    0x08000138   0x08000138   0x00000000   Code   RO         2096    .ARM.Collect$$$$00000008  mc_w.l(entry7b.o)
    0x08000138   0x08000138   0x00000000   Code   RO         2098    .ARM.Collect$$$$0000000A  mc_w.l(entry8b.o)
    0x08000138   0x08000138   0x00000008   Code   RO         2099    .ARM.Collect$$$$0000000B  mc_w.l(entry9a.o)
    0x08000140   0x08000140   0x00000000   Code   RO         2101    .ARM.Collect$$$$0000000D  mc_w.l(entry10a.o)
    0x08000140   0x08000140   0x00000000   Code   RO         2103    .ARM.Collect$$$$0000000F  mc_w.l(entry11a.o)
    0x08000140   0x08000140   0x00000004   Code   RO         2092    .ARM.Collect$$$$00002712  mc_w.l(entry2.o)
    0x08000144   0x08000144   0x00000078   Code   RO            1    .text               main.o
    0x080001bc   0x080001bc   0x00000110   Code   RO          108    .text               code.o
    0x080002cc   0x080002cc   0x00000190   Code   RO          129    .text               board.o
    0x0800045c   0x0800045c   0x00000010   Code   RO          288    .text               stm32f1xx_it.o
    0x0800046c   0x0800046c   0x0000057c   Code   RO          315    .text               drv_gpio.o
    0x080009e8   0x080009e8   0x000004cc   Code   RO          374    .text               drv_usart.o
    0x08000eb4   0x08000eb4   0x000000f4   Code   RO          411    .text               system_stm32f1xx.o
    0x08000fa8   0x08000fa8   0x000004e8   Code   RO          478    .text               stm32f1xx_hal_gpio.o
    0x08001490   0x08001490   0x00000ee4   Code   RO          578    .text               stm32f1xx_hal_dma.o
    0x08002374   0x08002374   0x000002c4   Code   RO          602    .text               stm32f1xx_hal_cortex.o
    0x08002638   0x08002638   0x000008a8   Code   RO          726    .text               stm32f1xx_hal_rcc.o
    0x08002ee0   0x08002ee0   0x0000120a   Code   RO          912    .text               stm32f1xx_hal_uart.o
    0x080040ea   0x080040ea   0x00000002   PAD
    0x080040ec   0x080040ec   0x0000015c   Code   RO          978    .text               stm32f1xx_hal.o
    0x08004248   0x08004248   0x00000024   Code   RO         1347    .text               startup_stm32f103xe.o
    0x0800426c   0x0800426c   0x0000006c   Code   RO         1351    .text               clock.o
    0x080042d8   0x080042d8   0x000000dc   Code   RO         1365    .text               components.o
    0x080043b4   0x080043b4   0x00000530   Code   RO         1384    .text               device.o
    0x080048e4   0x080048e4   0x000001d4   Code   RO         1397    .text               idle.o
    0x08004ab8   0x08004ab8   0x00001c08   Code   RO         1416    .text               ipc.o
    0x080066c0   0x080066c0   0x0000007c   Code   RO         1434    .text               irq.o
    0x0800673c   0x0800673c   0x00000ab0   Code   RO         1449    .text               kservice.o
    0x080071ec   0x080071ec   0x000008f4   Code   RO         1469    .text               mem.o
    0x08007ae0   0x08007ae0   0x000004f0   Code   RO         1515    .text               mempool.o
    0x08007fd0   0x08007fd0   0x00000378   Code   RO         1533    .text               object.o
    0x08008348   0x08008348   0x00000308   Code   RO         1552    .text               scheduler.o
    0x08008650   0x08008650   0x000005c4   Code   RO         1573    .text               signal.o
    0x08008c14   0x08008c14   0x0000059c   Code   RO         1603    .text               timer.o
    0x080091b0   0x080091b0   0x000007f8   Code   RO         1622    .text               thread.o
    0x080099a8   0x080099a8   0x000005d4   Code   RO         1642    .text               cpuport.o
    0x08009f7c   0x08009f7c   0x000000f0   Code   RO         1658    .text               context_rvds.o
    0x0800a06c   0x0800a06c   0x00000250   Code   RO         1662    .text               pin.o
    0x0800a2bc   0x0800a2bc   0x00000530   Code   RO         1680    .text               serial.o
    0x0800a7ec   0x0800a7ec   0x000008bc   Code   RO         1693    .text               shell.o
    0x0800b0a8   0x0800b0a8   0x00000bfc   Code   RO         1734    .text               cmd.o
    0x0800bca4   0x0800bca4   0x00000368   Code   RO         1755    .text               msh.o
    0x0800c00c   0x0800c00c   0x00000022   Code   RO         1772    .text               msh_cmd.o
    0x0800c02e   0x0800c02e   0x00000002   PAD
    0x0800c030   0x0800c030   0x000000d0   Code   RO         1794    .text               dynmem_sample.o
    0x0800c100   0x0800c100   0x00000204   Code   RO         1810    .text               event_sample.o
    0x0800c304   0x0800c304   0x00000138   Code   RO         1827    .text               idlehook_sample.o
    0x0800c43c   0x0800c43c   0x000000b8   Code   RO         1844    .text               interrupt_sample.o
    0x0800c4f4   0x0800c4f4   0x00000194   Code   RO         1861    .text               mailbox_sample.o
    0x0800c688   0x0800c688   0x00000160   Code   RO         1879    .text               memp_sample.o
    0x0800c7e8   0x0800c7e8   0x0000025c   Code   RO         1897    .text               msgq_sample.o
    0x0800ca44   0x0800ca44   0x000001b0   Code   RO         1914    .text               mutex_sample.o
    0x0800cbf4   0x0800cbf4   0x00000254   Code   RO         1932    .text               priority_inversion.o
    0x0800ce48   0x0800ce48   0x000002d8   Code   RO         1949    .text               producer_consumer.o
    0x0800d120   0x0800d120   0x000000d8   Code   RO         1967    .text               scheduler_hook.o
    0x0800d1f8   0x0800d1f8   0x000001fc   Code   RO         1984    .text               semaphore_sample.o
    0x0800d3f4   0x0800d3f4   0x000000bc   Code   RO         2002    .text               signal_sample.o
    0x0800d4b0   0x0800d4b0   0x000000e8   Code   RO         2019    .text               thread_sample.o
    0x0800d598   0x0800d598   0x00000104   Code   RO         2037    .text               timer_sample.o
    0x0800d69c   0x0800d69c   0x000000b4   Code   RO         2054    .text               timeslice_sample.o
    0x0800d750   0x0800d750   0x00000024   Code   RO         2075    .text               mc_w.l(memcpya.o)
    0x0800d774   0x0800d774   0x00000024   Code   RO         2077    .text               mc_w.l(memseta.o)
    0x0800d798   0x0800d798   0x00000018   Code   RO         2079    .text               mc_w.l(strcat.o)
    0x0800d7b0   0x0800d7b0   0x0000000e   Code   RO         2081    .text               mc_w.l(strlen.o)
    0x0800d7be   0x0800d7be   0x0000001a   Code   RO         2083    .text               mc_w.l(memcmp.o)
    0x0800d7d8   0x0800d7d8   0x00000012   Code   RO         2085    .text               mc_w.l(strcpy.o)
    0x0800d7ea   0x0800d7ea   0x0000001e   Code   RO         2087    .text               mc_w.l(strncmp.o)
    0x0800d808   0x0800d808   0x00000024   Code   RO         2105    .text               mc_w.l(init.o)
    0x0800d82c   0x0800d82c   0x00000056   Code   RO         2115    .text               mc_w.l(__dczerorl2.o)
    0x0800d882   0x0800d882   0x0000000e   Code   RO         2109    i.__scatterload_copy  mc_w.l(handlers.o)
    0x0800d890   0x0800d890   0x00000002   Code   RO         2110    i.__scatterload_null  mc_w.l(handlers.o)
    0x0800d892   0x0800d892   0x0000000e   Code   RO         2111    i.__scatterload_zeroinit  mc_w.l(handlers.o)
    0x0800d8a0   0x0800d8a0   0x00000013   Data   RO          130    .constdata          board.o
    0x0800d8b3   0x0800d8b3   0x00000001   PAD
    0x0800d8b4   0x0800d8b4   0x00000968   Data   RO          316    .constdata          drv_gpio.o
    0x0800e21c   0x0800e21c   0x0000006f   Data   RO          376    .constdata          drv_usart.o
    0x0800e28b   0x0800e28b   0x00000018   Data   RO          412    .constdata          system_stm32f1xx.o
    0x0800e2a3   0x0800e2a3   0x00000014   Data   RO         1366    .constdata          components.o
    0x0800e2b7   0x0800e2b7   0x000000c9   Data   RO         1385    .constdata          device.o
    0x0800e380   0x0800e380   0x00000016   Data   RO         1399    .constdata          idle.o
    0x0800e396   0x0800e396   0x000001f7   Data   RO         1417    .constdata          ipc.o
    0x0800e58d   0x0800e58d   0x00000122   Data   RO         1451    .constdata          kservice.o
    0x0800e6af   0x0800e6af   0x00000046   Data   RO         1471    .constdata          mem.o
    0x0800e6f5   0x0800e6f5   0x0000003e   Data   RO         1516    .constdata          mempool.o
    0x0800e733   0x0800e733   0x00000080   Data   RO         1534    .constdata          object.o
    0x0800e7b3   0x0800e7b3   0x0000004e   Data   RO         1554    .constdata          scheduler.o
    0x0800e801   0x0800e801   0x00000048   Data   RO         1574    .constdata          signal.o
    0x0800e849   0x0800e849   0x0000005c   Data   RO         1604    .constdata          timer.o
    0x0800e8a5   0x0800e8a5   0x000000b9   Data   RO         1623    .constdata          thread.o
    0x0800e95e   0x0800e95e   0x00000013   Data   RO         1643    .constdata          cpuport.o
    0x0800e971   0x0800e971   0x0000007e   Data   RO         1664    .constdata          pin.o
    0x0800e9ef   0x0800e9ef   0x000000b5   Data   RO         1681    .constdata          serial.o
    0x0800eaa4   0x0800eaa4   0x0000005b   Data   RO         1695    .constdata          shell.o
    0x0800eaff   0x0800eaff   0x00000001   PAD
    0x0800eb00   0x0800eb00   0x00000050   Data   RO         1735    .constdata          cmd.o
    0x0800eb50   0x0800eb50   0x0000000e   Data   RO         1756    .constdata          msh.o
    0x0800eb5e   0x0800eb5e   0x00000002   PAD
    0x0800eb60   0x0800eb60   0x00000043   Data   RO          131    .conststring        board.o
    0x0800eba3   0x0800eba3   0x00000001   PAD
    0x0800eba4   0x0800eba4   0x0000015a   Data   RO         1418    .conststring        ipc.o
    0x0800ecfe   0x0800ecfe   0x00000002   PAD
    0x0800ed00   0x0800ed00   0x000000ed   Data   RO         1472    .conststring        mem.o
    0x0800eded   0x0800eded   0x00000003   PAD
    0x0800edf0   0x0800edf0   0x00000042   Data   RO         1624    .conststring        thread.o
    0x0800ee32   0x0800ee32   0x00000002   PAD
    0x0800ee34   0x0800ee34   0x0000015d   Data   RO         1736    .conststring        cmd.o
    0x0800ef91   0x0800ef91   0x00000025   Data   RO            2    .rodata.name        main.o
    0x0800efb6   0x0800efb6   0x0000001e   Data   RO          111    .rodata.name        code.o
    0x0800efd4   0x0800efd4   0x00000027   Data   RO         1474    .rodata.name        mem.o
    0x0800effb   0x0800effb   0x00000069   Data   RO         1665    .rodata.name        pin.o
    0x0800f064   0x0800f064   0x00000385   Data   RO         1737    .rodata.name        cmd.o
    0x0800f3e9   0x0800f3e9   0x00000021   Data   RO         1757    .rodata.name        msh.o
    0x0800f40a   0x0800f40a   0x0000007b   Data   RO         1773    .rodata.name        msh_cmd.o
    0x0800f485   0x0800f485   0x00000022   Data   RO         1795    .rodata.name        dynmem_sample.o
    0x0800f4a7   0x0800f4a7   0x00000020   Data   RO         1812    .rodata.name        event_sample.o
    0x0800f4c7   0x0800f4c7   0x00000028   Data   RO         1829    .rodata.name        idlehook_sample.o
    0x0800f4ef   0x0800f4ef   0x00000028   Data   RO         1846    .rodata.name        interrupt_sample.o
    0x0800f517   0x0800f517   0x00000024   Data   RO         1864    .rodata.name        mailbox_sample.o
    0x0800f53b   0x0800f53b   0x00000024   Data   RO         1882    .rodata.name        memp_sample.o
    0x0800f55f   0x0800f55f   0x0000001e   Data   RO         1899    .rodata.name        msgq_sample.o
    0x0800f57d   0x0800f57d   0x00000020   Data   RO         1917    .rodata.name        mutex_sample.o
    0x0800f59d   0x0800f59d   0x00000029   Data   RO         1934    .rodata.name        priority_inversion.o
    0x0800f5c6   0x0800f5c6   0x00000031   Data   RO         1952    .rodata.name        producer_consumer.o
    0x0800f5f7   0x0800f5f7   0x0000002b   Data   RO         1969    .rodata.name        scheduler_hook.o
    0x0800f622   0x0800f622   0x00000028   Data   RO         1987    .rodata.name        semaphore_sample.o
    0x0800f64a   0x0800f64a   0x00000022   Data   RO         2004    .rodata.name        signal_sample.o
    0x0800f66c   0x0800f66c   0x00000022   Data   RO         2022    .rodata.name        thread_sample.o
    0x0800f68e   0x0800f68e   0x00000020   Data   RO         2039    .rodata.name        timer_sample.o
    0x0800f6ae   0x0800f6ae   0x00000028   Data   RO         2055    .rodata.name        timeslice_sample.o
    0x0800f6d6   0x0800f6d6   0x00000002   PAD
    0x0800f6d8   0x0800f6d8   0x00000004   Data   RO         1367    .rti_fn.0           components.o
    0x0800f6dc   0x0800f6dc   0x00000004   Data   RO         1368    .rti_fn.0.end       components.o
    0x0800f6e0   0x0800f6e0   0x00000004   Data   RO          318    .rti_fn.1           drv_gpio.o
    0x0800f6e4   0x0800f6e4   0x00000004   Data   RO          378    .rti_fn.1           drv_usart.o
    0x0800f6e8   0x0800f6e8   0x00000004   Data   RO         1369    .rti_fn.1.end       components.o
    0x0800f6ec   0x0800f6ec   0x00000004   Data   RO         1697    .rti_fn.6           shell.o
    0x0800f6f0   0x0800f6f0   0x00000004   Data   RO         1370    .rti_fn.6.end       components.o
    0x0800f6f4   0x0800f6f4   0x0000000c   Data   RO            3    FSymTab             main.o
    0x0800f700   0x0800f700   0x0000000c   Data   RO          112    FSymTab             code.o
    0x0800f70c   0x0800f70c   0x0000000c   Data   RO         1475    FSymTab             mem.o
    0x0800f718   0x0800f718   0x00000024   Data   RO         1666    FSymTab             pin.o
    0x0800f73c   0x0800f73c   0x00000120   Data   RO         1738    FSymTab             cmd.o
    0x0800f85c   0x0800f85c   0x0000000c   Data   RO         1758    FSymTab             msh.o
    0x0800f868   0x0800f868   0x00000024   Data   RO         1774    FSymTab             msh_cmd.o
    0x0800f88c   0x0800f88c   0x0000000c   Data   RO         1796    FSymTab             dynmem_sample.o
    0x0800f898   0x0800f898   0x0000000c   Data   RO         1813    FSymTab             event_sample.o
    0x0800f8a4   0x0800f8a4   0x0000000c   Data   RO         1830    FSymTab             idlehook_sample.o
    0x0800f8b0   0x0800f8b0   0x0000000c   Data   RO         1847    FSymTab             interrupt_sample.o
    0x0800f8bc   0x0800f8bc   0x0000000c   Data   RO         1865    FSymTab             mailbox_sample.o
    0x0800f8c8   0x0800f8c8   0x0000000c   Data   RO         1883    FSymTab             memp_sample.o
    0x0800f8d4   0x0800f8d4   0x0000000c   Data   RO         1900    FSymTab             msgq_sample.o
    0x0800f8e0   0x0800f8e0   0x0000000c   Data   RO         1918    FSymTab             mutex_sample.o
    0x0800f8ec   0x0800f8ec   0x0000000c   Data   RO         1935    FSymTab             priority_inversion.o
    0x0800f8f8   0x0800f8f8   0x0000000c   Data   RO         1953    FSymTab             producer_consumer.o
    0x0800f904   0x0800f904   0x0000000c   Data   RO         1970    FSymTab             scheduler_hook.o
    0x0800f910   0x0800f910   0x0000000c   Data   RO         1988    FSymTab             semaphore_sample.o
    0x0800f91c   0x0800f91c   0x0000000c   Data   RO         2005    FSymTab             signal_sample.o
    0x0800f928   0x0800f928   0x0000000c   Data   RO         2023    FSymTab             thread_sample.o
    0x0800f934   0x0800f934   0x0000000c   Data   RO         2040    FSymTab             timer_sample.o
    0x0800f940   0x0800f940   0x0000000c   Data   RO         2056    FSymTab             timeslice_sample.o
    0x0800f94c   0x0800f94c   0x00000020   Data   RO         2107    Region$$Table       anon$$obj.o


    Execution Region RW_IRAM1 (Exec base: 0x20000000, Load base: 0x0800f96c, Size: 0x00005cc8, Max: 0x00018000, ABSOLUTE, COMPRESSED[0x00000094])

    Exec Addr    Load Addr    Size         Type   Attr      Idx    E Section Name        Object

    0x20000000   COMPRESSED   0x00000004   Data   RW          110    .data               code.o
    0x20000004   COMPRESSED   0x000000c0   Data   RW          317    .data               drv_gpio.o
    0x200000c4   COMPRESSED   0x00000044   Data   RW          377    .data               drv_usart.o
    0x20000108   COMPRESSED   0x00000004   Data   RW          413    .data               system_stm32f1xx.o
    0x2000010c   COMPRESSED   0x00000004   Data   RW          979    .data               stm32f1xx_hal.o
    0x20000110   COMPRESSED   0x00000004   Data   RW         1352    .data               clock.o
    0x20000114   COMPRESSED   0x00000009   Data   RW         1435    .data               irq.o
    0x2000011d   COMPRESSED   0x00000003   PAD
    0x20000120   COMPRESSED   0x0000000c   Data   RW         1452    .data               kservice.o
    0x2000012c   COMPRESSED   0x00000020   Data   RW         1473    .data               mem.o
    0x2000014c   COMPRESSED   0x00000008   Data   RW         1517    .data               mempool.o
    0x20000154   COMPRESSED   0x000000b4   Data   RW         1535    .data               object.o
    0x20000208   COMPRESSED   0x0000001c   Data   RW         1555    .data               scheduler.o
    0x20000224   COMPRESSED   0x00000004   Data   RW         1575    .data               signal.o
    0x20000228   COMPRESSED   0x00000010   Data   RW         1605    .data               timer.o
    0x20000238   COMPRESSED   0x0000000c   Data   RW         1625    .data               thread.o
    0x20000244   COMPRESSED   0x00000010   Data   RW         1644    .data               cpuport.o
    0x20000254   COMPRESSED   0x00000004   Data   RW         1696    .data               shell.o
    0x20000258   COMPRESSED   0x00000010   Data   RW         1718    .data               symbol.o
    0x20000268   COMPRESSED   0x00000008   Data   RW         1828    .data               idlehook_sample.o
    0x20000270   COMPRESSED   0x00000004   Data   RW         1845    .data               interrupt_sample.o
    0x20000274   COMPRESSED   0x00000027   Data   RW         1863    .data               mailbox_sample.o
    0x2000029b   COMPRESSED   0x00000001   PAD
    0x2000029c   COMPRESSED   0x00000008   Data   RW         1881    .data               memp_sample.o
    0x200002a4   COMPRESSED   0x00000006   Data   RW         1916    .data               mutex_sample.o
    0x200002aa   COMPRESSED   0x00000002   PAD
    0x200002ac   COMPRESSED   0x00000010   Data   RW         1933    .data               priority_inversion.o
    0x200002bc   COMPRESSED   0x00000010   Data   RW         1951    .data               producer_consumer.o
    0x200002cc   COMPRESSED   0x00000010   Data   RW         1968    .data               scheduler_hook.o
    0x200002dc   COMPRESSED   0x0000000d   Data   RW         1986    .data               semaphore_sample.o
    0x200002e9   COMPRESSED   0x00000003   PAD
    0x200002ec   COMPRESSED   0x00000004   Data   RW         2003    .data               signal_sample.o
    0x200002f0   COMPRESSED   0x00000004   Data   RW         2021    .data               thread_sample.o
    0x200002f4   COMPRESSED   0x0000000c   Data   RW         2038    .data               timer_sample.o
    0x20000300        -       0x00000494   Zero   RW          109    .bss                code.o
    0x20000794        -       0x00000054   Zero   RW          375    .bss                drv_usart.o
    0x200007e8        -       0x000001a4   Zero   RW         1398    .bss                idle.o
    0x2000098c        -       0x00000080   Zero   RW         1450    .bss                kservice.o
    0x20000a0c        -       0x00000020   Zero   RW         1470    .bss                mem.o
    0x20000a2c        -       0x00000100   Zero   RW         1553    .bss                scheduler.o
    0x20000b2c        -       0x00000044   Zero   RW         1663    .bss                pin.o
    0x20000b70        -       0x00000081   Zero   RW         1694    .bss                shell.o
    0x20000bf1   COMPRESSED   0x00000003   PAD
    0x20000bf4        -       0x00000948   Zero   RW         1811    .bss                event_sample.o
    0x2000153c        -       0x000009d8   Zero   RW         1862    .bss                mailbox_sample.o
    0x20001f14        -       0x00001100   Zero   RW         1880    .bss                memp_sample.o
    0x20003014        -       0x0000115c   Zero   RW         1898    .bss                msgq_sample.o
    0x20004170        -       0x00000928   Zero   RW         1915    .bss                mutex_sample.o
    0x20004a98        -       0x00000074   Zero   RW         1950    .bss                producer_consumer.o
    0x20004b0c        -       0x00000928   Zero   RW         1985    .bss                semaphore_sample.o
    0x20005434        -       0x00000494   Zero   RW         2020    .bss                thread_sample.o
    0x200058c8        -       0x00000400   Zero   RW         1344    STACK               startup_stm32f103xe.o


==============================================================================

Image component sizes


      Code (inc. data)   RO Data    RW Data    ZI Data      Debug   Object Name

       400         80         86          0          0     458420   board.o
       108          6          0          4          0       1408   clock.o
      3068       1334       1618          0          0      14907   cmd.o
       272        134         42          4       1172       1709   code.o
       220         42         36          0          0       2606   components.o
       240         26          0          0          0        768   context_rvds.o
      1492        718         19         16          0       3891   cpuport.o
      1328        312        201          0          0       5646   device.o
      1404         44       2412        192          0      12342   drv_gpio.o
      1228        178        115         68         84      26395   drv_usart.o
       208         92         46          0          0       1639   dynmem_sample.o
       516        264         44          0       2376       2005   event_sample.o
       468         78         22          0        420       5336   idle.o
       312        136         52          8          0       1809   idlehook_sample.o
       184         58         52          4          0       1694   interrupt_sample.o
      7176       1040        849          0          0      22247   ipc.o
       124         14          0          9          0       1836   irq.o
      2736        228        290         12        128      12224   kservice.o
       404        174         48         39       2520       2165   mailbox_sample.o
       120         38         49          0          0      19420   main.o
      2292        644        358         32         32       5435   mem.o
       352        118         48          8       4352       1941   memp_sample.o
      1264        264         62          8          0       6974   mempool.o
       604        296         42          0       4444       2093   msgq_sample.o
       872        136         59          0          0       4260   msh.o
        34          0        159          0          0       2239   msh_cmd.o
       432        178         44          6       2344       1937   mutex_sample.o
       888        186        128        180          0       8195   object.o
       592         94        267          0         68       5043   pin.o
       596        218         53         16          0       2157   priority_inversion.o
       728        290         61         16        116       2263   producer_consumer.o
       776        148         78         28        256       6505   scheduler.o
       216         82         55         16          0       1855   scheduler_hook.o
       508        264         52         13       2344       2053   semaphore_sample.o
      1328        148        181          0          0       5885   serial.o
      2236        222         95          4        129       5877   shell.o
      1476        172         72          4          0       8220   signal.o
       188         64         46          4          0       1776   signal_sample.o
        36          8        304          0       1024        884   startup_stm32f103xe.o
       348         30          0          4          0       4075   stm32f1xx_hal.o
       708         22          0          0          0      27322   stm32f1xx_hal_cortex.o
      3812         40          0          0          0       6641   stm32f1xx_hal_dma.o
      1256         42          0          0          0       3907   stm32f1xx_hal_gpio.o
      2216         94          0          0          0       5283   stm32f1xx_hal_rcc.o
      4618         46          0          0          0      15884   stm32f1xx_hal_uart.o
        16          0          0          0          0        821   stm32f1xx_it.o
         0          0          0         16          0       5109   symbol.o
       244         32         24          4          0       1697   system_stm32f1xx.o
      2040        416        251         12          0      10522   thread.o
       232         92         46          4       1172       1821   thread_sample.o
      1436        268         92         16          0       8635   timer.o
       260        128         44         12          0       1677   timer_sample.o
       180         66         52          0          0       1657   timeslice_sample.o

    ----------------------------------------------------------------------
     54796       9804       8700        768      22984     769110   Object Totals
         0          0         32          0          0          0   (incl. Generated)
         4          0         14          9          3          0   (incl. Padding)

    ----------------------------------------------------------------------

      Code (inc. data)   RO Data    RW Data    ZI Data      Debug   Library Member Name

        86          0          0          0          0          0   __dczerorl2.o
         0          0          0          0          0          0   entry.o
         0          0          0          0          0          0   entry10a.o
         0          0          0          0          0          0   entry11a.o
         8          4          0          0          0          0   entry2.o
         4          0          0          0          0          0   entry5.o
         0          0          0          0          0          0   entry7b.o
         0          0          0          0          0          0   entry8b.o
         8          4          0          0          0          0   entry9a.o
        30          0          0          0          0          0   handlers.o
        36          8          0          0          0         68   init.o
        26          0          0          0          0         80   memcmp.o
        36          0          0          0          0         68   memcpya.o
        36          0          0          0          0        108   memseta.o
        24          0          0          0          0         68   strcat.o
        18          0          0          0          0         68   strcpy.o
        14          0          0          0          0         68   strlen.o
        30          0          0          0          0         80   strncmp.o

    ----------------------------------------------------------------------
       356         16          0          0          0        608   Library Totals
         0          0          0          0          0          0   (incl. Padding)

    ----------------------------------------------------------------------

      Code (inc. data)   RO Data    RW Data    ZI Data      Debug   Library Name

       356         16          0          0          0        608   mc_w.l

    ----------------------------------------------------------------------
       356         16          0          0          0        608   Library Totals

    ----------------------------------------------------------------------

==============================================================================


      Code (inc. data)   RO Data    RW Data    ZI Data      Debug   

     55152       9820       8700        768      22984     765322   Grand Totals
     55152       9820       8700        148      22984     765322   ELF Image Totals (compressed)
     55152       9820       8700        148          0          0   ROM Totals

==============================================================================

    Total RO  Size (Code + RO Data)                63852 (  62.36kB)
    Total RW  Size (RW Data + ZI Data)             23752 (  23.20kB)
    Total ROM Size (Code + RO Data + RW Data)      64000 (  62.50kB)

==============================================================================

